02-03 17:47:39.523 13833 15229 E AndroidRuntime: 	at com.facebook.react.bridge.queue.MessageQueueThreadImpl$3.run(MessageQueueThreadImpl.java:194)
02-03 17:47:39.523 13833 15229 E AndroidRuntime: 	at java.lang.Thread.run(Thread.java:764)
02-03 17:47:39.523 13833 15229 E AndroidRuntime: Caused by: com.facebook.react.bridge.JavaJSExecutor$ProxyExecutorException: java.lang.IllegalStateException: WebSocket connection no longer valid
02-03 17:47:39.523 13833 15229 E AndroidRuntime: 	at com.facebook.react.devsupport.WebsocketJavaScriptExecutor.executeJSCall(WebsocketJavaScriptExecutor.java:188)
02-03 17:47:39.523 13833 15229 E AndroidRuntime: 	at com.facebook.react.bridge.queue.NativeRunnable.run(Native Method)
02-03 17:47:39.523 13833 15229 E AndroidRuntime: 	at android.os.Handler.handleCallback(Handler.java:790)
02-03 17:47:39.523 13833 15229 E AndroidRuntime: 	at android.os.Handler.dispatchMessage(Handler.java:99)
02-03 17:47:39.523 13833 15229 E AndroidRuntime: 	at com.facebook.react.bridge.queue.MessageQueueThreadHandler.dispatchMessage(MessageQueueThreadHandler.java:31)
02-03 17:47:39.523 13833 15229 E AndroidRuntime: 	... 3 more
02-03 17:47:39.523 13833 15229 E AndroidRuntime: Caused by: java.lang.IllegalStateException: WebSocket connection no longer valid
02-03 17:47:39.523 13833 15229 E AndroidRuntime: 	at com.facebook.react.devsupport.JSDebuggerWebSocketClient.sendMessage(JSDebuggerWebSocketClient.java:150)
02-03 17:47:39.523 13833 15229 E AndroidRuntime: 	at com.facebook.react.devsupport.JSDebuggerWebSocketClient.executeJSCall(JSDebuggerWebSocketClient.java:131)
02-03 17:47:39.523 13833 15229 E AndroidRuntime: 	at com.facebook.react.devsupport.WebsocketJavaScriptExecutor.executeJSCall(WebsocketJavaScriptExecutor.java:181)
02-03 17:47:39.523 13833 15229 E AndroidRuntime: 	... 7 more
02-03 17:47:55.666   940  1130 I chatty  : uid=1000(system) ActivityManager expire 16 lines
02-03 17:47:56.148   940   940 I chatty  : uid=1000 system_server expire 14 lines
02-03 17:47:56.196   940  1159 I chatty  : uid=1000(system) PowerManagerSer expire 16 lines
02-03 17:47:56.197   940  1157 I chatty  : uid=1000(system) android.display expire 11 lines
02-03 17:51:00.245  2889  5077 E ActivityThread: Failed to find provider info for com.google.android.gms.common.phenotype
02-03 17:53:00.099   940  1839 I chatty  : uid=1000(system) NetworkPolicy expire 15 lines
02-03 17:54:56.811   940 15622 I chatty  : uid=1000(system) Binder:940_1A expire 9 lines
02-03 17:54:57.069   940  1155 I chatty  : uid=1000(system) android.fg expire 7 lines
02-03 17:54:57.081   940 15617 I chatty  : uid=1000(system) Binder:940_15 expire 2 lines
02-03 17:54:57.319   940 15621 I chatty  : uid=1000(system) Binder:940_19 expire 5 lines
02-03 17:56:33.554   940 23936 I chatty  : uid=1000(system) Binder:940_1F expire 8 lines
02-03 17:56:33.999   940   955 I chatty  : uid=1000(system) Binder:940_2 expire 2 lines
02-03 17:56:34.096   940  3074 I chatty  : uid=1000(system) Binder:940_B expire 15 lines
02-03 17:56:34.748   940 23935 I chatty  : uid=1000(system) Binder:940_1E expire 2 lines
02-03 17:56:57.865   940  1169 I chatty  : uid=1000(system) PackageManager expire 10 lines
02-03 17:56:59.321   940 15620 I chatty  : uid=1000(system) Binder:940_18 expire 3 lines
02-03 17:56:59.327   940 15547 I chatty  : uid=1000(system) Binder:940_14 expire 4 lines
02-03 17:56:59.505   940  1132 I chatty  : uid=1000(system) android.ui expire 1 line
02-03 17:56:59.701   940  1952 I chatty  : uid=1000(system) Binder:940_5 expire 1 line
02-03 17:56:59.805   940  2130 I chatty  : uid=1000(system) Binder:940_7 expire 1 line
02-03 17:57:00.090   940  3075 I chatty  : uid=1000(system) Binder:940_C expire 2 lines
02-03 17:57:00.323   940  3073 I chatty  : uid=1000(system) Binder:940_A expire 1 line
02-03 17:57:20.603   940  2131 I chatty  : uid=1000(system) Binder:940_8 expire 5 lines
02-03 17:57:45.026   940  1699 I chatty  : uid=1000(system) InputReader expire 4 lines
02-03 17:57:45.620   940 15623 I chatty  : uid=1000(system) Binder:940_1B expire 4 lines
02-03 17:58:46.481   940  2116 I chatty  : uid=1000(system) Binder:940_6 expire 2 lines
02-03 17:59:09.763   989   989 W wificond: Failed to get NL80211_ATTR_STATUS_CODE
02-03 18:00:12.908   940   940 I chatty  : uid=1000 system_server expire 10 lines
02-03 18:00:32.695   940  1130 I chatty  : uid=1000(system) ActivityManager expire 15 lines
02-03 18:07:55.859   940  1129 I chatty  : uid=1000(system) android.bg expire 2 lines
02-03 18:10:46.818   989   989 W wificond: Failed to get NL80211_ATTR_STATUS_CODE
02-03 18:14:31.939  2984  3425 D SoundTriggerDetector: onGenericSoundTriggerDetected()GenericRecognitionEvent ::RecognitionEvent [status=0, soundModelHandle=21, captureAvailable=true, captureSession=3721, captureDelayMs=0, capturePreambleMs=0, triggerInData=false, sampleRate=16000, encoding=2, channelMask=16, data=0]
02-03 18:17:43.824   940 15624 I chatty  : uid=1000(system) Binder:940_1C expire 3 lines
02-03 18:18:09.678   940  1159 I chatty  : uid=1000(system) PowerManagerSer expire 9 lines
02-03 18:18:09.919  2889  5077 E ActivityThread: Failed to find provider info for com.google.android.gms.common.phenotype
02-03 18:21:47.659   940 15546 I chatty  : uid=1000(system) Binder:940_13 expire 1 line
02-03 18:21:47.870   940  1951 I chatty  : uid=1000(system) Binder:940_4 expire 1 line
02-03 18:21:47.909   940  3078 I chatty  : uid=1000(system) Binder:940_D expire 5 lines
02-03 18:21:49.030   989   989 W wificond: Failed to get NL80211_ATTR_STATUS_CODE
02-03 18:21:52.357   940  8291 I chatty  : uid=1000(system) Binder:940_11 expire 1 line
02-03 18:21:53.371   940  1130 I chatty  : uid=1000(system) ActivityManager expire 1 line
02-03 18:22:04.393   940  4063 I chatty  : uid=1000(system) Binder:940_10 expire 3 lines
02-03 18:22:04.807   940   940 I chatty  : uid=1000 system_server expire 9 lines
02-03 18:22:06.848   940 15545 I chatty  : uid=1000(system) Binder:940_12 expire 1 line
02-03 18:22:21.894   940  3020 I chatty  : uid=1000(system) Binder:940_9 expire 4 lines
02-03 18:22:22.377   940  1159 I chatty  : uid=1000(system) PowerManagerSer expire 13 lines
02-03 18:22:22.929   940  2116 I chatty  : uid=1000(system) Binder:940_6 expire 5 lines
02-03 18:22:23.418   940   940 I chatty  : uid=1000 system_server expire 12 lines
02-03 18:22:33.469   940  1699 I chatty  : uid=1000(system) InputReader expire 3 lines
02-03 18:22:33.594   940  3074 I chatty  : uid=1000(system) Binder:940_B expire 1 line
02-03 18:22:33.597   940 15623 I chatty  : uid=1000(system) Binder:940_1B expire 14 lines
02-03 18:22:33.605   940  3073 I chatty  : uid=1000(system) Binder:940_A expire 8 lines
02-03 18:22:33.614   940 15547 I chatty  : uid=1000(system) Binder:940_14 expire 12 lines
02-03 18:22:33.760   940  1157 I chatty  : uid=1000(system) android.display expire 8 lines
02-03 18:22:33.933   940  1155 I chatty  : uid=1000(system) android.fg expire 7 lines
02-03 18:22:33.952   940  1130 I chatty  : uid=1000(system) ActivityManager expire 7 lines
02-03 18:22:34.030   940  2131 I chatty  : uid=1000(system) Binder:940_8 expire 1 line
02-03 18:24:23.800   940  1147 I chatty  : uid=1000(system) batterystats-wo expire 2 lines
02-03 18:24:23.834 21631 21709 E AndroidRuntime: FATAL EXCEPTION: mqt_native_modules
02-03 18:24:23.834 21631 21709 E AndroidRuntime: Process: com.ui, PID: 21631
02-03 18:24:23.834 21631 21709 E AndroidRuntime: com.facebook.react.common.JavascriptException: Hot loading isn't working because it cannot connect to the development server.
02-03 18:24:23.834 21631 21709 E AndroidRuntime: 
02-03 18:24:23.834 21631 21709 E AndroidRuntime: Try the following to fix the issue:
02-03 18:24:23.834 21631 21709 E AndroidRuntime: - Ensure that the packager server is running and available on the same network
02-03 18:24:23.834 21631 21709 E AndroidRuntime: - Ensure that your device/emulator is connected to your machine and has USB debugging enabled - run 'adb devices' to see a list of connected devices
02-03 18:24:23.834 21631 21709 E AndroidRuntime: - If you're on a physical device connected to the same machine, run 'adb reverse tcp:8081 tcp:8081' to forward requests from your device
02-03 18:24:23.834 21631 21709 E AndroidRuntime: - If your device is on the same Wi-Fi network, set 'Debug server host & port for device' in 'Dev settings' to your machine's IP address and the port of the local dev server - e.g. 10.0.1.1:8081
02-03 18:24:23.834 21631 21709 E AndroidRuntime: 
02-03 18:24:23.834 21631 21709 E AndroidRuntime: URL: localhost:8081
02-03 18:24:23.834 21631 21709 E AndroidRuntime: 
02-03 18:24:23.834 21631 21709 E AndroidRuntime: Error: null, stack:
02-03 18:24:23.834 21631 21709 E AndroidRuntime: onerror@18116:24
02-03 18:24:23.834 21631 21709 E AndroidRuntime: dispatchEvent@15752:43
02-03 18:24:23.834 21631 21709 E AndroidRuntime: <unknown>@17001:31
02-03 18:24:23.834 21631 21709 E AndroidRuntime: emit@16310:42
02-03 18:24:23.834 21631 21709 E AndroidRuntime: __callFunction@2361:49
02-03 18:24:23.834 21631 21709 E AndroidRuntime: <unknown>@2131:31
02-03 18:24:23.834 21631 21709 E AndroidRuntime: __guardSafe@2323:13
02-03 18:24:23.834 21631 21709 E AndroidRuntime: callFunctionReturnFlushedQueue@2130:21
02-03 18:24:23.834 21631 21709 E AndroidRuntime: 
02-03 18:24:23.834 21631 21709 E AndroidRuntime: 	at com.facebook.react.modules.core.ExceptionsManagerModule.showOrThrowError(ExceptionsManagerModule.java:56)
02-03 18:24:23.834 21631 21709 E AndroidRuntime: 	at com.facebook.react.modules.core.ExceptionsManagerModule.reportFatalException(ExceptionsManagerModule.java:40)
02-03 18:24:23.834 21631 21709 E AndroidRuntime: 	at java.lang.reflect.Method.invoke(Native Method)
02-03 18:24:23.834 21631 21709 E AndroidRuntime: 	at com.facebook.react.bridge.JavaMethodWrapper.invoke(JavaMethodWrapper.java:374)
02-03 18:24:23.834 21631 21709 E AndroidRuntime: 	at com.facebook.react.bridge.JavaModuleWrapper.invoke(JavaModuleWrapper.java:162)
02-03 18:24:23.834 21631 21709 E AndroidRuntime: 	at com.facebook.react.bridge.queue.NativeRunnable.run(Native Method)
02-03 18:24:23.834 21631 21709 E AndroidRuntime: 	at android.os.Handler.handleCallback(Handler.java:790)
02-03 18:24:23.834 21631 21709 E AndroidRuntime: 	at android.os.Handler.dispatchMessage(Handler.java:99)
02-03 18:24:23.834 21631 21709 E AndroidRuntime: 	at com.facebook.react.bridge.queue.MessageQueueThreadHandler.dispatchMessage(MessageQueueThreadHandler.java:31)
02-03 18:24:23.834 21631 21709 E AndroidRuntime: 	at android.os.Looper.loop(Looper.java:164)
02-03 18:24:23.834 21631 21709 E AndroidRuntime: 	at com.facebook.react.bridge.queue.MessageQueueThreadImpl$3.run(MessageQueueThreadImpl.java:194)
02-03 18:24:23.834 21631 21709 E AndroidRuntime: 	at java.lang.Thread.run(Thread.java:764)
02-03 18:24:23.834 21631 21676 E AndroidRuntime: FATAL EXCEPTION: mqt_native_modules
02-03 18:24:23.834 21631 21676 E AndroidRuntime: Process: com.ui, PID: 21631
02-03 18:24:23.834 21631 21676 E AndroidRuntime: com.facebook.react.common.JavascriptException: Hot loading isn't working because it cannot connect to the development server.
02-03 18:24:23.834 21631 21676 E AndroidRuntime: 
02-03 18:24:23.834 21631 21676 E AndroidRuntime: Try the following to fix the issue:
02-03 18:24:23.834 21631 21676 E AndroidRuntime: - Ensure that the packager server is running and available on the same network
02-03 18:24:23.834 21631 21676 E AndroidRuntime: - Ensure that your device/emulator is connected to your machine and has USB debugging enabled - run 'adb devices' to see a list of connected devices
02-03 18:24:23.834 21631 21676 E AndroidRuntime: - If you're on a physical device connected to the same machine, run 'adb reverse tcp:8081 tcp:8081' to forward requests from your device
02-03 18:24:23.834 21631 21676 E AndroidRuntime: - If your device is on the same Wi-Fi network, set 'Debug server host & port for device' in 'Dev settings' to your machine's IP address and the port of the local dev server - e.g. 10.0.1.1:8081
02-03 18:24:23.834 21631 21676 E AndroidRuntime: 
02-03 18:24:23.834 21631 21676 E AndroidRuntime: URL: localhost:8081
02-03 18:24:23.834 21631 21676 E AndroidRuntime: 
02-03 18:24:23.834 21631 21676 E AndroidRuntime: Error: null, stack:
02-03 18:24:23.834 21631 21676 E AndroidRuntime: onerror@18116:24
02-03 18:24:23.834 21631 21676 E AndroidRuntime: dispatchEvent@15752:43
02-03 18:24:23.834 21631 21676 E AndroidRuntime: <unknown>@17001:31
02-03 18:24:23.834 21631 21676 E AndroidRuntime: emit@16310:42
02-03 18:24:23.834 21631 21676 E AndroidRuntime: __callFunction@2361:49
02-03 18:24:23.834 21631 21676 E AndroidRuntime: <unknown>@2131:31
02-03 18:24:23.834 21631 21676 E AndroidRuntime: __guardSafe@2323:13
02-03 18:24:23.834 21631 21676 E AndroidRuntime: callFunctionReturnFlushedQueue@2130:21
02-03 18:24:23.834 21631 21676 E AndroidRuntime: 
02-03 18:24:23.834 21631 21676 E AndroidRuntime: 	at com.facebook.react.modules.core.ExceptionsManagerModule.showOrThrowError(ExceptionsManagerModule.java:56)
02-03 18:24:23.834 21631 21676 E AndroidRuntime: 	at com.facebook.react.modules.core.ExceptionsManagerModule.reportFatalException(ExceptionsManagerModule.java:40)
02-03 18:24:23.834 21631 21676 E AndroidRuntime: 	at java.lang.reflect.Method.invoke(Native Method)
02-03 18:24:23.834 21631 21676 E AndroidRuntime: 	at com.facebook.react.bridge.JavaMethodWrapper.invoke(JavaMethodWrapper.java:374)
02-03 18:24:23.834 21631 21676 E AndroidRuntime: 	at com.facebook.react.bridge.JavaModuleWrapper.invoke(JavaModuleWrapper.java:162)
02-03 18:24:23.834 21631 21676 E AndroidRuntime: 	at com.facebook.react.bridge.queue.NativeRunnable.run(Native Method)
02-03 18:24:23.834 21631 21676 E AndroidRuntime: 	at android.os.Handler.handleCallback(Handler.java:790)
02-03 18:24:23.834 21631 21676 E AndroidRuntime: 	at android.os.Handler.dispatchMessage(Handler.java:99)
02-03 18:24:23.834 21631 21676 E AndroidRuntime: 	at com.facebook.react.bridge.queue.MessageQueueThreadHandler.dispatchMessage(MessageQueueThreadHandler.java:31)
02-03 18:24:23.834 21631 21676 E AndroidRuntime: 	at android.os.Looper.loop(Looper.java:164)
02-03 18:24:23.834 21631 21676 E AndroidRuntime: 	at com.facebook.react.bridge.queue.MessageQueueThreadImpl$3.run(MessageQueueThreadImpl.java:194)
02-03 18:24:23.834 21631 21676 E AndroidRuntime: 	at java.lang.Thread.run(Thread.java:764)
02-03 18:24:23.834 21631 21722 E AndroidRuntime: FATAL EXCEPTION: mqt_native_modules
02-03 18:24:23.834 21631 21722 E AndroidRuntime: Process: com.ui, PID: 21631
02-03 18:24:23.834 21631 21722 E AndroidRuntime: com.facebook.react.common.JavascriptException: Hot loading isn't working because it cannot connect to the development server.
02-03 18:24:23.834 21631 21722 E AndroidRuntime: 
02-03 18:24:23.834 21631 21722 E AndroidRuntime: Try the following to fix the issue:
02-03 18:24:23.834 21631 21722 E AndroidRuntime: - Ensure that the packager server is running and available on the same network
02-03 18:24:23.834 21631 21722 E AndroidRuntime: - Ensure that your device/emulator is connected to your machine and has USB debugging enabled - run 'adb devices' to see a list of connected devices
02-03 18:24:23.834 21631 21722 E AndroidRuntime: - If you're on a physical device connected to the same machine, run 'adb reverse tcp:8081 tcp:8081' to forward requests from your device
02-03 18:24:23.834 21631 21722 E AndroidRuntime: - If your device is on the same Wi-Fi network, set 'Debug server host & port for device' in 'Dev settings' to your machine's IP address and the port of the local dev server - e.g. 10.0.1.1:8081
02-03 18:24:23.834 21631 21722 E AndroidRuntime: 
02-03 18:24:23.834 21631 21722 E AndroidRuntime: URL: localhost:8081
02-03 18:24:23.834 21631 21722 E AndroidRuntime: 
02-03 18:24:23.834 21631 21722 E AndroidRuntime: Error: null, stack:
02-03 18:24:23.834 21631 21722 E AndroidRuntime: onerror@18116:24
02-03 18:24:23.834 21631 21722 E AndroidRuntime: dispatchEvent@15752:43
02-03 18:24:23.834 21631 21722 E AndroidRuntime: <unknown>@17001:31
02-03 18:24:23.834 21631 21722 E AndroidRuntime: emit@16310:42
02-03 18:24:23.834 21631 21722 E AndroidRuntime: __callFunction@2361:49
02-03 18:24:23.834 21631 21722 E AndroidRuntime: <unknown>@2131:31
02-03 18:24:23.834 21631 21722 E AndroidRuntime: __guardSafe@2323:13
02-03 18:24:23.834 21631 21722 E AndroidRuntime: callFunctionReturnFlushedQueue@2130:21
02-03 18:24:23.834 21631 21722 E AndroidRuntime: 
02-03 18:24:23.834 21631 21722 E AndroidRuntime: 	at com.facebook.react.modules.core.ExceptionsManagerModule.showOrThrowError(ExceptionsManagerModule.java:56)
02-03 18:24:23.834 21631 21722 E AndroidRuntime: 	at com.facebook.react.modules.core.ExceptionsManagerModule.reportFatalException(ExceptionsManagerModule.java:40)
02-03 18:24:23.834 21631 21722 E AndroidRuntime: 	at java.lang.reflect.Method.invoke(Native Method)
02-03 18:24:23.834 21631 21722 E AndroidRuntime: 	at com.facebook.react.bridge.JavaMethodWrapper.invoke(JavaMethodWrapper.java:374)
02-03 18:24:23.834 21631 21722 E AndroidRuntime: 	at com.facebook.react.bridge.JavaModuleWrapper.invoke(JavaModuleWrapper.java:162)
02-03 18:24:23.834 21631 21722 E AndroidRuntime: 	at com.facebook.react.bridge.queue.NativeRunnable.run(Native Method)
02-03 18:24:23.834 21631 21722 E AndroidRuntime: 	at android.os.Handler.handleCallback(Handler.java:790)
02-03 18:24:23.834 21631 21722 E AndroidRuntime: 	at android.os.Handler.dispatchMessage(Handler.java:99)
02-03 18:24:23.834 21631 21722 E AndroidRuntime: 	at com.facebook.react.bridge.queue.MessageQueueThreadHandler.dispatchMessage(MessageQueueThreadHandler.java:31)
02-03 18:24:23.834 21631 21722 E AndroidRuntime: 	at android.os.Looper.loop(Looper.java:164)
02-03 18:24:23.834 21631 21722 E AndroidRuntime: 	at com.facebook.react.bridge.queue.MessageQueueThreadImpl$3.run(MessageQueueThreadImpl.java:194)
02-03 18:24:23.834 21631 21722 E AndroidRuntime: 	at java.lang.Thread.run(Thread.java:764)
02-03 18:24:23.835 21631 21686 E AndroidRuntime: FATAL EXCEPTION: mqt_native_modules
02-03 18:24:23.835 21631 21686 E AndroidRuntime: Process: com.ui, PID: 21631
02-03 18:24:23.835 21631 21686 E AndroidRuntime: com.facebook.react.common.JavascriptException: Hot loading isn't working because it cannot connect to the development server.
02-03 18:24:23.835 21631 21686 E AndroidRuntime: 
02-03 18:24:23.835 21631 21686 E AndroidRuntime: Try the following to fix the issue:
02-03 18:24:23.835 21631 21686 E AndroidRuntime: - Ensure that the packager server is running and available on the same network
02-03 18:24:23.835 21631 21686 E AndroidRuntime: - Ensure that your device/emulator is connected to your machine and has USB debugging enabled - run 'adb devices' to see a list of connected devices
02-03 18:24:23.835 21631 21686 E AndroidRuntime: - If you're on a physical device connected to the same machine, run 'adb reverse tcp:8081 tcp:8081' to forward requests from your device
02-03 18:24:23.835 21631 21686 E AndroidRuntime: - If your device is on the same Wi-Fi network, set 'Debug server host & port for device' in 'Dev settings' to your machine's IP address and the port of the local dev server - e.g. 10.0.1.1:8081
02-03 18:24:23.835 21631 21686 E AndroidRuntime: 
02-03 18:24:23.835 21631 21686 E AndroidRuntime: URL: localhost:8081
02-03 18:24:23.835 21631 21686 E AndroidRuntime: 
02-03 18:24:23.835 21631 21686 E AndroidRuntime: Error: null, stack:
02-03 18:24:23.835 21631 21686 E AndroidRuntime: onerror@18116:24
02-03 18:24:23.835 21631 21686 E AndroidRuntime: dispatchEvent@15752:43
02-03 18:24:23.835 21631 21686 E AndroidRuntime: <unknown>@17001:31
02-03 18:24:23.835 21631 21686 E AndroidRuntime: emit@16310:42
02-03 18:24:23.835 21631 21686 E AndroidRuntime: __callFunction@2361:49
02-03 18:24:23.835 21631 21686 E AndroidRuntime: <unknown>@2131:31
02-03 18:24:23.835 21631 21686 E AndroidRuntime: __guardSafe@2323:13
02-03 18:24:23.835 21631 21686 E AndroidRuntime: callFunctionReturnFlushedQueue@2130:21
02-03 18:24:23.835 21631 21686 E AndroidRuntime: 
02-03 18:24:23.835 21631 21686 E AndroidRuntime: 	at com.facebook.react.modules.core.ExceptionsManagerModule.showOrThrowError(ExceptionsManagerModule.java:56)
02-03 18:24:23.835 21631 21686 E AndroidRuntime: 	at com.facebook.react.modules.core.ExceptionsManagerModule.reportFatalException(ExceptionsManagerModule.java:40)
02-03 18:24:23.835 21631 21686 E AndroidRuntime: 	at java.lang.reflect.Method.invoke(Native Method)
02-03 18:24:23.835 21631 21686 E AndroidRuntime: 	at com.facebook.react.bridge.JavaMethodWrapper.invoke(JavaMethodWrapper.java:374)
02-03 18:24:23.835 21631 21686 E AndroidRuntime: 	at com.facebook.react.bridge.JavaModuleWrapper.invoke(JavaModuleWrapper.java:162)
02-03 18:24:23.835 21631 21686 E AndroidRuntime: 	at com.facebook.react.bridge.queue.NativeRunnable.run(Native Method)
02-03 18:24:23.835 21631 21686 E AndroidRuntime: 	at android.os.Handler.handleCallback(Handler.java:790)
02-03 18:24:23.835 21631 21686 E AndroidRuntime: 	at android.os.Handler.dispatchMessage(Handler.java:99)
02-03 18:24:23.835 21631 21686 E AndroidRuntime: 	at com.facebook.react.bridge.queue.MessageQueueThreadHandler.dispatchMessage(MessageQueueThreadHandler.java:31)
02-03 18:24:23.835 21631 21686 E AndroidRuntime: 	at android.os.Looper.loop(Looper.java:164)
02-03 18:24:23.835 21631 21686 E AndroidRuntime: 	at com.facebook.react.bridge.queue.MessageQueueThreadImpl$3.run(MessageQueueThreadImpl.java:194)
02-03 18:24:23.835 21631 21686 E AndroidRuntime: 	at java.lang.Thread.run(Thread.java:764)
02-03 18:24:23.858   940 15624 I chatty  : uid=1000(system) Binder:940_1C expire 2 lines
02-03 18:24:23.897   940 15620 I chatty  : uid=1000(system) Binder:940_18 expire 1 line
02-03 18:24:23.980   940  1696 I chatty  : uid=1000(system) HwBinder:940_3 expire 1 line
02-03 18:24:29.246   940  1951 I chatty  : uid=1000(system) Binder:940_4 expire 4 lines
02-03 18:24:29.898   989   989 W wificond: Failed to get NL80211_ATTR_STATUS_CODE
02-03 18:24:32.751   940  1952 I chatty  : uid=1000(system) Binder:940_5 expire 2 lines
02-03 18:24:32.872   940   955 I chatty  : uid=1000(system) Binder:940_2 expire 2 lines
02-03 18:24:37.614   989   989 W wificond: Failed to get NL80211_ATTR_STATUS_CODE
02-03 18:24:38.594   940  1698 I chatty  : uid=1000(system) InputDispatcher expire 4 lines
02-03 18:24:42.728   989   989 W wificond: Failed to get NL80211_ATTR_STATUS_CODE
02-03 18:24:43.730   940  1839 I chatty  : uid=1000(system) NetworkPolicy expire 15 lines
02-03 18:24:47.447   940  3075 I chatty  : uid=1000(system) Binder:940_C expire 5 lines
02-03 18:24:53.128   940   954 I chatty  : uid=1000(system) Binder:940_1 expire 4 lines
02-03 18:24:53.811  2984  2999 D SoundTriggerDetector: onGenericSoundTriggerDetected()GenericRecognitionEvent ::RecognitionEvent [status=0, soundModelHandle=21, captureAvailable=true, captureSession=3721, captureDelayMs=0, capturePreambleMs=0, triggerInData=false, sampleRate=16000, encoding=2, channelMask=16, data=0]
02-03 18:24:54.932   940  2178 I chatty  : uid=1000(system) BluetoothRouteM expire 1 line
02-03 18:24:54.932   940  2181 I chatty  : uid=1000(system) uteStateMachine expire 6 lines
02-03 18:24:55.490   940  2130 I chatty  : uid=1000(system) Binder:940_7 expire 1 line
02-03 18:24:56.217   940 15617 I chatty  : uid=1000(system) Binder:940_15 expire 3 lines
02-03 18:24:56.229   940 23935 I chatty  : uid=1000(system) Binder:940_1E expire 3 lines
02-03 18:24:56.794   989   989 W wificond: Failed to get NL80211_ATTR_STATUS_CODE
02-03 18:24:57.609   940  8291 I chatty  : uid=1000(system) Binder:940_11 expire 3 lines
02-03 18:24:57.649   940 23936 I chatty  : uid=1000(system) Binder:940_1F expire 1 line
02-03 18:24:59.551   940  1839 I chatty  : uid=1000(system) NetworkPolicy expire 57 lines
02-03 18:25:04.119   989   989 W wificond: Failed to get NL80211_ATTR_STATUS_CODE
02-03 18:25:04.862   940  1916 I chatty  : uid=1000(system) Binder:940_3 expire 5 lines
02-03 18:25:04.863   940 15619 I chatty  : uid=1000(system) Binder:940_17 expire 6 lines
02-03 18:25:04.867   940 23934 I chatty  : uid=1000(system) Binder:940_1D expire 1 line
02-03 18:25:04.877   940  1841 I chatty  : uid=1000(system) WifiService expire 1 line
02-03 18:25:04.880   940 15618 I chatty  : uid=1000(system) Binder:940_16 expire 1 line
02-03 18:25:04.889   940 15621 I chatty  : uid=1000(system) Binder:940_19 expire 1 line
02-03 18:25:22.683   940 23937 I chatty  : uid=1000(system) Binder:940_20 expire 2 lines
02-03 18:25:30.003   940  1159 I chatty  : uid=1000(system) PowerManagerSer expire 16 lines
02-03 18:25:30.245   940  1155 I chatty  : uid=1000(system) android.fg expire 12 lines
02-03 18:25:30.258   940  1130 I chatty  : uid=1000(system) ActivityManager expire 9 lines
02-03 18:25:30.340   940  1157 I chatty  : uid=1000(system) android.display expire 10 lines
02-03 18:25:32.454   940 15623 I chatty  : uid=1000(system) Binder:940_1B expire 2 lines
02-03 18:25:32.478   940  3075 I chatty  : uid=1000(system) Binder:940_C expire 4 lines
02-03 18:25:40.738   989   989 W wificond: Failed to get NL80211_ATTR_STATUS_CODE
02-03 18:26:35.764  2984  2999 D SoundTriggerDetector: onGenericSoundTriggerDetected()GenericRecognitionEvent ::RecognitionEvent [status=0, soundModelHandle=21, captureAvailable=true, captureSession=3721, captureDelayMs=0, capturePreambleMs=0, triggerInData=false, sampleRate=16000, encoding=2, channelMask=16, data=0]
02-03 18:26:38.695   940  8291 I chatty  : uid=1000(system) Binder:940_11 expire 5 lines
02-03 18:27:48.488   940 15547 I chatty  : uid=1000(system) Binder:940_14 expire 8 lines
02-03 18:27:51.121   940 15618 I chatty  : uid=1000(system) Binder:940_16 expire 3 lines
02-03 18:27:55.948   940 15621 I chatty  : uid=1000(system) Binder:940_19 expire 9 lines
02-03 18:28:16.901   940   940 I chatty  : uid=1000 system_server expire 10 lines
02-03 18:28:17.344   940 23936 I chatty  : uid=1000(system) Binder:940_1F expire 5 lines
02-03 18:28:17.503  2889  5077 E ActivityThread: Failed to find provider info for com.google.android.gms.common.phenotype
02-03 18:28:40.280   940  1699 I chatty  : uid=1000(system) InputReader expire 6 lines
02-03 18:28:40.576   940  1159 I chatty  : uid=1000(system) PowerManagerSer expire 23 lines
02-03 18:28:43.296 13553 13553 E SchedPolicy: set_timerslack_ns write failed: Operation not permitted
02-03 18:28:47.829   940  1847 I chatty  : uid=1000(system) ConnectivitySer expire 1 line
02-03 18:28:48.281 23553 23553 E ActivityThread: Failed to find provider info for com.tencent.mm.coolassist.debugprovider
02-03 18:28:50.389   940 15624 I chatty  : uid=1000(system) Binder:940_1C expire 6 lines
02-03 18:28:50.672   940  1147 I chatty  : uid=1000(system) batterystats-wo expire 1 line
02-03 18:28:50.672   940  1951 I chatty  : uid=1000(system) Binder:940_4 expire 4 lines
02-03 18:29:11.774   940  3078 I chatty  : uid=1000(system) Binder:940_D expire 3 lines
02-03 18:29:12.295 13553 13553 E SchedPolicy: set_timerslack_ns write failed: Operation not permitted
02-03 18:29:14.373   989   989 W wificond: Failed to get NL80211_ATTR_STATUS_CODE
02-03 18:29:15.406   940 23935 I chatty  : uid=1000(system) Binder:940_1E expire 3 lines
02-03 18:29:39.633   989   989 W wificond: Failed to get NL80211_ATTR_STATUS_CODE
02-03 18:29:42.041   989   989 E wificond: NL80211_CMD_TRIGGER_SCAN failed: Device or resource busy
02-03 18:29:42.044   989   989 W wificond: Failed to get NL80211_ATTR_STATUS_CODE
02-03 18:29:44.589   940   940 I chatty  : uid=1000 system_server expire 10 lines
02-03 18:29:44.652   940  2178 I chatty  : uid=1000(system) BluetoothRouteM expire 3 lines
02-03 18:29:44.653   940  2181 I chatty  : uid=1000(system) uteStateMachine expire 5 lines
02-03 18:29:50.111   940 23934 I chatty  : uid=1000(system) Binder:940_1D expire 1 line
02-03 18:29:50.218 13553 13553 E SchedPolicy: set_timerslack_ns write failed: Operation not permitted
02-03 18:30:06.794   940  1839 I chatty  : uid=1000(system) NetworkPolicy expire 3 lines
02-03 18:30:19.112   940  1129 I chatty  : uid=1000(system) android.bg expire 1 line
02-03 18:30:19.852   940  1159 I chatty  : uid=1000(system) PowerManagerSer expire 14 lines
02-03 18:30:20.263   940  1157 I chatty  : uid=1000(system) android.display expire 7 lines
02-03 18:30:20.410   940  1155 I chatty  : uid=1000(system) android.fg expire 7 lines
02-03 18:30:21.196 13553 13553 E SchedPolicy: set_timerslack_ns write failed: Operation not permitted
02-03 18:30:28.116  2984  3028 D SoundTriggerDetector: onGenericSoundTriggerDetected()GenericRecognitionEvent ::RecognitionEvent [status=0, soundModelHandle=21, captureAvailable=true, captureSession=3721, captureDelayMs=0, capturePreambleMs=0, triggerInData=false, sampleRate=16000, encoding=2, channelMask=16, data=0]
02-03 18:30:30.840   940 23937 I chatty  : uid=1000(system) Binder:940_20 expire 3 lines
02-03 18:31:58.528   940   940 I chatty  : uid=1000 system_server expire 6 lines
02-03 18:31:58.533   940 15617 I chatty  : uid=1000(system) Binder:940_15 expire 1 line
02-03 18:31:58.751   940  2131 I chatty  : uid=1000(system) Binder:940_8 expire 1 line
02-03 18:31:58.769 13553 13553 E SchedPolicy: set_timerslack_ns write failed: Operation not permitted
02-03 18:31:58.864   940  1159 I chatty  : uid=1000(system) PowerManagerSer expire 13 lines
02-03 18:32:03.984 13553 13553 E SchedPolicy: set_timerslack_ns write failed: Operation not permitted
02-03 18:32:05.840   940  1132 I chatty  : uid=1000(system) android.ui expire 4 lines
02-03 18:32:06.284 13553 13553 E ActivityThread: Performing stop of activity that is already stopped: {com.tencent.mm/com.tencent.mm.plugin.card.ui.CardHomePageUI}
02-03 18:32:06.284 13553 13553 E ActivityThread: java.lang.RuntimeException: Performing stop of activity that is already stopped: {com.tencent.mm/com.tencent.mm.plugin.card.ui.CardHomePageUI}
02-03 18:32:06.284 13553 13553 E ActivityThread: 	at android.app.ActivityThread.performStopActivityInner(ActivityThread.java:3996)
02-03 18:32:06.284 13553 13553 E ActivityThread: 	at android.app.ActivityThread.handleStopActivity(ActivityThread.java:4084)
02-03 18:32:06.284 13553 13553 E ActivityThread: 	at android.app.ActivityThread.-wrap24(Unknown Source:0)
02-03 18:32:06.284 13553 13553 E ActivityThread: 	at android.app.ActivityThread$H.handleMessage(ActivityThread.java:1622)
02-03 18:32:06.284 13553 13553 E ActivityThread: 	at android.os.Handler.dispatchMessage(Handler.java:106)
02-03 18:32:06.284 13553 13553 E ActivityThread: 	at android.os.Looper.loop(Looper.java:164)
02-03 18:32:06.284 13553 13553 E ActivityThread: 	at android.app.ActivityThread.main(ActivityThread.java:6494)
02-03 18:32:06.284 13553 13553 E ActivityThread: 	at java.lang.reflect.Method.invoke(Native Method)
02-03 18:32:06.284 13553 13553 E ActivityThread: 	at com.android.internal.os.RuntimeInit$MethodAndArgsCaller.run(RuntimeInit.java:438)
02-03 18:32:06.284 13553 13553 E ActivityThread: 	at com.android.internal.os.ZygoteInit.main(ZygoteInit.java:807)
02-03 18:32:06.284 13553 13553 E ActivityThread: ActivityClientRecord{paused=true, stopped=true, hideForNow=false, startsNotResumed=false, isForward=true, pendingConfigChanges=0, onlyLocalRequest=false, preserveWindow=false, Activity{resumed=false, stopped=true, finished=false, destroyed=false, startedActivity=false, temporaryPause=false, changingConfigurations=false}}
02-03 18:32:14.459   940  1696 I chatty  : uid=1000(system) HwBinder:940_3 expire 3 lines
02-03 18:32:18.142   940  1157 I chatty  : uid=1000(system) android.display expire 6 lines
02-03 18:32:18.188   940  1159 I chatty  : uid=1000(system) PowerManagerSer expire 8 lines
02-03 18:32:18.193   940  1155 I chatty  : uid=1000(system) android.fg expire 6 lines
02-03 18:32:18.196   940 23936 I chatty  : uid=1000(system) Binder:940_1F expire 7 lines
02-03 18:32:18.213   940   940 I chatty  : uid=1000 system_server expire 12 lines
02-03 18:32:19.188   940  1132 I chatty  : uid=1000(system) android.ui expire 2 lines
02-03 18:32:19.224 13553 13553 E SchedPolicy: set_timerslack_ns write failed: Operation not permitted
02-03 18:32:21.828   940  1951 I chatty  : uid=1000(system) Binder:940_4 expire 10 lines
02-03 18:32:26.684   940 23937 I chatty  : uid=1000(system) Binder:940_20 expire 10 lines
02-03 18:32:26.990   940 15619 I chatty  : uid=1000(system) Binder:940_17 expire 4 lines
02-03 18:32:28.151   940  1698 I chatty  : uid=1000(system) InputDispatcher expire 6 lines
02-03 18:32:29.047 13553 13553 E SchedPolicy: set_timerslack_ns write failed: Operation not permitted
02-03 18:32:29.673   940  1916 I chatty  : uid=1000(system) Binder:940_3 expire 6 lines
02-03 18:32:29.857   940 23934 I chatty  : uid=1000(system) Binder:940_1D expire 7 lines
02-03 18:32:37.069   940   940 I chatty  : uid=1000 system_server expire 10 lines
02-03 18:36:34.698 13553 13553 E SchedPolicy: set_timerslack_ns write failed: Operation not permitted
02-03 18:36:35.821 13553 13553 W ViewRootImpl[LauncherUI]: Cancelling event due to no window focus: KeyEvent { action=ACTION_UP, keyCode=KEYCODE_BACK, scanCode=0, metaState=0, flags=0x68, repeatCount=0, eventTime=84388771, downTime=84388687, deviceId=-1, source=0x101 }
02-03 18:36:35.831 13553 13553 I chatty  : uid=10124(com.tencent.mm) identical 9 lines
02-03 18:36:35.831 13553 13553 W ViewRootImpl[LauncherUI]: Cancelling event due to no window focus: KeyEvent { action=ACTION_UP, keyCode=KEYCODE_BACK, scanCode=0, metaState=0, flags=0x68, repeatCount=0, eventTime=84388771, downTime=84388687, deviceId=-1, source=0x101 }
02-03 18:36:36.588  1925  1925 V DeadZone: consuming errant click: (165.84593,12.054199)
02-03 18:36:38.671 13553 13553 E SchedPolicy: set_timerslack_ns write failed: Operation not permitted
02-03 18:36:39.195   940  1130 I chatty  : uid=1000(system) ActivityManager expire 10 lines
02-03 18:36:39.261 13553 13553 E SchedPolicy: set_timerslack_ns write failed: Operation not permitted
02-03 18:36:39.323   940  1147 I chatty  : uid=1000(system) batterystats-wo expire 4 lines
02-03 18:36:40.709 13553 13553 E SchedPolicy: set_timerslack_ns write failed: Operation not permitted
02-03 18:36:41.150 13553 13553 E SchedPolicy: set_timerslack_ns write failed: Operation not permitted
02-03 18:36:42.093 25054 25054 E ActivityThread: Failed to find provider info for com.tencent.mm.coolassist.debugprovider
02-03 18:36:43.340   940  1839 I chatty  : uid=1000(system) NetworkPolicy expire 9 lines
02-03 18:37:12.198  1925  1925 V DeadZone: consuming errant click: (665.49896,22.050781)
02-03 18:37:13.415   940 15617 I chatty  : uid=1000(system) Binder:940_15 expire 3 lines
02-03 18:37:14.010 13553 13553 E SchedPolicy: set_timerslack_ns write failed: Operation not permitted
02-03 18:37:15.134   940   954 I chatty  : uid=1000(system) Binder:940_1 expire 2 lines
02-03 18:37:15.184   940  2131 I chatty  : uid=1000(system) Binder:940_8 expire 7 lines
02-03 18:37:21.246 13553 13553 E SchedPolicy: set_timerslack_ns write failed: Operation not permitted
02-03 18:37:25.134   940 15547 I chatty  : uid=1000(system) Binder:940_14 expire 5 lines
02-03 18:37:28.434  2984  3028 D SoundTriggerDetector: onGenericSoundTriggerDetected()GenericRecognitionEvent ::RecognitionEvent [status=0, soundModelHandle=21, captureAvailable=true, captureSession=3721, captureDelayMs=0, capturePreambleMs=0, triggerInData=false, sampleRate=16000, encoding=2, channelMask=16, data=0]
02-03 18:37:32.996 13553 13553 E SchedPolicy: set_timerslack_ns write failed: Operation not permitted
02-03 18:37:41.552 25418 25418 W ContextImpl: Calling a method in the system process without a qualified user: android.app.ContextImpl.bindService:1556 android.content.ContextWrapper.bindService:684 android.content.pm.permission.RuntimePermissionPresenter$RemoteService.processMessage:171 android.content.pm.permission.RuntimePermissionPresenter.getAppPermissions:118 com.android.settingslib.applications.PermissionsSummaryHelper.getPermissionSummary:34 
02-03 18:37:51.491   940 15620 I chatty  : uid=1000(system) Binder:940_18 expire 8 lines
02-03 18:37:51.495   940  3073 I chatty  : uid=1000(system) Binder:940_A expire 3 lines
02-03 18:37:51.749   940 15623 I chatty  : uid=1000(system) Binder:940_1B expire 1 line
02-03 18:37:51.769   940  3020 I chatty  : uid=1000(system) Binder:940_9 expire 11 lines
02-03 18:37:51.769   940 15621 I chatty  : uid=1000(system) Binder:940_19 expire 8 lines
02-03 18:38:01.823 13553 13553 E SchedPolicy: set_timerslack_ns write failed: Operation not permitted
02-03 18:38:08.241   940  2116 I chatty  : uid=1000(system) Binder:940_6 expire 3 lines
02-03 18:38:21.733   940  3074 I chatty  : uid=1000(system) Binder:940_B expire 7 lines
02-03 18:38:27.990 13553 13553 E SchedPolicy: set_timerslack_ns write failed: Operation not permitted
02-03 18:38:28.379 13553 13553 E SchedPolicy: set_timerslack_ns write failed: Operation not permitted
02-03 18:38:36.638 25537 25537 E ActivityThread: Failed to find provider info for com.tencent.mm.coolassist.debugprovider
02-03 18:38:39.159  2984  3028 D SoundTriggerDetector: onGenericSoundTriggerDetected()GenericRecognitionEvent ::RecognitionEvent [status=0, soundModelHandle=21, captureAvailable=true, captureSession=3721, captureDelayMs=0, capturePreambleMs=0, triggerInData=false, sampleRate=16000, encoding=2, channelMask=16, data=0]
02-03 18:38:55.345 13553 13553 E SchedPolicy: set_timerslack_ns write failed: Operation not permitted
02-03 18:39:10.549   940  4063 I chatty  : uid=1000(system) Binder:940_10 expire 2 lines
02-03 18:39:10.880   940 15624 I chatty  : uid=1000(system) Binder:940_1C expire 6 lines
02-03 18:39:10.913   940 15545 I chatty  : uid=1000(system) Binder:940_12 expire 1 line
02-03 18:39:10.920   940  3075 I chatty  : uid=1000(system) Binder:940_C expire 1 line
02-03 18:39:37.379   940 15622 I chatty  : uid=1000(system) Binder:940_1A expire 5 lines
02-03 18:39:37.552   940 15618 I chatty  : uid=1000(system) Binder:940_16 expire 9 lines
02-03 18:39:41.960 13553 13553 E SchedPolicy: set_timerslack_ns write failed: Operation not permitted
02-03 18:39:46.786 13553 13553 E SchedPolicy: set_timerslack_ns write failed: Operation not permitted
02-03 18:39:47.169 13553 13553 E SchedPolicy: set_timerslack_ns write failed: Operation not permitted
02-03 18:39:47.671 25954 25954 E ActivityThread: Failed to find provider info for com.tencent.mm.coolassist.debugprovider
02-03 18:40:06.631 13553 13553 E SchedPolicy: set_timerslack_ns write failed: Operation not permitted
02-03 18:40:11.178 13553 13553 E SchedPolicy: set_timerslack_ns write failed: Operation not permitted
02-03 18:43:29.613   940  1129 I chatty  : uid=1000(system) android.bg expire 2 lines
02-03 18:43:29.720   940 23937 I chatty  : uid=1000(system) Binder:940_20 expire 9 lines
02-03 18:43:29.763 26242 26242 D ActivityThread: Loading provider com.whatsapp.provider.contact: com.whatsapp.contact.ContactProvider
02-03 18:49:38.377  2984  3017 D SoundTriggerDetector: onGenericSoundTriggerDetected()GenericRecognitionEvent ::RecognitionEvent [status=0, soundModelHandle=21, captureAvailable=true, captureSession=3721, captureDelayMs=0, capturePreambleMs=0, triggerInData=false, sampleRate=16000, encoding=2, channelMask=16, data=0]
02-03 18:52:31.096 12077 27464 E ActivityThread: Failed to find provider info for com.facebook.appmanager.attribution
02-03 18:52:36.473  1925  1925 V DeadZone: consuming errant click: (834.38165,5.0566406)
02-03 18:52:44.492  1925  1925 V DeadZone: consuming errant click: (814.39557,26.049316)
02-03 18:52:56.102   940  1699 I chatty  : uid=1000(system) InputReader expire 1 line
02-03 18:52:56.652   940  1130 I chatty  : uid=1000(system) ActivityManager expire 40 lines
02-03 18:52:56.733   940  1157 I chatty  : uid=1000(system) android.display expire 2 lines
02-03 18:52:56.741   940 15620 I chatty  : uid=1000(system) Binder:940_18 expire 3 lines
02-03 18:52:57.010   940  1159 I chatty  : uid=1000(system) PowerManagerSer expire 3 lines
02-03 18:52:57.014   940  2116 I chatty  : uid=1000(system) Binder:940_6 expire 5 lines
02-03 18:52:57.038   940  1952 I chatty  : uid=1000(system) Binder:940_5 expire 2 lines
02-03 18:52:57.373 13553 13553 E SchedPolicy: set_timerslack_ns write failed: Operation not permitted
02-03 18:55:29.852   940  1839 I chatty  : uid=1000(system) NetworkPolicy expire 72 lines
02-03 18:55:33.756  2984  2999 D SoundTriggerDetector: onGenericSoundTriggerDetected()GenericRecognitionEvent ::RecognitionEvent [status=0, soundModelHandle=21, captureAvailable=true, captureSession=3721, captureDelayMs=0, capturePreambleMs=0, triggerInData=false, sampleRate=16000, encoding=2, channelMask=16, data=0]
02-03 18:55:37.282   940  1169 I chatty  : uid=1000(system) PackageManager expire 27 lines
02-03 18:55:41.170   940   940 I chatty  : uid=1000 system_server expire 11 lines
02-03 18:55:41.241   940  1951 I chatty  : uid=1000(system) Binder:940_4 expire 6 lines
02-03 18:55:41.305   940 15624 I chatty  : uid=1000(system) Binder:940_1C expire 4 lines
02-03 18:55:41.351   940 23934 I chatty  : uid=1000(system) Binder:940_1D expire 2 lines
02-03 18:55:49.037   940 15621 I chatty  : uid=1000(system) Binder:940_19 expire 6 lines
02-03 18:55:49.094   940  3020 I chatty  : uid=1000(system) Binder:940_9 expire 5 lines
02-03 18:55:49.158   940 15623 I chatty  : uid=1000(system) Binder:940_1B expire 3 lines
02-03 18:55:49.246   940   954 I chatty  : uid=1000(system) Binder:940_1 expire 2 lines
02-03 18:56:07.510   940  3074 I chatty  : uid=1000(system) Binder:940_B expire 2 lines
02-03 18:56:07.513   940 23936 I chatty  : uid=1000(system) Binder:940_1F expire 6 lines
02-03 18:56:07.626   940 15622 I chatty  : uid=1000(system) Binder:940_1A expire 2 lines
02-03 18:56:07.924   940  2130 I chatty  : uid=1000(system) Binder:940_7 expire 3 lines
02-03 18:56:07.992   940 23936 I chatty  : uid=1000(system) Binder:940_1F expire 11 lines
02-03 18:56:07.992   940   955 I chatty  : uid=1000(system) Binder:940_2 expire 11 lines
02-03 18:56:10.589   940  1839 I chatty  : uid=1000(system) NetworkPolicy expire 18 lines
02-03 18:56:10.672   940   940 I chatty  : uid=1000 system_server expire 5 lines
02-03 18:56:11.073   940 15546 I chatty  : uid=1000(system) Binder:940_13 expire 9 lines
02-03 18:56:11.597   940  1130 I chatty  : uid=1000(system) ActivityManager expire 16 lines
02-03 18:56:11.976   940 15618 I chatty  : uid=1000(system) Binder:940_16 expire 7 lines
02-03 18:56:12.053   940 15617 I chatty  : uid=1000(system) Binder:940_15 expire 1 line
02-03 18:56:12.089   940  1951 I chatty  : uid=1000(system) Binder:940_4 expire 3 lines
02-03 18:56:12.537   940  2116 I chatty  : uid=1000(system) Binder:940_6 expire 5 lines
02-03 18:56:12.719   940  1159 I chatty  : uid=1000(system) PowerManagerSer expire 14 lines
02-03 18:56:12.720   940  1157 I chatty  : uid=1000(system) android.display expire 4 lines
02-03 18:56:12.792   940 15623 I chatty  : uid=1000(system) Binder:940_1B expire 4 lines
02-03 18:56:13.380   940  4063 I chatty  : uid=1000(system) Binder:940_10 expire 5 lines
02-03 18:56:13.782   940  1169 I chatty  : uid=1000(system) PackageManager expire 10 lines
02-03 18:56:14.337   940  1952 I chatty  : uid=1000(system) Binder:940_5 expire 2 lines
02-03 18:56:14.778 29039 29055 W ContextImpl: Calling a method in the system process without a qualified user: android.app.ContextImpl.bindService:1556 android.content.ContextWrapper.bindService:684 com.google.android.gms.common.stats.zza.zza:17 com.google.android.gms.common.internal.zzah.zzcr:22 com.google.android.gms.common.internal.zzag.zza:55 
02-03 18:56:14.874 29039 29055 W ContextImpl: Calling a method in the system process without a qualified user: android.app.ContextImpl.bindService:1556 android.content.ContextWrapper.bindService:684 com.google.android.gms.common.stats.zza.zza:17 com.google.android.gms.common.internal.zzah.zzcr:22 com.google.android.gms.common.internal.zzag.zza:55 
02-03 18:56:15.233   940 15624 I chatty  : uid=1000(system) Binder:940_1C expire 1 line
02-03 18:56:15.568   940 15622 I chatty  : uid=1000(system) Binder:940_1A expire 1 line
02-03 18:56:15.595   940 23937 I chatty  : uid=1000(system) Binder:940_20 expire 3 lines
02-03 18:56:15.821   940  1699 I chatty  : uid=1000(system) InputReader expire 2 lines
02-03 18:56:16.040   940  4059 I chatty  : uid=1000(system) Binder:940_F expire 3 lines
02-03 18:56:16.052   940  1155 I chatty  : uid=1000(system) android.fg expire 4 lines
02-03 18:56:16.110   940  1916 I chatty  : uid=1000(system) Binder:940_3 expire 5 lines
02-03 18:56:17.650   940 15547 I chatty  : uid=1000(system) Binder:940_14 expire 3 lines
02-03 18:56:17.714   940  2131 I chatty  : uid=1000(system) Binder:940_8 expire 4 lines
02-03 18:56:19.811   940  3075 I chatty  : uid=1000(system) Binder:940_C expire 1 line
02-03 18:56:21.459  2889  5077 E ActivityThread: Failed to find provider info for com.google.android.gms.common.phenotype
02-03 18:56:21.893   940  1839 I chatty  : uid=1000(system) NetworkPolicy expire 39 lines
02-03 18:56:23.210   940 23934 I chatty  : uid=1000(system) Binder:940_1D expire 1 line
02-03 18:56:24.592   940 23936 I chatty  : uid=1000(system) Binder:940_1F expire 1 line
02-03 18:56:25.015   940   954 I chatty  : uid=1000(system) Binder:940_1 expire 3 lines
02-03 18:56:35.222   940   955 I chatty  : uid=1000(system) Binder:940_2 expire 3 lines
02-03 18:56:42.232   940  1169 I chatty  : uid=1000(system) PackageManager expire 17 lines
02-03 18:56:42.422   940  1130 I chatty  : uid=1000(system) ActivityManager expire 22 lines
02-03 18:56:42.536   940 15620 I chatty  : uid=1000(system) Binder:940_18 expire 2 lines
02-03 18:56:42.542   940   940 I chatty  : uid=1000 system_server expire 6 lines
02-03 18:56:42.606   940 23937 I chatty  : uid=1000(system) Binder:940_20 expire 2 lines
02-03 18:56:44.242   940  1839 I chatty  : uid=1000(system) NetworkPolicy expire 135 lines
02-03 18:56:46.385   940 15619 I chatty  : uid=1000(system) Binder:940_17 expire 7 lines
02-03 18:56:46.422   940 15618 I chatty  : uid=1000(system) Binder:940_16 expire 1 line
02-03 18:56:46.466   940 15622 I chatty  : uid=1000(system) Binder:940_1A expire 3 lines
02-03 18:56:59.608   940 23936 I chatty  : uid=1000(system) Binder:940_1F expire 1 line
02-03 18:57:29.647   940  2130 I chatty  : uid=1000(system) Binder:940_7 expire 2 lines
02-03 18:57:29.689   940 23934 I chatty  : uid=1000(system) Binder:940_1D expire 12 lines
02-03 18:57:38.526   940 15622 I chatty  : uid=1000(system) Binder:940_1A expire 7 lines
02-03 18:57:38.539   940  1169 I chatty  : uid=1000(system) PackageManager expire 27 lines
02-03 18:57:38.551   940  1130 I chatty  : uid=1000(system) ActivityManager expire 36 lines
02-03 18:57:38.638   940 23936 I chatty  : uid=1000(system) Binder:940_1F expire 1 line
02-03 18:57:38.677   940   955 I chatty  : uid=1000(system) Binder:940_2 expire 7 lines
02-03 18:57:38.679   940   940 I chatty  : uid=1000 system_server expire 10 lines
02-03 18:57:38.717   940 15619 I chatty  : uid=1000(system) Binder:940_17 expire 2 lines
02-03 18:57:38.734   940  3074 I chatty  : uid=1000(system) Binder:940_B expire 5 lines
02-03 18:57:39.112 13553 13553 E SchedPolicy: set_timerslack_ns write failed: Operation not permitted
02-03 18:57:40.398   940  1839 I chatty  : uid=1000(system) NetworkPolicy expire 36 lines
02-03 18:57:43.862   940  1699 I chatty  : uid=1000(system) InputReader expire 1 line
02-03 18:57:43.896   940  1159 I chatty  : uid=1000(system) PowerManagerSer expire 6 lines
02-03 18:57:43.904   940  1157 I chatty  : uid=1000(system) android.display expire 2 lines
02-03 18:57:44.085   940  1155 I chatty  : uid=1000(system) android.fg expire 3 lines
02-03 18:57:45.141  2889  5077 E ActivityThread: Failed to find provider info for com.google.android.gms.common.phenotype
02-03 18:57:48.021   940  3078 I chatty  : uid=1000(system) Binder:940_D expire 6 lines
02-03 18:57:48.307   940  2130 I chatty  : uid=1000(system) Binder:940_7 expire 1 line
02-03 18:57:49.628   940  1698 I chatty  : uid=1000(system) InputDispatcher expire 1 line
02-03 18:57:50.578 13553 13553 E SchedPolicy: set_timerslack_ns write failed: Operation not permitted
02-03 18:57:57.061   940  1952 I chatty  : uid=1000(system) Binder:940_5 expire 5 lines
02-03 18:57:58.337   940  2116 I chatty  : uid=1000(system) Binder:940_6 expire 9 lines
02-03 18:57:58.646   940  1951 I chatty  : uid=1000(system) Binder:940_4 expire 4 lines
02-03 18:58:02.182   940  8291 I chatty  : uid=1000(system) Binder:940_11 expire 1 line
02-03 18:58:02.204   940  3080 I chatty  : uid=1000(system) Binder:940_E expire 2 lines
02-03 18:58:03.108   940 15618 I chatty  : uid=1000(system) Binder:940_16 expire 1 line
02-03 18:58:03.108   940  1847 I chatty  : uid=1000(system) ConnectivitySer expire 2 lines
02-03 18:58:04.646   940 15624 I chatty  : uid=1000(system) Binder:940_1C expire 5 lines
02-03 18:58:04.976   940  1916 I chatty  : uid=1000(system) Binder:940_3 expire 5 lines
02-03 18:58:16.111   940 23936 I chatty  : uid=1000(system) Binder:940_1F expire 3 lines
02-03 18:58:16.180   940  1130 I chatty  : uid=1000(system) ActivityManager expire 18 lines
02-03 18:58:16.209   940  2130 I chatty  : uid=1000(system) Binder:940_7 expire 1 line
02-03 18:58:16.209   940 15618 I chatty  : uid=1000(system) Binder:940_16 expire 1 line
02-03 18:58:16.258   940  1952 I chatty  : uid=1000(system) Binder:940_5 expire 5 lines
02-03 18:58:17.407   940  1839 I chatty  : uid=1000(system) NetworkPolicy expire 33 lines
02-03 18:58:22.895   940  1169 I chatty  : uid=1000(system) PackageManager expire 15 lines
02-03 18:58:24.309   940  3080 I chatty  : uid=1000(system) Binder:940_E expire 9 lines
02-03 18:58:24.450   940   940 I chatty  : uid=1000 system_server expire 7 lines
02-03 18:58:24.554   940  4059 I chatty  : uid=1000(system) Binder:940_F expire 3 lines
02-03 18:58:24.589   940   955 I chatty  : uid=1000(system) Binder:940_2 expire 3 lines
