02-03 21:22:03.498   940 15546 I chatty  : uid=1000(system) Binder:940_13 expire 5 lines
02-03 21:22:03.607 22191 22191 D ActivityThread: Loading provider com.whatsapp.provider.contact: com.whatsapp.contact.ContactProvider
02-03 21:23:05.821   940 15624 I chatty  : uid=1000(system) Binder:940_1C expire 4 lines
02-03 21:23:06.747   940  8291 I chatty  : uid=1000(system) Binder:940_11 expire 2 lines
02-03 21:23:06.817   940 15617 I chatty  : uid=1000(system) Binder:940_15 expire 4 lines
02-03 21:23:10.381   940  1698 I chatty  : uid=1000(system) InputDispatcher expire 4 lines
02-03 21:23:11.908 13553 13553 E SchedPolicy: set_timerslack_ns write failed: Operation not permitted
02-03 21:23:14.993 13553 13553 E SchedPolicy: set_timerslack_ns write failed: Operation not permitted
02-03 21:23:15.775   940 15619 I chatty  : uid=1000(system) Binder:940_17 expire 2 lines
02-03 21:23:15.827   940  1839 I chatty  : uid=1000(system) NetworkPolicy expire 21 lines
02-03 21:23:16.701 22602 22602 E ActivityThread: Failed to find provider info for com.tencent.mm.coolassist.debugprovider
02-03 21:23:23.018   940  3073 I chatty  : uid=1000(system) Binder:940_A expire 2 lines
02-03 21:23:31.721   940 15618 I chatty  : uid=1000(system) Binder:940_16 expire 1 line
02-03 21:23:37.614   989   989 W wificond: Failed to get NL80211_ATTR_STATUS_CODE
02-03 21:23:48.033   940 15547 I chatty  : uid=1000(system) Binder:940_14 expire 3 lines
02-03 21:23:51.447   940  1839 I chatty  : uid=1000(system) NetworkPolicy expire 40 lines
02-03 21:23:59.280   940  1849 I chatty  : uid=1000(system) NsdService expire 11 lines
02-03 21:24:13.731   940  1916 I chatty  : uid=1000(system) Binder:940_3 expire 2 lines
02-03 21:24:26.638   940  1839 I chatty  : uid=1000(system) NetworkPolicy expire 11 lines
02-03 21:24:28.441   940 15620 I chatty  : uid=1000(system) Binder:940_18 expire 2 lines
02-03 21:24:30.814   940  1698 I chatty  : uid=1000(system) InputDispatcher expire 1 line
02-03 21:24:30.836   940  1849 I chatty  : uid=1000(system) NsdService expire 2 lines
02-03 21:24:31.492   940 15547 I chatty  : uid=1000(system) Binder:940_14 expire 2 lines
02-03 21:24:31.619   940 15621 I chatty  : uid=1000(system) Binder:940_19 expire 11 lines
02-03 21:24:31.636   940 15617 I chatty  : uid=1000(system) Binder:940_15 expire 11 lines
02-03 21:24:31.647   940  1157 I chatty  : uid=1000(system) android.display expire 17 lines
02-03 21:24:31.734   940  1147 I chatty  : uid=1000(system) batterystats-wo expire 2 lines
02-03 21:24:32.676   940  1130 I chatty  : uid=1000(system) ActivityManager expire 8 lines
02-03 21:24:33.474   940  3074 I chatty  : uid=1000(system) Binder:940_B expire 5 lines
02-03 21:24:42.057   940  1699 I chatty  : uid=1000(system) InputReader expire 1 line
02-03 21:24:42.107   940   940 I chatty  : uid=1000 system_server expire 16 lines
02-03 21:24:42.361   940  1159 I chatty  : uid=1000(system) PowerManagerSer expire 10 lines
02-03 21:24:42.534   940  1155 I chatty  : uid=1000(system) android.fg expire 4 lines
02-03 21:25:39.362  2889  5077 E ActivityThread: Failed to find provider info for com.google.android.gms.common.phenotype
02-03 21:28:32.502   940  1129 I chatty  : uid=1000(system) android.bg expire 2 lines
02-03 21:30:46.912   940 15624 I chatty  : uid=1000(system) Binder:940_1C expire 4 lines
02-03 21:30:49.048   940 15622 I chatty  : uid=1000(system) Binder:940_1A expire 13 lines
02-03 21:32:02.991   989   989 W wificond: Failed to get NL80211_ATTR_STATUS_CODE
02-03 21:33:25.063   940  1159 I chatty  : uid=1000(system) PowerManagerSer expire 24 lines
02-03 21:34:27.254  2984  2999 D SoundTriggerDetector: onGenericSoundTriggerDetected()GenericRecognitionEvent ::RecognitionEvent [status=0, soundModelHandle=23, captureAvailable=true, captureSession=3961, captureDelayMs=0, capturePreambleMs=0, triggerInData=false, sampleRate=16000, encoding=2, channelMask=16, data=0]
02-03 21:35:22.732  2889  5077 E ActivityThread: Failed to find provider info for com.google.android.gms.common.phenotype
02-03 21:35:56.179   940  3075 I chatty  : uid=1000(system) Binder:940_C expire 4 lines
02-03 21:37:03.754  2984  3028 D SoundTriggerDetector: onGenericSoundTriggerDetected()GenericRecognitionEvent ::RecognitionEvent [status=0, soundModelHandle=23, captureAvailable=true, captureSession=3961, captureDelayMs=0, capturePreambleMs=0, triggerInData=false, sampleRate=16000, encoding=2, channelMask=16, data=0]
02-03 21:37:08.713   940  2116 I chatty  : uid=1000(system) Binder:940_6 expire 1 line
02-03 21:37:30.170   940  3080 I chatty  : uid=1000(system) Binder:940_E expire 4 lines
02-03 21:39:07.920   940 15546 I chatty  : uid=1000(system) Binder:940_13 expire 2 lines
02-03 21:42:05.092   940  3020 I chatty  : uid=1000(system) Binder:940_9 expire 6 lines
02-03 21:42:08.602   940   955 I chatty  : uid=1000(system) Binder:940_2 expire 2 lines
02-03 21:42:09.200   989   989 W wificond: Failed to get NL80211_ATTR_STATUS_CODE
02-03 21:45:07.753   940  1159 I chatty  : uid=1000(system) PowerManagerSer expire 25 lines
02-03 21:45:07.755   940  1157 I chatty  : uid=1000(system) android.display expire 11 lines
02-03 21:46:28.029   940   940 I chatty  : uid=1000 system_server expire 10 lines
02-03 21:46:29.811   940 23936 I chatty  : uid=1000(system) Binder:940_1F expire 2 lines
02-03 21:50:21.628   940  4059 I chatty  : uid=1000(system) Binder:940_F expire 2 lines
02-03 21:50:58.106   940   954 I chatty  : uid=1000(system) Binder:940_1 expire 3 lines
02-03 21:51:56.431   989   989 W wificond: Failed to get NL80211_ATTR_STATUS_CODE
02-03 21:52:00.129   940   940 I chatty  : uid=1000 system_server expire 3 lines
02-03 21:53:38.754   940  1688 I chatty  : uid=1000(system) AlarmManager expire 1 line
02-03 21:54:53.699   940   940 I chatty  : uid=1000 system_server expire 16 lines
02-03 21:54:55.432   940  1952 I chatty  : uid=1000(system) Binder:940_5 expire 5 lines
02-03 21:57:00.584   940  1129 I chatty  : uid=1000(system) android.bg expire 12 lines
02-03 21:57:00.801 25983 25983 D ActivityThread: Loading provider com.google.android.gm.sapi: com.google.android.gm.sapi.SapiUiProvider
02-03 21:57:00.814 25983 26006 D ActivityThread: Loading provider com.google.android.gmail.provider;com.android.mail.notifier;com.google.android.gm.email.provider;com.google.android.gm.tasks.provider;com.google.android.gm.email.notifier: com.android.email.provider.EmailProvider
02-03 21:57:00.914   940 15624 I chatty  : uid=1000(system) Binder:940_1C expire 10 lines
02-03 21:57:00.963   940 15623 I chatty  : uid=1000(system) Binder:940_1B expire 3 lines
02-03 21:57:01.854   940   954 I chatty  : uid=1000(system) Binder:940_1 expire 6 lines
02-03 21:57:04.979   940 15622 I chatty  : uid=1000(system) Binder:940_1A expire 6 lines
02-03 21:57:38.784   940  1130 I chatty  : uid=1000(system) ActivityManager expire 12 lines
02-03 21:57:49.954   940 15545 I chatty  : uid=1000(system) Binder:940_12 expire 7 lines
02-03 22:00:02.130   940  3080 I chatty  : uid=1000(system) Binder:940_E expire 3 lines
02-03 22:00:05.238   940 15617 I chatty  : uid=1000(system) Binder:940_15 expire 11 lines
02-03 22:00:05.349   940  2116 I chatty  : uid=1000(system) Binder:940_6 expire 3 lines
02-03 22:00:05.365   940 23935 I chatty  : uid=1000(system) Binder:940_1E expire 2 lines
02-03 22:00:54.279   989   989 W wificond: Failed to get NL80211_ATTR_STATUS_CODE
02-03 22:07:28.189   940   940 I chatty  : uid=1000 system_server expire 11 lines
02-03 22:07:29.933   940  1847 I chatty  : uid=1000(system) ConnectivitySer expire 13 lines
02-03 22:07:48.969 13553 13553 E SchedPolicy: set_timerslack_ns write failed: Operation not permitted
02-03 22:07:51.737 13553 13553 I chatty  : uid=10124(com.tencent.mm) identical 1 line
02-03 22:07:52.196 13553 13553 E SchedPolicy: set_timerslack_ns write failed: Operation not permitted
02-03 22:12:42.256   989   989 W wificond: Failed to get NL80211_ATTR_STATUS_CODE
02-03 22:15:38.845  2889  5077 E ActivityThread: Failed to find provider info for com.google.android.gms.common.phenotype
02-03 22:15:38.965  2889  5077 E ActivityThread: Failed to find provider info for com.google.android.gms.common.phenotype
02-03 22:21:53.206   940  1839 I chatty  : uid=1000(system) NetworkPolicy expire 3 lines
02-03 22:21:53.217   940  3020 I chatty  : uid=1000(system) Binder:940_9 expire 1 line
02-03 22:21:53.408 27590 27590 D ActivityThread: Loading provider com.whatsapp.provider.contact: com.whatsapp.contact.ContactProvider
02-03 22:23:35.263   940  1169 I chatty  : uid=1000(system) PackageManager expire 9 lines
02-03 22:23:37.415   940  4059 I chatty  : uid=1000(system) Binder:940_F expire 2 lines
02-03 22:23:37.576   940 15624 I chatty  : uid=1000(system) Binder:940_1C expire 1 line
02-03 22:23:37.623   940  1916 I chatty  : uid=1000(system) Binder:940_3 expire 11 lines
02-03 22:23:37.856   940 15619 I chatty  : uid=1000(system) Binder:940_17 expire 7 lines
02-03 22:23:39.013 13553 13553 E SchedPolicy: set_timerslack_ns write failed: Operation not permitted
02-03 22:26:25.304   989   989 W wificond: Failed to get NL80211_ATTR_STATUS_CODE
02-03 22:26:54.393   940  1130 I chatty  : uid=1000(system) ActivityManager expire 10 lines
02-03 22:26:54.511   940  1157 I chatty  : uid=1000(system) android.display expire 3 lines
02-03 22:26:54.676   940  1132 I chatty  : uid=1000(system) android.ui expire 1 line
02-03 22:26:55.193 13553 13553 E SchedPolicy: set_timerslack_ns write failed: Operation not permitted
02-03 22:26:55.278   940  3074 I chatty  : uid=1000(system) Binder:940_B expire 2 lines
02-03 22:26:55.561   940 15547 I chatty  : uid=1000(system) Binder:940_14 expire 2 lines
02-03 22:30:54.225   940 23937 I chatty  : uid=1000(system) Binder:940_20 expire 3 lines
02-03 22:31:11.035   940  1698 I chatty  : uid=1000(system) InputDispatcher expire 1 line
02-03 22:31:11.981 13553 13553 E SchedPolicy: set_timerslack_ns write failed: Operation not permitted
02-03 22:31:23.180   940  3078 I chatty  : uid=1000(system) Binder:940_D expire 5 lines
02-03 22:31:26.677  1925  1925 V DeadZone: consuming errant click: (906.3317,45.042725)
02-03 22:31:34.264   940  3073 I chatty  : uid=1000(system) Binder:940_A expire 5 lines
02-03 22:31:43.467   940  1130 I chatty  : uid=1000(system) ActivityManager expire 5 lines
02-03 22:31:44.953   940 15621 I chatty  : uid=1000(system) Binder:940_19 expire 1 line
02-03 22:32:13.730 14381 29044 E ActivityThread: Failed to find provider info for com.facebook.mlite.sso.MessengerLoggedInUserProvider
02-03 22:32:15.901   940  1147 I chatty  : uid=1000(system) batterystats-wo expire 1 line
02-03 22:32:18.151   940   940 I chatty  : uid=1000 system_server expire 4 lines
02-03 22:32:58.372   940  1699 I chatty  : uid=1000(system) InputReader expire 1 line
02-03 22:32:58.795   940  1159 I chatty  : uid=1000(system) PowerManagerSer expire 6 lines
02-03 22:32:58.987   940  1155 I chatty  : uid=1000(system) android.fg expire 1 line
02-03 22:32:59.091   940  1916 I chatty  : uid=1000(system) Binder:940_3 expire 2 lines
02-03 22:33:00.227   940 15618 I chatty  : uid=1000(system) Binder:940_16 expire 1 line
02-03 22:34:47.502   989   989 W wificond: Failed to get NL80211_ATTR_STATUS_CODE
02-03 22:35:38.973   940  1129 I chatty  : uid=1000(system) android.bg expire 4 lines
02-03 22:35:42.589  2889  5077 E ActivityThread: Failed to find provider info for com.google.android.gms.common.phenotype
02-03 22:37:06.064   940  1847 I chatty  : uid=1000(system) ConnectivitySer expire 9 lines
02-03 22:39:00.010   940  1688 I chatty  : uid=1000(system) AlarmManager expire 1 line
02-03 22:40:33.009   940  1130 I chatty  : uid=1000(system) ActivityManager expire 17 lines
02-03 22:40:37.911   940   940 I chatty  : uid=1000 system_server expire 12 lines
02-03 22:40:37.926   940 23935 I chatty  : uid=1000(system) Binder:940_1E expire 1 line
02-03 22:40:37.988   940  1159 I chatty  : uid=1000(system) PowerManagerSer expire 7 lines
02-03 22:40:38.253   940  1157 I chatty  : uid=1000(system) android.display expire 5 lines
02-03 22:40:38.410   940 15621 I chatty  : uid=1000(system) Binder:940_19 expire 7 lines
02-03 22:40:38.916   940  1155 I chatty  : uid=1000(system) android.fg expire 8 lines
02-03 22:40:38.922   940 15547 I chatty  : uid=1000(system) Binder:940_14 expire 3 lines
02-03 22:40:39.012   940 23937 I chatty  : uid=1000(system) Binder:940_20 expire 4 lines
02-03 22:40:39.926   940   955 I chatty  : uid=1000(system) Binder:940_2 expire 21 lines
02-03 22:40:40.346   940  1698 I chatty  : uid=1000(system) InputDispatcher expire 2 lines
02-03 22:44:46.131   940  1129 I chatty  : uid=1000(system) android.bg expire 6 lines
02-03 22:45:42.487   940  3075 I chatty  : uid=1000(system) Binder:940_C expire 1 line
02-03 22:45:45.964   940  1169 I chatty  : uid=1000(system) PackageManager expire 16 lines
02-03 22:45:46.407   940  1952 I chatty  : uid=1000(system) Binder:940_5 expire 3 lines
02-03 22:45:46.438   940 15618 I chatty  : uid=1000(system) Binder:940_16 expire 5 lines
02-03 22:45:58.602   940 15545 I chatty  : uid=1000(system) Binder:940_12 expire 8 lines
02-03 22:45:58.655   940  1916 I chatty  : uid=1000(system) Binder:940_3 expire 5 lines
02-03 22:45:58.893   940   954 I chatty  : uid=1000(system) Binder:940_1 expire 3 lines
02-03 22:46:29.253   940 15546 I chatty  : uid=1000(system) Binder:940_13 expire 1 line
02-03 22:46:29.257   940 15624 I chatty  : uid=1000(system) Binder:940_1C expire 4 lines
02-03 22:46:29.493   940  1132 I chatty  : uid=1000(system) android.ui expire 1 line
02-03 22:46:29.797   940  2116 I chatty  : uid=1000(system) Binder:940_6 expire 3 lines
02-03 22:46:30.121   940 15617 I chatty  : uid=1000(system) Binder:940_15 expire 5 lines
02-03 22:47:30.865   989   989 W wificond: Failed to get NL80211_ATTR_STATUS_CODE
02-03 22:49:47.139   940  1130 I chatty  : uid=1000(system) ActivityManager expire 16 lines
02-03 22:50:19.945   940  4059 I chatty  : uid=1000(system) Binder:940_F expire 2 lines
02-03 22:52:38.889   940  1839 I chatty  : uid=1000(system) NetworkPolicy expire 3 lines
02-03 22:54:49.167   940 11799 I chatty  : uid=1000(system) HwBinder:940_4 expire 4 lines
02-03 22:54:50.773   940  1147 I chatty  : uid=1000(system) batterystats-wo expire 1 line
02-03 22:56:28.303   989   989 W wificond: Failed to get NL80211_ATTR_STATUS_CODE
02-03 22:56:38.370   940  3073 I chatty  : uid=1000(system) Binder:940_A expire 1 line
02-03 22:56:44.345   940   940 I chatty  : uid=1000 system_server expire 31 lines
02-03 22:56:44.350   940  2181 I chatty  : uid=1000(system) uteStateMachine expire 8 lines
02-03 22:56:44.350   940  2183 I chatty  : uid=1000(system) CallAudioModeSt expire 9 lines
02-03 22:56:44.467  2098  2098 I Telephony: TelephonyConnectionService: onCreateOutgoingConnection, request: ConnectionRequest xxxxxxxxxxxxxxxxxx Bundle[mParcelledData.dataSize=840]: (SBC.oSC)->CS.crCo->H.CS.crCo->H.CS.crCo.pICR@E-H2k
02-03 22:56:44.608   940   955 I chatty  : uid=1000(system) Binder:940_2 expire 9 lines
02-03 22:56:44.609   940  1130 I chatty  : uid=1000(system) ActivityManager expire 13 lines
02-03 22:56:44.611   940  2181 I chatty  : uid=1000(system) uteStateMachine expire 11 lines
02-03 22:56:44.613  2098  2098 I Telephony: TelephonyConnectionService: notifyCreateConnectionComplete TC@11_1: (...->CSW.hCCC)->CS.crCoC->H.CS.crCoC@E-E-E-H2k
02-03 22:56:44.624   940 15624 I chatty  : uid=1000(system) Binder:940_1C expire 19 lines
02-03 22:56:45.043   940  4059 I chatty  : uid=1000(system) Binder:940_F expire 1 line
02-03 22:56:45.086  2984  3028 D SoundTriggerDetector: onRecognitionPaused()
02-03 22:56:45.406   940  1157 I chatty  : uid=1000(system) android.display expire 5 lines
02-03 22:56:46.232   940 15621 I chatty  : uid=1000(system) Binder:940_19 expire 4 lines
02-03 22:56:53.377   940  1147 I chatty  : uid=1000(system) batterystats-wo expire 8 lines
02-03 22:56:55.748   940   940 I chatty  : uid=1000 system_server expire 9 lines
02-03 22:57:00.961   940 15545 I chatty  : uid=1000(system) Binder:940_12 expire 22 lines
02-03 22:57:03.058   940 23935 I chatty  : uid=1000(system) Binder:940_1E expire 4 lines
02-03 22:57:04.633   940  2178 I chatty  : uid=1000(system) BluetoothRouteM expire 2 lines
02-03 22:57:04.637  2984  3028 D SoundTriggerDetector: onRecognitionResumed()
02-03 22:57:04.645   940 15624 I chatty  : uid=1000(system) Binder:940_1C expire 16 lines
02-03 22:57:05.433   989   989 W wificond: Failed to get NL80211_ATTR_STATUS_CODE
02-03 22:57:09.725   940  1699 I chatty  : uid=1000(system) InputReader expire 1 line
02-03 22:57:10.062   940  1159 I chatty  : uid=1000(system) PowerManagerSer expire 8 lines
02-03 22:57:10.229   940 15547 I chatty  : uid=1000(system) Binder:940_14 expire 1 line
02-03 22:57:10.237   940 23936 I chatty  : uid=1000(system) Binder:940_1F expire 1 line
02-03 22:57:10.237   940 15617 I chatty  : uid=1000(system) Binder:940_15 expire 11 lines
02-03 22:57:10.237   940  3080 I chatty  : uid=1000(system) Binder:940_E expire 1 line
02-03 22:57:10.244   940 23937 I chatty  : uid=1000(system) Binder:940_20 expire 8 lines
02-03 22:57:10.288   940  1155 I chatty  : uid=1000(system) android.fg expire 4 lines
02-03 22:57:11.632   940  1129 I chatty  : uid=1000(system) android.bg expire 4 lines
02-03 22:57:11.649   940  1847 I chatty  : uid=1000(system) ConnectivitySer expire 10 lines
02-03 22:57:33.189   940 11799 I chatty  : uid=1000(system) HwBinder:940_4 expire 1 line
02-03 22:59:50.695   940  1839 I chatty  : uid=1000(system) NetworkPolicy expire 9 lines
02-03 22:59:50.751   989   989 I wificond: Pno scan started
02-03 22:59:51.287   940  1130 I chatty  : uid=1000(system) ActivityManager expire 3 lines
02-03 22:59:51.629   989   989 I wificond: Pno scan stopped
02-03 22:59:52.964   940 15618 I chatty  : uid=1000(system) Binder:940_16 expire 2 lines
02-03 22:59:54.106   940 15546 I chatty  : uid=1000(system) Binder:940_13 expire 8 lines
02-03 22:59:54.120   940 15545 I chatty  : uid=1000(system) Binder:940_12 expire 3 lines
02-03 22:59:54.649   940  3073 I chatty  : uid=1000(system) Binder:940_A expire 3 lines
02-03 22:59:56.510   940 15624 I chatty  : uid=1000(system) Binder:940_1C expire 3 lines
02-03 22:59:56.676   940  3074 I chatty  : uid=1000(system) Binder:940_B expire 6 lines
02-03 22:59:56.855   989   989 I wificond: Pno scan started
02-03 22:59:56.888   989   989 I wificond: Pno scan stopped
02-03 22:59:56.942  1119  1213 W ContextImpl: Calling a method in the system process without a qualified user: android.app.ContextImpl.bindService:1556 android.content.ContextWrapper.bindService:684 com.google.android.gms.common.stats.zza.zza:17 com.google.android.gms.common.internal.zzah.zzcr:22 com.google.android.gms.common.internal.zzag.zza:55 
02-03 22:59:56.996   940 15623 I chatty  : uid=1000(system) Binder:940_1B expire 3 lines
02-03 22:59:57.024  1119  1213 W ContextImpl: Calling a method in the system process without a qualified user: android.app.ContextImpl.bindService:1556 android.content.ContextWrapper.bindService:684 com.google.android.gms.common.stats.zza.zza:17 com.google.android.gms.common.internal.zzah.zzcr:22 com.google.android.gms.common.internal.zzag.zza:55 
02-03 22:59:57.202   940  2116 I chatty  : uid=1000(system) Binder:940_6 expire 4 lines
02-03 23:00:01.992   989   989 I wificond: Pno scan started
02-03 23:00:02.009   989   989 I wificond: Pno scan stopped
02-03 23:00:07.276   989   989 I wificond: Pno scan started
02-03 23:00:07.291   989   989 I wificond: Pno scan stopped
02-03 23:00:07.432   940  3078 I chatty  : uid=1000(system) Binder:940_D expire 3 lines
02-03 23:00:07.553   940 15617 I chatty  : uid=1000(system) Binder:940_15 expire 3 lines
02-03 23:00:12.470   989   989 I wificond: Pno scan started
02-03 23:00:12.513   989   989 I wificond: Pno scan stopped
02-03 23:00:18.002   989   989 I wificond: Pno scan started
02-03 23:00:18.034   989   989 I wificond: Pno scan stopped
02-03 23:00:23.251   989   989 I wificond: Pno scan started
02-03 23:00:23.267   989   989 I wificond: Pno scan stopped
02-03 23:00:27.534   940 15620 I chatty  : uid=1000(system) Binder:940_18 expire 1 line
02-03 23:00:28.436   989   989 I wificond: Pno scan started
02-03 23:00:28.449   989   989 I wificond: Pno scan stopped
02-03 23:00:33.850   989   989 I wificond: Pno scan started
02-03 23:00:33.885   989   989 I wificond: Pno scan stopped
02-03 23:00:39.177   989   989 I wificond: Pno scan started
02-03 23:00:39.214   989   989 I wificond: Pno scan stopped
02-03 23:00:44.557   989   989 I wificond: Pno scan started
02-03 23:00:44.578   989   989 I wificond: Pno scan stopped
02-03 23:00:49.721   989   989 I wificond: Pno scan started
02-03 23:00:49.760   989   989 I wificond: Pno scan stopped
02-03 23:00:55.172   989   989 I wificond: Pno scan started
02-03 23:00:55.193   989   989 I wificond: Pno scan stopped
02-03 23:01:00.231   989   989 I wificond: Pno scan started
02-03 23:01:00.256   989   989 I wificond: Pno scan stopped
02-03 23:01:05.430   989   989 I wificond: Pno scan started
02-03 23:01:05.440   989   989 I wificond: Pno scan stopped
02-03 23:01:10.876   989   989 I wificond: Pno scan started
02-03 23:01:10.900   989   989 I wificond: Pno scan stopped
02-03 23:01:16.671   989   989 I wificond: Pno scan started
02-03 23:01:16.693   989   989 I wificond: Pno scan stopped
02-03 23:01:21.947   989   989 I wificond: Pno scan started
02-03 23:01:21.968   989   989 I wificond: Pno scan stopped
02-03 23:01:27.374   989   989 I wificond: Pno scan started
02-03 23:01:27.394   989   989 I wificond: Pno scan stopped
02-03 23:01:33.055   989   989 I wificond: Pno scan started
02-03 23:01:33.072   989   989 I wificond: Pno scan stopped
02-03 23:01:38.534   989   989 I wificond: Pno scan started
02-03 23:01:38.555   989   989 I wificond: Pno scan stopped
02-03 23:01:44.175   989   989 I wificond: Pno scan started
02-03 23:01:44.208   989   989 I wificond: Pno scan stopped
02-03 23:01:49.901   989   989 I wificond: Pno scan started
02-03 23:01:49.928   989   989 I wificond: Pno scan stopped
02-03 23:01:55.101   989   989 I wificond: Pno scan started
02-03 23:01:55.136   989   989 I wificond: Pno scan stopped
02-03 23:02:00.919   989   989 I wificond: Pno scan started
02-03 23:02:00.943   989   989 I wificond: Pno scan stopped
02-03 23:02:06.586   989   989 I wificond: Pno scan started
02-03 23:02:06.607   989   989 I wificond: Pno scan stopped
02-03 23:02:12.113   989   989 I wificond: Pno scan started
02-03 23:02:36.794   989   989 I wificond: Pno scan stopped
02-03 23:02:36.847   940  1916 I chatty  : uid=1000(system) Binder:940_3 expire 5 lines
02-03 23:02:41.799   989   989 I wificond: Pno scan started
02-03 23:04:40.380   989   989 I wificond: Pno scan stopped
02-03 23:04:46.796   989   989 I wificond: Pno scan started
02-03 23:04:53.298  2984  3028 D SoundTriggerDetector: onGenericSoundTriggerDetected()GenericRecognitionEvent ::RecognitionEvent [status=0, soundModelHandle=24, captureAvailable=true, captureSession=4745, captureDelayMs=0, capturePreambleMs=0, triggerInData=false, sampleRate=16000, encoding=2, channelMask=16, data=0]
02-03 23:06:41.807   989   989 I wificond: Pno scan stopped
02-03 23:06:42.525   989   989 W wificond: Scan is not started. Ignore abort request
02-03 23:06:42.561   940 15546 I chatty  : uid=1000(system) Binder:940_13 expire 11 lines
02-03 23:06:42.577   940  1130 I chatty  : uid=1000(system) ActivityManager expire 12 lines
02-03 23:06:42.609   940  1842 I chatty  : uid=1000(system) WifiStateMachin expire 2 lines
02-03 23:06:42.610   940  1847 I chatty  : uid=1000(system) ConnectivitySer expire 15 lines
02-03 23:06:42.626   940   940 I chatty  : uid=1000 system_server expire 12 lines
02-03 23:06:43.299   940  3074 I chatty  : uid=1000(system) Binder:940_B expire 7 lines
02-03 23:07:19.811   989   989 I wificond: Pno scan started
02-03 23:07:19.823   940  1839 I chatty  : uid=1000(system) NetworkPolicy expire 21 lines
02-03 23:07:47.244   940 15623 I chatty  : uid=1000(system) Binder:940_1B expire 2 lines
02-03 23:07:47.401   940 23935 I chatty  : uid=1000(system) Binder:940_1E expire 8 lines
02-03 23:07:47.698 14381  2246 E ActivityThread: Failed to find provider info for com.facebook.mlite.sso.MessengerLoggedInUserProvider
02-03 23:08:41.836   989   989 I wificond: Pno scan stopped
02-03 23:08:42.405   989   989 W wificond: Scan is not started. Ignore abort request
02-03 23:08:43.708   940 15620 I chatty  : uid=1000(system) Binder:940_18 expire 9 lines
02-03 23:08:53.932   940  2116 I chatty  : uid=1000(system) Binder:940_6 expire 10 lines
02-03 23:08:53.932   940  3078 I chatty  : uid=1000(system) Binder:940_D expire 1 line
02-03 23:08:53.933   940   954 I chatty  : uid=1000(system) Binder:940_1 expire 1 line
02-03 23:08:53.934   940 23937 I chatty  : uid=1000(system) Binder:940_20 expire 7 lines
02-03 23:08:53.934   940  3075 I chatty  : uid=1000(system) Binder:940_C expire 11 lines
02-03 23:08:53.935   940  8291 I chatty  : uid=1000(system) Binder:940_11 expire 1 line
02-03 23:08:53.935   940  2130 I chatty  : uid=1000(system) Binder:940_7 expire 5 lines
02-03 23:08:53.977   940 15545 I chatty  : uid=1000(system) Binder:940_12 expire 4 lines
02-03 23:08:58.275   989   989 W wificond: Failed to get NL80211_ATTR_STATUS_CODE
02-03 23:09:13.971   989   989 W wificond: Failed to get NL80211_ATTR_STATUS_CODE
02-03 23:09:17.713   989   989 W wificond: Failed to get NL80211_ATTR_STATUS_CODE
02-03 23:09:23.811   940  1847 I chatty  : uid=1000(system) ConnectivitySer expire 4 lines
02-03 23:10:35.910   940  1159 I chatty  : uid=1000(system) PowerManagerSer expire 9 lines
02-03 23:10:35.913   940  1157 I chatty  : uid=1000(system) android.display expire 5 lines
02-03 23:11:07.428   940  1695 I chatty  : uid=1000(system) HwBinder:940_2 expire 3 lines
02-03 23:11:07.487   940  1155 I chatty  : uid=1000(system) android.fg expire 5 lines
02-03 23:11:08.345   940  1129 I chatty  : uid=1000(system) android.bg expire 3 lines
02-03 23:11:08.542  2889  5077 E ActivityThread: Failed to find provider info for com.google.android.gms.common.phenotype
02-03 23:11:08.967   940  3080 I chatty  : uid=1000(system) Binder:940_E expire 7 lines
02-03 23:11:10.282  2889  5077 E ActivityThread: Failed to find provider info for com.google.android.gms.common.phenotype
02-03 23:11:30.766   940  1169 I chatty  : uid=1000(system) PackageManager expire 13 lines
02-03 23:11:32.870   940 15622 I chatty  : uid=1000(system) Binder:940_1A expire 11 lines
02-03 23:12:48.524   940  3020 I chatty  : uid=1000(system) Binder:940_9 expire 10 lines
02-03 23:12:48.838 13553 13553 E SchedPolicy: set_timerslack_ns write failed: Operation not permitted
02-03 23:12:51.376 13553 13553 E SchedPolicy: set_timerslack_ns write failed: Operation not permitted
02-03 23:12:51.779 13553 13553 E SchedPolicy: set_timerslack_ns write failed: Operation not permitted
02-03 23:12:55.449 13553 13553 E SchedPolicy: set_timerslack_ns write failed: Operation not permitted
02-03 23:12:59.928  3575  3575 E ActivityThread: Failed to find provider info for com.tencent.mm.coolassist.debugprovider
02-03 23:14:10.058  2889  5077 E ActivityThread: Failed to find provider info for com.google.android.gms.common.phenotype
02-03 23:15:46.093   940  1130 I chatty  : uid=1000(system) ActivityManager expire 16 lines
02-03 23:17:09.968   940  1688 I chatty  : uid=1000(system) AlarmManager expire 1 line
02-03 23:17:10.076   940 15618 I chatty  : uid=1000(system) Binder:940_16 expire 3 lines
02-03 23:17:32.516   940  4059 I chatty  : uid=1000(system) Binder:940_F expire 2 lines
02-03 23:17:32.937   940  4063 I chatty  : uid=1000(system) Binder:940_10 expire 4 lines
02-03 23:17:55.015   940  1147 I chatty  : uid=1000(system) batterystats-wo expire 1 line
02-03 23:21:53.434  5003  5003 D ActivityThread: Loading provider com.whatsapp.provider.contact: com.whatsapp.contact.ContactProvider
02-03 23:21:53.878   940  1839 I chatty  : uid=1000(system) NetworkPolicy expire 3 lines
02-03 23:22:14.787   940   940 I chatty  : uid=1000 system_server expire 4 lines
02-03 23:25:20.174   940  1132 I chatty  : uid=1000(system) android.ui expire 1 line
02-03 23:25:20.544   940 23936 I chatty  : uid=1000(system) Binder:940_1F expire 2 lines
02-03 23:25:20.617   940 15619 I chatty  : uid=1000(system) Binder:940_17 expire 6 lines
02-03 23:25:20.734   940  1130 I chatty  : uid=1000(system) ActivityManager expire 10 lines
02-03 23:25:20.751   940 23936 I chatty  : uid=1000(system) Binder:940_1F expire 3 lines
02-03 23:25:20.940   940   940 I chatty  : uid=1000 system_server expire 16 lines
02-03 23:25:20.958   940 15546 I chatty  : uid=1000(system) Binder:940_13 expire 11 lines
02-03 23:27:18.640   940 15620 I chatty  : uid=1000(system) Binder:940_18 expire 4 lines
02-03 23:27:36.434   940 23935 I chatty  : uid=1000(system) Binder:940_1E expire 6 lines
02-03 23:28:12.881   940  1129 I chatty  : uid=1000(system) android.bg expire 7 lines
02-03 23:29:19.992   940  2116 I chatty  : uid=1000(system) Binder:940_6 expire 2 lines
02-03 23:29:20.328   940  2178 I chatty  : uid=1000(system) BluetoothRouteM expire 4 lines
02-03 23:29:20.329   940  2181 I chatty  : uid=1000(system) uteStateMachine expire 11 lines
02-03 23:29:20.418   940 23937 I chatty  : uid=1000(system) Binder:940_20 expire 5 lines
02-03 23:29:22.980   940   954 I chatty  : uid=1000(system) Binder:940_1 expire 7 lines
02-03 23:29:32.769   940  1847 I chatty  : uid=1000(system) ConnectivitySer expire 3 lines
02-03 23:30:08.849   940  1156 I chatty  : uid=1000(system) android.io expire 10 lines
02-03 23:30:09.807  1925  1925 V DeadZone: consuming errant click: (610.5371,25.049805)
02-03 23:30:10.001   940  1698 I chatty  : uid=1000(system) InputDispatcher expire 2 lines
02-03 23:30:10.391   940  1952 I chatty  : uid=1000(system) Binder:940_5 expire 1 line
02-03 23:30:10.391   940   955 I chatty  : uid=1000(system) Binder:940_2 expire 5 lines
02-03 23:30:10.394   940 15545 I chatty  : uid=1000(system) Binder:940_12 expire 14 lines
02-03 23:30:10.454   940  1147 I chatty  : uid=1000(system) batterystats-wo expire 7 lines
02-03 23:30:10.544   940  2130 I chatty  : uid=1000(system) Binder:940_7 expire 8 lines
02-03 23:30:10.641   940  4063 I chatty  : uid=1000(system) Binder:940_10 expire 2 lines
02-03 23:30:10.642   940  8291 I chatty  : uid=1000(system) Binder:940_11 expire 3 lines
02-03 23:31:51.251   940   940 I chatty  : uid=1000 system_server expire 16 lines
02-03 23:32:44.874   940  3020 I chatty  : uid=1000(system) Binder:940_9 expire 8 lines
02-03 23:34:10.322   989   989 W wificond: Failed to get NL80211_ATTR_STATUS_CODE
02-03 23:35:43.299   940 15622 I chatty  : uid=1000(system) Binder:940_1A expire 3 lines
02-03 23:35:43.309   940  4059 I chatty  : uid=1000(system) Binder:940_F expire 2 lines
02-03 23:35:43.328   940  3075 I chatty  : uid=1000(system) Binder:940_C expire 3 lines
02-03 23:35:43.328   940  3074 I chatty  : uid=1000(system) Binder:940_B expire 1 line
02-03 23:35:43.363   940  1951 I chatty  : uid=1000(system) Binder:940_4 expire 9 lines
02-03 23:39:50.040   989   989 W wificond: Failed to get NL80211_ATTR_STATUS_CODE
02-03 23:39:50.706   940  1839 I chatty  : uid=1000(system) NetworkPolicy expire 6 lines
02-03 23:41:28.421   940 15547 I chatty  : uid=1000(system) Binder:940_14 expire 8 lines
02-03 23:43:39.076  8303  8303 D ActivityThread: Loading provider com.whatsapp.provider.contact: com.whatsapp.contact.ContactProvider
02-03 23:43:54.922   940  1130 I chatty  : uid=1000(system) ActivityManager expire 21 lines
02-03 23:44:10.473   940  1916 I chatty  : uid=1000(system) Binder:940_3 expire 12 lines
02-03 23:45:30.622   940  1169 I chatty  : uid=1000(system) PackageManager expire 9 lines
02-03 23:45:37.782   940  1157 I chatty  : uid=1000(system) android.display expire 2 lines
02-03 23:57:04.666   940 15621 I chatty  : uid=1000(system) Binder:940_19 expire 7 lines
02-03 23:57:04.695   940  3078 I chatty  : uid=1000(system) Binder:940_D expire 2 lines
02-03 23:57:04.881   940  2131 I chatty  : uid=1000(system) Binder:940_8 expire 6 lines
02-04 00:00:00.320   940  3080 I chatty  : uid=1000(system) Binder:940_E expire 6 lines
02-04 00:00:00.321   940  1130 I chatty  : uid=1000(system) ActivityManager expire 12 lines
02-04 00:00:00.326   940  8291 I chatty  : uid=1000(system) Binder:940_11 expire 10 lines
02-04 00:00:00.570 11143 11143 D ActivityThread: Loading provider com.whatsapp.provider.contact: com.whatsapp.contact.ContactProvider
02-04 00:00:00.948   940 15619 I chatty  : uid=1000(system) Binder:940_17 expire 3 lines
02-04 00:01:38.975   940 23935 I chatty  : uid=1000(system) Binder:940_1E expire 3 lines
02-04 00:01:39.030   940  1916 I chatty  : uid=1000(system) Binder:940_3 expire 10 lines
02-04 00:01:39.431   940 15620 I chatty  : uid=1000(system) Binder:940_18 expire 7 lines
02-04 00:01:39.583   940  4063 I chatty  : uid=1000(system) Binder:940_10 expire 9 lines
02-04 00:04:12.613   940   940 I chatty  : uid=1000 system_server expire 10 lines
02-04 00:07:32.029   940 15547 I chatty  : uid=1000(system) Binder:940_14 expire 1 line
02-04 00:08:32.436   940  3020 I chatty  : uid=1000(system) Binder:940_9 expire 1 line
02-04 00:10:12.140   940  1129 I chatty  : uid=1000(system) android.bg expire 10 lines
02-04 00:10:12.173   940  1847 I chatty  : uid=1000(system) ConnectivitySer expire 9 lines
02-04 00:12:55.281   940 15545 I chatty  : uid=1000(system) Binder:940_12 expire 4 lines
02-04 00:12:55.327   940  1147 I chatty  : uid=1000(system) batterystats-wo expire 7 lines
02-04 00:12:55.329   940  4059 I chatty  : uid=1000(system) Binder:940_F expire 7 lines
02-04 00:12:57.036   940  3078 I chatty  : uid=1000(system) Binder:940_D expire 2 lines
02-04 00:12:58.766   940 15624 I chatty  : uid=1000(system) Binder:940_1C expire 2 lines
02-04 00:12:58.771   940  3074 I chatty  : uid=1000(system) Binder:940_B expire 5 lines
02-04 00:18:08.678   940   954 I chatty  : uid=1000(system) Binder:940_1 expire 3 lines
02-04 00:18:28.502   989   989 W wificond: Failed to get NL80211_ATTR_STATUS_CODE
02-04 00:19:46.014   989   989 W wificond: Failed to get NL80211_ATTR_STATUS_CODE
02-04 00:20:47.743   940  1839 I chatty  : uid=1000(system) NetworkPolicy expire 119 lines
02-04 00:21:18.285   940  1951 I chatty  : uid=1000(system) Binder:940_4 expire 1 line
02-04 00:21:18.461 14699 14699 D ActivityThread: Loading provider com.whatsapp.provider.contact: com.whatsapp.contact.ContactProvider
02-04 00:26:35.344   989   989 W wificond: Failed to get NL80211_ATTR_STATUS_CODE
02-04 00:29:35.888   940   940 I chatty  : uid=1000 system_server expire 4 lines
02-04 00:35:03.861   940 15617 I chatty  : uid=1000(system) Binder:940_15 expire 1 line
02-04 00:35:04.342   989   989 W wificond: Failed to get NL80211_ATTR_STATUS_CODE
02-04 00:35:23.125   989   989 W wificond: Failed to get NL80211_ATTR_STATUS_CODE
02-04 00:35:31.997   989   989 W wificond: Failed to get NL80211_ATTR_STATUS_CODE
02-04 00:40:19.916   940  2130 I chatty  : uid=1000(system) Binder:940_7 expire 8 lines
02-04 00:40:32.189   940  1839 I chatty  : uid=1000(system) NetworkPolicy expire 100 lines
02-04 00:40:33.402   940   940 I chatty  : uid=1000 system_server expire 10 lines
02-04 00:40:34.279   940 23937 I chatty  : uid=1000(system) Binder:940_20 expire 4 lines
02-04 00:40:34.284   940  2131 I chatty  : uid=1000(system) Binder:940_8 expire 6 lines
02-04 00:40:34.287   940 15621 I chatty  : uid=1000(system) Binder:940_19 expire 2 lines
02-04 00:40:34.308   940  3074 I chatty  : uid=1000(system) Binder:940_B expire 9 lines
02-04 00:40:34.315   940 15623 I chatty  : uid=1000(system) Binder:940_1B expire 3 lines
02-04 00:40:34.320   940 15618 I chatty  : uid=1000(system) Binder:940_16 expire 7 lines
02-04 00:40:34.326   940  1157 I chatty  : uid=1000(system) android.display expire 5 lines
02-04 00:40:34.382   940  1147 I chatty  : uid=1000(system) batterystats-wo expire 3 lines
02-04 00:40:36.814   940  3080 I chatty  : uid=1000(system) Binder:940_E expire 5 lines
02-04 00:40:36.814   940  3073 I chatty  : uid=1000(system) Binder:940_A expire 2 lines
02-04 00:40:40.937   940  1130 I chatty  : uid=1000(system) ActivityManager expire 17 lines
02-04 00:40:46.014   940  1916 I chatty  : uid=1000(system) Binder:940_3 expire 2 lines
02-04 00:43:40.817   940  1169 I chatty  : uid=1000(system) PackageManager expire 9 lines
02-04 00:43:42.442   940  1129 I chatty  : uid=1000(system) android.bg expire 2 lines
02-04 00:43:42.554 18511 18511 D ActivityThread: Loading provider com.whatsapp.provider.contact: com.whatsapp.contact.ContactProvider
02-04 00:43:42.662   940  1951 I chatty  : uid=1000(system) Binder:940_4 expire 4 lines
02-04 00:43:43.248   940 15624 I chatty  : uid=1000(system) Binder:940_1C expire 2 lines
02-04 00:44:18.254   940  1839 I chatty  : uid=1000(system) NetworkPolicy expire 29 lines
02-04 00:44:46.012 18658 18658 W ViewRootImpl[MainActivity]: Dropping event due to root view being removed: MotionEvent { action=ACTION_POINTER_DOWN(1), actionButton=0, id[0]=0, x[0]=-13.016655, y[0]=1578.2327, toolType[0]=TOOL_TYPE_FINGER, id[1]=1, x[1]=-23.009716, y[1]=1127.3892, toolType[1]=TOOL_TYPE_FINGER, buttonState=0, metaState=0, flags=0x0, edgeFlags=0x0, pointerCount=2, historySize=0, eventTime=105373378, downTime=105373378, deviceId=5, source=0x1002 }
02-04 00:44:46.013 18658 18658 W ViewRootImpl[MainActivity]: Dropping event due to root view being removed: MotionEvent { action=ACTION_POINTER_UP(0), actionButton=0, id[0]=0, x[0]=-13.016655, y[0]=1578.2327, toolType[0]=TOOL_TYPE_FINGER, id[1]=1, x[1]=-23.009716, y[1]=1127.3892, toolType[1]=TOOL_TYPE_FINGER, buttonState=0, metaState=0, flags=0x0, edgeFlags=0x0, pointerCount=2, historySize=0, eventTime=105373386, downTime=105373378, deviceId=5, source=0x1002 }
02-04 00:44:46.013 18658 18658 W ViewRootImpl[MainActivity]: Dropping event due to root view being removed: MotionEvent { action=ACTION_UP, actionButton=0, id[0]=1, x[0]=-23.009716, y[0]=1127.3892, toolType[0]=TOOL_TYPE_FINGER, buttonState=0, metaState=0, flags=0x0, edgeFlags=0x0, pointerCount=1, historySize=0, eventTime=105373386, downTime=105373378, deviceId=5, source=0x1002 }
02-04 00:45:04.978   940   940 I chatty  : uid=1000 system_server expire 14 lines
02-04 00:45:25.759 18658 18658 W ViewRootImpl[MainActivity]: Dropping event due to root view being removed: MotionEvent { action=ACTION_UP, actionButton=0, id[0]=0, x[0]=-29.005552, y[0]=1603.2239, toolType[0]=TOOL_TYPE_FINGER, buttonState=0, metaState=0, flags=0x0, edgeFlags=0x0, pointerCount=1, historySize=0, eventTime=105413137, downTime=105413127, deviceId=5, source=0x1002 }
02-04 00:45:25.760 18658 18658 W ViewRootImpl[MainActivity]: Dropping event due to root view being removed: MotionEvent { action=ACTION_DOWN, actionButton=0, id[0]=0, x[0]=-37.0, y[0]=1097.3995, toolType[0]=TOOL_TYPE_FINGER, buttonState=0, metaState=0, flags=0x0, edgeFlags=0x0, pointerCount=1, historySize=0, eventTime=105413137, downTime=105413137, deviceId=5, source=0x1002 }
02-04 00:47:05.072   989   989 W wificond: Failed to get NL80211_ATTR_STATUS_CODE
02-04 00:47:05.140   940  1130 I chatty  : uid=1000(system) ActivityManager expire 9 lines
02-04 00:48:02.914   989   989 W wificond: Failed to get NL80211_ATTR_STATUS_CODE
02-04 00:57:19.553   940 23934 I chatty  : uid=1000(system) Binder:940_1D expire 2 lines
02-04 00:57:19.617   940 23936 I chatty  : uid=1000(system) Binder:940_1F expire 3 lines
02-04 00:57:20.224   940  1952 I chatty  : uid=1000(system) Binder:940_5 expire 2 lines
02-04 00:58:48.255   940  1839 I chatty  : uid=1000(system) NetworkPolicy expire 88 lines
02-04 00:59:27.481   940   940 I chatty  : uid=1000 system_server expire 9 lines
02-04 00:59:41.187   940  2130 I chatty  : uid=1000(system) Binder:940_7 expire 1 line
02-04 01:02:21.579   940  1130 I chatty  : uid=1000(system) ActivityManager expire 8 lines
02-04 01:02:21.610   940  1157 I chatty  : uid=1000(system) android.display expire 1 line
02-04 01:02:21.642   940  1169 I chatty  : uid=1000(system) PackageManager expire 4 lines
02-04 01:02:22.034   940  8291 I chatty  : uid=1000(system) Binder:940_11 expire 6 lines
02-04 01:02:22.103   940  4063 I chatty  : uid=1000(system) Binder:940_10 expire 4 lines
02-04 01:02:22.187   940 23934 I chatty  : uid=1000(system) Binder:940_1D expire 3 lines
02-04 01:02:22.572   940 15617 I chatty  : uid=1000(system) Binder:940_15 expire 3 lines
02-04 01:02:38.543 21886 21886 W ViewRootImpl[MainActivity]: Dropping event due to root view being removed: MotionEvent { action=ACTION_MOVE, actionButton=0, id[0]=0, x[0]=670.50867, y[0]=1692.1931, toolType[0]=TOOL_TYPE_FINGER, buttonState=0, metaState=0, flags=0x0, edgeFlags=0x0, pointerCount=1, historySize=0, eventTime=106445919, downTime=106445910, deviceId=5, source=0x1002 }
02-04 01:02:39.374   940  1839 I chatty  : uid=1000(system) NetworkPolicy expire 120 lines
02-04 01:02:59.617   940 15621 I chatty  : uid=1000(system) Binder:940_19 expire 1 line
02-04 01:04:39.797   940  1129 I chatty  : uid=1000(system) android.bg expire 3 lines
02-04 01:04:39.819   940  1847 I chatty  : uid=1000(system) ConnectivitySer expire 3 lines
02-04 01:05:15.821   940   955 I chatty  : uid=1000(system) Binder:940_2 expire 1 line
02-04 01:07:41.608   940  1839 I chatty  : uid=1000(system) NetworkPolicy expire 168 lines
02-04 01:08:32.454   940  8291 I chatty  : uid=1000(system) Binder:940_11 expire 2 lines
02-04 01:08:53.376   940 15617 I chatty  : uid=1000(system) Binder:940_15 expire 2 lines
02-04 01:08:53.409   940 15547 I chatty  : uid=1000(system) Binder:940_14 expire 2 lines
02-04 01:08:53.416   940 23936 I chatty  : uid=1000(system) Binder:940_1F expire 1 line
02-04 01:08:53.422   940  3020 I chatty  : uid=1000(system) Binder:940_9 expire 1 line
02-04 01:08:53.433   940  1157 I chatty  : uid=1000(system) android.display expire 2 lines
02-04 01:08:53.471   940  1130 I chatty  : uid=1000(system) ActivityManager expire 2 lines
02-04 01:08:53.475   940  1847 I chatty  : uid=1000(system) ConnectivitySer expire 1 line
02-04 01:08:53.477   940  4059 I chatty  : uid=1000(system) Binder:940_F expire 10 lines
02-04 01:08:53.873   940  1147 I chatty  : uid=1000(system) batterystats-wo expire 1 line
02-04 01:08:53.873   940  2131 I chatty  : uid=1000(system) Binder:940_8 expire 2 lines
02-04 01:08:53.919   940  1951 I chatty  : uid=1000(system) Binder:940_4 expire 9 lines
02-04 01:14:40.667   940   940 I chatty  : uid=1000 system_server expire 5 lines
02-04 01:14:47.725   989   989 W wificond: Failed to get NL80211_ATTR_STATUS_CODE
02-04 01:14:48.280   940 15622 I chatty  : uid=1000(system) Binder:940_1A expire 1 line
02-04 01:14:48.839   940  1839 I chatty  : uid=1000(system) NetworkPolicy expire 9 lines
02-04 01:15:07.437   989   989 W wificond: Failed to get NL80211_ATTR_STATUS_CODE
02-04 01:15:08.834   940  2888 I chatty  : uid=1000(system) backup expire 34 lines
02-04 01:15:09.648   940 15620 I chatty  : uid=1000(system) Binder:940_18 expire 6 lines
02-04 01:15:11.099   940  2888 I chatty  : uid=1000(system) backup expire 14 lines
02-04 01:15:11.479   940  1839 I chatty  : uid=1000(system) NetworkPolicy expire 21 lines
02-04 01:15:11.995   940 15622 I chatty  : uid=1000(system) Binder:940_1A expire 1 line
02-04 01:15:12.090   940 15619 I chatty  : uid=1000(system) Binder:940_17 expire 1 line
02-04 01:15:12.115   940  3073 I chatty  : uid=1000(system) Binder:940_A expire 2 lines
02-04 01:15:12.392   940 23936 I chatty  : uid=1000(system) Binder:940_1F expire 4 lines
02-04 01:15:16.808   940  1130 I chatty  : uid=1000(system) ActivityManager expire 6 lines
02-04 01:15:40.951   940  2116 I chatty  : uid=1000(system) Binder:940_6 expire 5 lines
02-04 01:15:49.407   940  1847 I chatty  : uid=1000(system) ConnectivitySer expire 12 lines
02-04 01:15:49.529   940  1951 I chatty  : uid=1000(system) Binder:940_4 expire 3 lines
02-04 01:15:51.078   940  4059 I chatty  : uid=1000(system) Binder:940_F expire 2 lines
02-04 01:15:51.230 24377 24377 E ActivityThread: Failed to find provider info for com.tencent.mm.coolassist.debugprovider
02-04 01:15:51.614   989   989 W wificond: Failed to get NL80211_ATTR_STATUS_CODE
02-04 01:15:52.451   940  1839 I chatty  : uid=1000(system) NetworkPolicy expire 135 lines
02-04 01:15:58.678   989   989 W wificond: Failed to get NL80211_ATTR_STATUS_CODE
02-04 01:17:17.566   940  1129 I chatty  : uid=1000(system) android.bg expire 1 line
02-04 01:17:32.663   940   940 I chatty  : uid=1000 system_server expire 1 line
02-04 01:17:58.092   940  3080 I chatty  : uid=1000(system) Binder:940_E expire 3 lines
02-04 01:21:53.355 25321 25321 D ActivityThread: Loading provider com.whatsapp.provider.contact: com.whatsapp.contact.ContactProvider
02-04 01:22:00.811   940  1839 I chatty  : uid=1000(system) NetworkPolicy expire 195 lines
02-04 01:25:08.856   940 15620 I chatty  : uid=1000(system) Binder:940_18 expire 1 line
02-04 01:25:15.111   940   940 I chatty  : uid=1000 system_server expire 14 lines
02-04 01:26:01.729   940  3020 I chatty  : uid=1000(system) Binder:940_9 expire 1 line
02-04 01:27:51.644   940  1169 I chatty  : uid=1000(system) PackageManager expire 13 lines
02-04 01:27:53.058   940  1130 I chatty  : uid=1000(system) ActivityManager expire 24 lines
02-04 01:27:53.101   940  1157 I chatty  : uid=1000(system) android.display expire 3 lines
02-04 01:27:53.483   940  3078 I chatty  : uid=1000(system) Binder:940_D expire 4 lines
02-04 01:27:53.650   940 15545 I chatty  : uid=1000(system) Binder:940_12 expire 3 lines
02-04 01:27:53.777   940   954 I chatty  : uid=1000(system) Binder:940_1 expire 7 lines
02-04 01:28:33.398   940  1147 I chatty  : uid=1000(system) batterystats-wo expire 1 line
02-04 01:28:33.881   940  2130 I chatty  : uid=1000(system) Binder:940_7 expire 2 lines
02-04 01:30:00.362 26356 26393 E AndroidRuntime: FATAL EXCEPTION: mqt_js
02-04 01:30:00.362 26356 26393 E AndroidRuntime: Process: com.agorareact, PID: 26356
02-04 01:30:00.362 26356 26393 E AndroidRuntime: java.lang.RuntimeException: com.facebook.react.bridge.JavaJSExecutor$ProxyExecutorException: java.io.EOFException
02-04 01:30:00.362 26356 26393 E AndroidRuntime: 	at com.facebook.react.bridge.DefaultNativeModuleCallExceptionHandler.handleException(DefaultNativeModuleCallExceptionHandler.java:24)
02-04 01:30:00.362 26356 26393 E AndroidRuntime: 	at com.facebook.react.devsupport.DevSupportManagerImpl.handleException(DevSupportManagerImpl.java:274)
02-04 01:30:00.362 26356 26393 E AndroidRuntime: 	at com.facebook.react.bridge.CatalystInstanceImpl.onNativeException(CatalystInstanceImpl.java:501)
02-04 01:30:00.362 26356 26393 E AndroidRuntime: 	at com.facebook.react.bridge.CatalystInstanceImpl.access$900(CatalystInstanceImpl.java:40)
02-04 01:30:00.362 26356 26393 E AndroidRuntime: 	at com.facebook.react.bridge.CatalystInstanceImpl$NativeExceptionHandler.handleException(CatalystInstanceImpl.java:517)
02-04 01:30:00.362 26356 26393 E AndroidRuntime: 	at com.facebook.react.bridge.queue.MessageQueueThreadHandler.dispatchMessage(MessageQueueThreadHandler.java:33)
02-04 01:30:00.362 26356 26393 E AndroidRuntime: 	at android.os.Looper.loop(Looper.java:164)
02-04 01:30:00.362 26356 26393 E AndroidRuntime: 	at com.facebook.react.bridge.queue.MessageQueueThreadImpl$3.run(MessageQueueThreadImpl.java:194)
02-04 01:30:00.362 26356 26393 E AndroidRuntime: 	at java.lang.Thread.run(Thread.java:764)
02-04 01:30:00.362 26356 26393 E AndroidRuntime: Caused by: com.facebook.react.bridge.JavaJSExecutor$ProxyExecutorException: java.io.EOFException
02-04 01:30:00.362 26356 26393 E AndroidRuntime: 	at com.facebook.react.devsupport.WebsocketJavaScriptExecutor.executeJSCall(WebsocketJavaScriptExecutor.java:188)
02-04 01:30:00.362 26356 26393 E AndroidRuntime: 	at com.facebook.react.bridge.queue.NativeRunnable.run(Native Method)
02-04 01:30:00.362 26356 26393 E AndroidRuntime: 	at android.os.Handler.handleCallback(Handler.java:790)
02-04 01:30:00.362 26356 26393 E AndroidRuntime: 	at android.os.Handler.dispatchMessage(Handler.java:99)
02-04 01:30:00.362 26356 26393 E AndroidRuntime: 	at com.facebook.react.bridge.queue.MessageQueueThreadHandler.dispatchMessage(MessageQueueThreadHandler.java:31)
02-04 01:30:00.362 26356 26393 E AndroidRuntime: 	... 3 more
02-04 01:30:00.362 26356 26393 E AndroidRuntime: Caused by: java.io.EOFException
02-04 01:30:00.362 26356 26393 E AndroidRuntime: 	at okio.RealBufferedSource.require(RealBufferedSource.java:60)
02-04 01:30:00.362 26356 26393 E AndroidRuntime: 	at okio.RealBufferedSource.readByte(RealBufferedSource.java:73)
02-04 01:30:00.362 26356 26393 E AndroidRuntime: 	at okhttp3.internal.ws.WebSocketReader.readHeader(WebSocketReader.java:113)
02-04 01:30:00.362 26356 26393 E AndroidRuntime: 	at okhttp3.internal.ws.WebSocketReader.processNextFrame(WebSocketReader.java:97)
02-04 01:30:00.362 26356 26393 E AndroidRuntime: 	at okhttp3.internal.ws.RealWebSocket.loopReader(RealWebSocket.java:262)
02-04 01:30:00.362 26356 26393 E AndroidRuntime: 	at okhttp3.internal.ws.RealWebSocket$2.onResponse(RealWebSocket.java:201)
02-04 01:30:00.362 26356 26393 E AndroidRuntime: 	at okhttp3.RealCall$AsyncCall.execute(RealCall.java:135)
02-04 01:30:00.362 26356 26393 E AndroidRuntime: 	at okhttp3.internal.NamedRunnable.run(NamedRunnable.java:32)
02-04 01:30:00.362 26356 26393 E AndroidRuntime: 	at java.util.concurrent.ThreadPoolExecutor.runWorker(ThreadPoolExecutor.java:1162)
02-04 01:30:00.362 26356 26393 E AndroidRuntime: 	at java.util.concurrent.ThreadPoolExecutor$Worker.run(ThreadPoolExecutor.java:636)
02-04 01:30:00.362 26356 26393 E AndroidRuntime: 	... 1 more
02-04 01:30:00.376   940  1132 I chatty  : uid=1000(system) android.ui expire 2 lines
02-04 01:30:01.794   940  2116 I chatty  : uid=1000(system) Binder:940_6 expire 2 lines
02-04 01:30:01.922   940  1674 I chatty  : uid=1000(system) android.anim expire 1 line
