02-03 10:28:09.909   940  2130 I chatty  : uid=1000(system) Binder:940_7 expire 27 lines
02-03 10:28:09.932  2984  2999 D SoundTriggerDetector: onRecognitionResumed()
02-03 10:28:09.933   940  2181 I chatty  : uid=1000(system) uteStateMachine expire 15 lines
02-03 10:28:09.936   940  2178 I chatty  : uid=1000(system) BluetoothRouteM expire 2 lines
02-03 10:28:09.937  2915  2928 I AlwaysOnHotwordDetector: onRecognitionResumed
02-03 10:28:16.671   940  1699 I chatty  : uid=1000(system) InputReader expire 2 lines
02-03 10:28:17.364   989   989 I wificond: Pno scan started
02-03 10:29:10.041   989   989 I wificond: Pno scan stopped
02-03 10:29:10.070   940  1159 I chatty  : uid=1000(system) PowerManagerSer expire 4 lines
02-03 10:29:10.186   940 15547 I chatty  : uid=1000(system) Binder:940_14 expire 1 line
02-03 10:29:10.207   940  3020 I chatty  : uid=1000(system) Binder:940_9 expire 2 lines
02-03 10:29:10.703   940   940 I chatty  : uid=1000 system_server expire 33 lines
02-03 10:29:10.928   940 15618 I chatty  : uid=1000(system) Binder:940_16 expire 1 line
02-03 10:29:11.973  2889  5077 E ActivityThread: Failed to find provider info for com.google.android.gms.common.phenotype
02-03 10:29:13.060   940  2183 I chatty  : uid=1000(system) CallAudioModeSt expire 3 lines
02-03 10:29:13.367  2098  2098 I Telephony: TelephonyConnectionService: onCreateOutgoingConnection, request: ConnectionRequest xxxxxxxxxxxxxxxxxx Bundle[mParcelledData.dataSize=736]: (SBC.oSC)->CS.crCo->H.CS.crCo->H.CS.crCo.pICR@E-FJY
02-03 10:29:13.455   940  2181 I chatty  : uid=1000(system) uteStateMachine expire 3 lines
02-03 10:29:13.456  2098  2098 I Telephony: TelephonyConnectionService: notifyCreateConnectionComplete TC@10_1: (...->CSW.hCCC)->CS.crCoC->H.CS.crCoC@E-E-E-FJY
02-03 10:29:13.457   940   954 I chatty  : uid=1000(system) Binder:940_1 expire 27 lines
02-03 10:29:13.461  2984  2999 D SoundTriggerDetector: onRecognitionPaused()
02-03 10:29:13.462  2915  2928 I AlwaysOnHotwordDetector: onRecognitionPaused
02-03 10:29:13.463   940 15618 I chatty  : uid=1000(system) Binder:940_16 expire 7 lines
02-03 10:29:13.611   940  1157 I chatty  : uid=1000(system) android.display expire 13 lines
02-03 10:29:13.732  2889  5077 E ActivityThread: Failed to find provider info for com.google.android.gms.common.phenotype
02-03 10:29:14.074   940  1130 I chatty  : uid=1000(system) ActivityManager expire 9 lines
02-03 10:29:14.931   940  3078 I chatty  : uid=1000(system) Binder:940_D expire 6 lines
02-03 10:29:21.799   940  2183 I chatty  : uid=1000(system) CallAudioModeSt expire 6 lines
02-03 10:29:33.396   940  1951 I chatty  : uid=1000(system) Binder:940_4 expire 27 lines
02-03 10:29:33.408   940   940 I chatty  : uid=1000 system_server expire 10 lines
02-03 10:29:33.408  2984  2999 D SoundTriggerDetector: onRecognitionResumed()
02-03 10:29:33.408   940  2181 I chatty  : uid=1000(system) uteStateMachine expire 8 lines
02-03 10:29:33.409   940  2178 I chatty  : uid=1000(system) BluetoothRouteM expire 2 lines
02-03 10:29:33.412  2915  2928 I AlwaysOnHotwordDetector: onRecognitionResumed
02-03 10:29:36.556   940   954 I chatty  : uid=1000(system) Binder:940_1 expire 2 lines
02-03 10:29:42.345   940  1698 I chatty  : uid=1000(system) InputDispatcher expire 2 lines
02-03 10:29:42.395   940  2130 I chatty  : uid=1000(system) Binder:940_7 expire 1 line
02-03 10:29:42.600   940 15624 I chatty  : uid=1000(system) Binder:940_1C expire 8 lines
02-03 10:29:42.624   940 23937 I chatty  : uid=1000(system) Binder:940_20 expire 9 lines
02-03 10:29:43.597   940  1147 I chatty  : uid=1000(system) batterystats-wo expire 1 line
02-03 10:29:54.507   940  2131 I chatty  : uid=1000(system) Binder:940_8 expire 3 lines
02-03 10:30:15.923   940  1699 I chatty  : uid=1000(system) InputReader expire 5 lines
02-03 10:30:16.207   940  1159 I chatty  : uid=1000(system) PowerManagerSer expire 11 lines
02-03 10:30:16.557   940  1132 I chatty  : uid=1000(system) android.ui expire 2 lines
02-03 10:30:16.559   940  1155 I chatty  : uid=1000(system) android.fg expire 13 lines
02-03 10:30:16.664   989   989 I wificond: Pno scan started
02-03 10:30:58.091   989   989 I wificond: Pno scan stopped
02-03 10:31:04.791   989   989 I wificond: Pno scan started
02-03 10:31:10.397   940 15620 I chatty  : uid=1000(system) Binder:940_18 expire 6 lines
02-03 10:31:27.665   989   989 I wificond: Pno scan stopped
02-03 10:31:32.669   989   989 I wificond: Pno scan started
02-03 10:32:55.893   940 23934 I chatty  : uid=1000(system) Binder:940_1D expire 8 lines
02-03 10:33:06.646  2984  2999 D SoundTriggerDetector: onGenericSoundTriggerDetected()GenericRecognitionEvent ::RecognitionEvent [status=0, soundModelHandle=18, captureAvailable=true, captureSession=2793, captureDelayMs=0, capturePreambleMs=0, triggerInData=false, sampleRate=16000, encoding=2, channelMask=16, data=0]
02-03 10:33:39.805   989   989 I wificond: Pno scan stopped
02-03 10:33:46.772   989   989 I wificond: Pno scan started
02-03 10:34:54.326   989   989 I wificond: Pno scan stopped
02-03 10:34:54.344   940  1159 I chatty  : uid=1000(system) PowerManagerSer expire 10 lines
02-03 10:35:05.549   940   940 I chatty  : uid=1000 system_server expire 14 lines
02-03 10:35:06.139   989   989 I wificond: Pno scan started
02-03 10:35:06.140   940  1159 I chatty  : uid=1000(system) PowerManagerSer expire 17 lines
02-03 10:37:20.844   989   989 I wificond: Pno scan stopped
02-03 10:37:25.851   989   989 I wificond: Pno scan started
02-03 10:37:35.761 13819 24735 E ActivityThread: Failed to find provider info for com.facebook.mlite.sso.MessengerLoggedInUserProvider
02-03 10:37:43.758   940  1157 I chatty  : uid=1000(system) android.display expire 6 lines
02-03 10:37:46.136   940  1674 I chatty  : uid=1000(system) android.anim expire 1 line
02-03 10:37:46.157   989   989 I wificond: Pno scan stopped
02-03 10:37:46.665   940  1951 I chatty  : uid=1000(system) Binder:940_4 expire 2 lines
02-03 10:38:00.011   989   989 I wificond: Pno scan started
02-03 10:38:00.074   989   989 I wificond: Pno scan stopped
02-03 10:38:00.324   940  1159 I chatty  : uid=1000(system) PowerManagerSer expire 10 lines
02-03 10:38:02.467   940   955 I chatty  : uid=1000(system) Binder:940_2 expire 10 lines
02-03 10:38:09.712   989   989 I wificond: Pno scan started
02-03 10:38:19.968   940  1159 I chatty  : uid=1000(system) PowerManagerSer expire 27 lines
02-03 10:38:19.970   940  1157 I chatty  : uid=1000(system) android.display expire 11 lines
02-03 10:38:23.322   940  1147 I chatty  : uid=1000(system) batterystats-wo expire 1 line
02-03 10:38:24.418   940   940 I chatty  : uid=1000 system_server expire 9 lines
02-03 10:38:24.425   940 15618 I chatty  : uid=1000(system) Binder:940_16 expire 1 line
02-03 10:38:24.447   989   989 I wificond: Pno scan stopped
02-03 10:38:24.571   940 15619 I chatty  : uid=1000(system) Binder:940_17 expire 4 lines
02-03 10:38:24.704   940  1155 I chatty  : uid=1000(system) android.fg expire 11 lines
02-03 10:38:26.060   940  3078 I chatty  : uid=1000(system) Binder:940_D expire 11 lines
02-03 10:38:26.744   940 15547 I chatty  : uid=1000(system) Binder:940_14 expire 4 lines
02-03 10:38:29.414   940  1841 I chatty  : uid=1000(system) WifiService expire 8 lines
02-03 10:38:29.441   989   989 W wificond: Scan is not started. Ignore abort request
02-03 10:38:29.483   940  1842 I chatty  : uid=1000(system) WifiStateMachin expire 2 lines
02-03 10:38:29.483   940  1847 I chatty  : uid=1000(system) ConnectivitySer expire 19 lines
02-03 10:38:30.685   940  1839 I chatty  : uid=1000(system) NetworkPolicy expire 21 lines
02-03 10:38:32.017   940  3080 I chatty  : uid=1000(system) Binder:940_E expire 1 line
02-03 10:38:32.104   940  3020 I chatty  : uid=1000(system) Binder:940_9 expire 1 line
02-03 10:38:32.308   940 15620 I chatty  : uid=1000(system) Binder:940_18 expire 4 lines
02-03 10:38:32.508   940  2130 I chatty  : uid=1000(system) Binder:940_7 expire 1 line
02-03 10:38:43.798   940  1130 I chatty  : uid=1000(system) ActivityManager expire 6 lines
02-03 10:38:45.125 25142 25142 E ActivityThread: Failed to find provider info for com.tencent.mm.coolassist.debugprovider
02-03 10:38:48.628  2889  5077 E ActivityThread: Failed to find provider info for com.google.android.gms.common.phenotype
02-03 10:38:49.787   940  1951 I chatty  : uid=1000(system) Binder:940_4 expire 8 lines
02-03 10:38:51.978   940  8291 I chatty  : uid=1000(system) Binder:940_11 expire 2 lines
02-03 10:39:04.994   940  1699 I chatty  : uid=1000(system) InputReader expire 6 lines
02-03 10:39:05.685   940 15546 I chatty  : uid=1000(system) Binder:940_13 expire 4 lines
02-03 10:39:14.752   940  1847 I chatty  : uid=1000(system) ConnectivitySer expire 1 line
02-03 10:40:10.378   940 15621 I chatty  : uid=1000(system) Binder:940_19 expire 1 line
02-03 10:40:32.139  2984  3017 D SoundTriggerDetector: onGenericSoundTriggerDetected()GenericRecognitionEvent ::RecognitionEvent [status=0, soundModelHandle=18, captureAvailable=true, captureSession=2793, captureDelayMs=0, capturePreambleMs=0, triggerInData=false, sampleRate=16000, encoding=2, channelMask=16, data=0]
02-03 10:40:35.106   940  1916 I chatty  : uid=1000(system) Binder:940_3 expire 11 lines
02-03 10:40:46.930   940  1159 I chatty  : uid=1000(system) PowerManagerSer expire 10 lines
02-03 10:40:47.206   989   989 W wificond: Failed to get NL80211_ATTR_STATUS_CODE
02-03 10:41:24.152   989   989 I chatty  : uid=1010(wifi) /system/bin/wificond identical 2 lines
02-03 10:41:40.793   989   989 W wificond: Failed to get NL80211_ATTR_STATUS_CODE
02-03 10:42:41.356   940 23934 I chatty  : uid=1000(system) Binder:940_1D expire 3 lines
02-03 10:43:17.852   940  1129 I chatty  : uid=1000(system) android.bg expire 2 lines
02-03 10:43:18.040 25520 25520 D ActivityThread: Loading provider com.whatsapp.provider.contact: com.whatsapp.contact.ContactProvider
02-03 10:45:58.893   940   954 I chatty  : uid=1000(system) Binder:940_1 expire 1 line
02-03 10:45:58.910   940  2131 I chatty  : uid=1000(system) Binder:940_8 expire 3 lines
02-03 10:47:38.420   989   989 W wificond: Failed to get NL80211_ATTR_STATUS_CODE
02-03 10:48:00.001   989   989 W wificond: Failed to get NL80211_ATTR_STATUS_CODE
02-03 10:48:58.063  2889  5077 E ActivityThread: Failed to find provider info for com.google.android.gms.common.phenotype
02-03 10:48:58.383   940  1159 I chatty  : uid=1000(system) PowerManagerSer expire 16 lines
02-03 10:48:58.511   940  1157 I chatty  : uid=1000(system) android.display expire 5 lines
02-03 10:48:58.655   940  1155 I chatty  : uid=1000(system) android.fg expire 5 lines
02-03 10:49:11.277   940  1952 I chatty  : uid=1000(system) Binder:940_5 expire 3 lines
02-03 10:49:19.061  2984  3017 D SoundTriggerDetector: onGenericSoundTriggerDetected()GenericRecognitionEvent ::RecognitionEvent [status=0, soundModelHandle=18, captureAvailable=true, captureSession=2793, captureDelayMs=0, capturePreambleMs=0, triggerInData=false, sampleRate=16000, encoding=2, channelMask=16, data=0]
02-03 10:49:22.061   940 23936 I chatty  : uid=1000(system) Binder:940_1F expire 3 lines
02-03 10:51:27.594  2984  3017 D SoundTriggerDetector: onGenericSoundTriggerDetected()GenericRecognitionEvent ::RecognitionEvent [status=0, soundModelHandle=18, captureAvailable=true, captureSession=2793, captureDelayMs=0, capturePreambleMs=0, triggerInData=false, sampleRate=16000, encoding=2, channelMask=16, data=0]
02-03 10:51:40.885   940  1839 I chatty  : uid=1000(system) NetworkPolicy expire 3 lines
02-03 10:55:09.819  2984  6928 D SoundTriggerDetector: onGenericSoundTriggerDetected()GenericRecognitionEvent ::RecognitionEvent [status=0, soundModelHandle=18, captureAvailable=true, captureSession=2793, captureDelayMs=0, capturePreambleMs=0, triggerInData=false, sampleRate=16000, encoding=2, channelMask=16, data=0]
02-03 10:56:39.281  2984  6928 D SoundTriggerDetector: onGenericSoundTriggerDetected()GenericRecognitionEvent ::RecognitionEvent [status=0, soundModelHandle=18, captureAvailable=true, captureSession=2793, captureDelayMs=0, capturePreambleMs=0, triggerInData=false, sampleRate=16000, encoding=2, channelMask=16, data=0]
02-03 10:57:41.320  2984  6928 D SoundTriggerDetector: onGenericSoundTriggerDetected()GenericRecognitionEvent ::RecognitionEvent [status=0, soundModelHandle=18, captureAvailable=true, captureSession=2793, captureDelayMs=0, capturePreambleMs=0, triggerInData=false, sampleRate=16000, encoding=2, channelMask=16, data=0]
02-03 10:58:43.149  2984  2999 D SoundTriggerDetector: onGenericSoundTriggerDetected()GenericRecognitionEvent ::RecognitionEvent [status=0, soundModelHandle=18, captureAvailable=true, captureSession=2793, captureDelayMs=0, capturePreambleMs=0, triggerInData=false, sampleRate=16000, encoding=2, channelMask=16, data=0]
02-03 10:59:47.308  2984  3425 D SoundTriggerDetector: onGenericSoundTriggerDetected()GenericRecognitionEvent ::RecognitionEvent [status=0, soundModelHandle=18, captureAvailable=true, captureSession=2793, captureDelayMs=0, capturePreambleMs=0, triggerInData=false, sampleRate=16000, encoding=2, channelMask=16, data=0]
02-03 11:00:48.999  2984  3425 D SoundTriggerDetector: onGenericSoundTriggerDetected()GenericRecognitionEvent ::RecognitionEvent [status=0, soundModelHandle=18, captureAvailable=true, captureSession=2793, captureDelayMs=0, capturePreambleMs=0, triggerInData=false, sampleRate=16000, encoding=2, channelMask=16, data=0]
02-03 11:00:50.858   940  3078 I chatty  : uid=1000(system) Binder:940_D expire 9 lines
02-03 11:01:50.533  2984  3425 D SoundTriggerDetector: onGenericSoundTriggerDetected()GenericRecognitionEvent ::RecognitionEvent [status=0, soundModelHandle=18, captureAvailable=true, captureSession=2793, captureDelayMs=0, capturePreambleMs=0, triggerInData=false, sampleRate=16000, encoding=2, channelMask=16, data=0]
02-03 11:02:38.358   940   940 I chatty  : uid=1000 system_server expire 15 lines
02-03 11:02:38.448   940  1159 I chatty  : uid=1000(system) PowerManagerSer expire 12 lines
02-03 11:02:38.457   940  1157 I chatty  : uid=1000(system) android.display expire 10 lines
02-03 11:02:38.495   940  1951 I chatty  : uid=1000(system) Binder:940_4 expire 6 lines
02-03 11:02:38.555   940  1129 I chatty  : uid=1000(system) android.bg expire 2 lines
02-03 11:02:38.800   940 15547 I chatty  : uid=1000(system) Binder:940_14 expire 3 lines
02-03 11:02:38.853   940  1952 I chatty  : uid=1000(system) Binder:940_5 expire 4 lines
02-03 11:02:39.282   940   955 I chatty  : uid=1000(system) Binder:940_2 expire 2 lines
02-03 11:02:39.328 25961 26011 D ActivityThread: Loading provider com.google.android.gmail.provider;com.android.mail.notifier;com.google.android.gm.email.provider;com.google.android.gm.tasks.provider;com.google.android.gm.email.notifier: com.android.email.provider.EmailProvider
02-03 11:02:39.360   940 15546 I chatty  : uid=1000(system) Binder:940_13 expire 1 line
02-03 11:02:39.367   940  1155 I chatty  : uid=1000(system) android.fg expire 11 lines
02-03 11:02:39.391   940  2131 I chatty  : uid=1000(system) Binder:940_8 expire 5 lines
02-03 11:02:39.486   940 15624 I chatty  : uid=1000(system) Binder:940_1C expire 5 lines
02-03 11:02:39.725   940 15621 I chatty  : uid=1000(system) Binder:940_19 expire 1 line
02-03 11:02:40.538   940  1698 I chatty  : uid=1000(system) InputDispatcher expire 5 lines
02-03 11:02:42.502   940  1130 I chatty  : uid=1000(system) ActivityManager expire 7 lines
02-03 11:02:52.436  2984  2999 D SoundTriggerDetector: onGenericSoundTriggerDetected()GenericRecognitionEvent ::RecognitionEvent [status=0, soundModelHandle=18, captureAvailable=true, captureSession=2793, captureDelayMs=0, capturePreambleMs=0, triggerInData=false, sampleRate=16000, encoding=2, channelMask=16, data=0]
02-03 11:02:55.212   940   954 I chatty  : uid=1000(system) Binder:940_1 expire 5 lines
02-03 11:02:58.342   989   989 W wificond: Failed to get NL80211_ATTR_STATUS_CODE
02-03 11:02:58.417   940  1916 I chatty  : uid=1000(system) Binder:940_3 expire 3 lines
02-03 11:03:01.572   940  1839 I chatty  : uid=1000(system) NetworkPolicy expire 24 lines
02-03 11:03:04.481   989   989 W wificond: Failed to get NL80211_ATTR_STATUS_CODE
02-03 11:03:06.757   940  1169 I chatty  : uid=1000(system) PackageManager expire 1 line
02-03 11:03:08.826 26222 26222 E ActivityThread: Failed to find provider info for com.facebook.appmanager.oxygen.nekodirect.progress
02-03 11:03:12.280   940  8291 I chatty  : uid=1000(system) Binder:940_11 expire 3 lines
02-03 11:03:12.442   940 15622 I chatty  : uid=1000(system) Binder:940_1A expire 12 lines
02-03 11:03:27.890   940 15623 I chatty  : uid=1000(system) Binder:940_1B expire 7 lines
02-03 11:03:30.384   940  1132 I chatty  : uid=1000(system) android.ui expire 3 lines
02-03 11:03:31.421   940  1674 I chatty  : uid=1000(system) android.anim expire 2 lines
02-03 11:03:37.944   940  3075 I chatty  : uid=1000(system) Binder:940_C expire 2 lines
02-03 11:03:54.723  2984  3017 D SoundTriggerDetector: onGenericSoundTriggerDetected()GenericRecognitionEvent ::RecognitionEvent [status=0, soundModelHandle=18, captureAvailable=true, captureSession=2793, captureDelayMs=0, capturePreambleMs=0, triggerInData=false, sampleRate=16000, encoding=2, channelMask=16, data=0]
02-03 11:04:28.208   940  1699 I chatty  : uid=1000(system) InputReader expire 3 lines
02-03 11:04:29.057   940 23934 I chatty  : uid=1000(system) Binder:940_1D expire 10 lines
02-03 11:04:56.449  2984  3425 D SoundTriggerDetector: onGenericSoundTriggerDetected()GenericRecognitionEvent ::RecognitionEvent [status=0, soundModelHandle=18, captureAvailable=true, captureSession=2793, captureDelayMs=0, capturePreambleMs=0, triggerInData=false, sampleRate=16000, encoding=2, channelMask=16, data=0]
02-03 11:04:59.417   940  3020 I chatty  : uid=1000(system) Binder:940_9 expire 9 lines
02-03 11:06:17.575  2984  3425 D SoundTriggerDetector: onGenericSoundTriggerDetected()GenericRecognitionEvent ::RecognitionEvent [status=0, soundModelHandle=18, captureAvailable=true, captureSession=2793, captureDelayMs=0, capturePreambleMs=0, triggerInData=false, sampleRate=16000, encoding=2, channelMask=16, data=0]
02-03 11:06:17.749   940  1147 I chatty  : uid=1000(system) batterystats-wo expire 1 line
02-03 11:07:30.934  2984  3425 D SoundTriggerDetector: onGenericSoundTriggerDetected()GenericRecognitionEvent ::RecognitionEvent [status=0, soundModelHandle=18, captureAvailable=true, captureSession=2793, captureDelayMs=0, capturePreambleMs=0, triggerInData=false, sampleRate=16000, encoding=2, channelMask=16, data=0]
02-03 11:09:13.239  2984  3425 D SoundTriggerDetector: onGenericSoundTriggerDetected()GenericRecognitionEvent ::RecognitionEvent [status=0, soundModelHandle=18, captureAvailable=true, captureSession=2793, captureDelayMs=0, capturePreambleMs=0, triggerInData=false, sampleRate=16000, encoding=2, channelMask=16, data=0]
02-03 11:10:15.459  2984  3028 D SoundTriggerDetector: onGenericSoundTriggerDetected()GenericRecognitionEvent ::RecognitionEvent [status=0, soundModelHandle=18, captureAvailable=true, captureSession=2793, captureDelayMs=0, capturePreambleMs=0, triggerInData=false, sampleRate=16000, encoding=2, channelMask=16, data=0]
02-03 11:10:29.931   940 23935 I chatty  : uid=1000(system) Binder:940_1E expire 6 lines
02-03 11:11:41.749  2984  3028 D SoundTriggerDetector: onGenericSoundTriggerDetected()GenericRecognitionEvent ::RecognitionEvent [status=0, soundModelHandle=18, captureAvailable=true, captureSession=2793, captureDelayMs=0, capturePreambleMs=0, triggerInData=false, sampleRate=16000, encoding=2, channelMask=16, data=0]
02-03 11:13:10.396  2984  3028 D SoundTriggerDetector: onGenericSoundTriggerDetected()GenericRecognitionEvent ::RecognitionEvent [status=0, soundModelHandle=18, captureAvailable=true, captureSession=2793, captureDelayMs=0, capturePreambleMs=0, triggerInData=false, sampleRate=16000, encoding=2, channelMask=16, data=0]
02-03 11:14:09.783   940  1159 I chatty  : uid=1000(system) PowerManagerSer expire 20 lines
02-03 11:14:15.182   940 15618 I chatty  : uid=1000(system) Binder:940_16 expire 3 lines
02-03 11:14:20.740  2889  5077 E ActivityThread: Failed to find provider info for com.google.android.gms.common.phenotype
02-03 11:14:45.058   940  1159 I chatty  : uid=1000(system) PowerManagerSer expire 9 lines
02-03 11:14:45.074   940   940 I chatty  : uid=1000 system_server expire 3 lines
02-03 11:14:45.488   940  1157 I chatty  : uid=1000(system) android.display expire 3 lines
02-03 11:14:45.646   940  1155 I chatty  : uid=1000(system) android.fg expire 1 line
02-03 11:14:45.860   940 15617 I chatty  : uid=1000(system) Binder:940_15 expire 1 line
02-03 11:17:08.021   940  1847 I chatty  : uid=1000(system) ConnectivitySer expire 2 lines
02-03 11:17:13.755   989   989 W wificond: Failed to get NL80211_ATTR_STATUS_CODE
02-03 11:18:15.667   989   989 W wificond: Failed to get NL80211_ATTR_STATUS_CODE
02-03 11:20:13.253  2984  3028 D SoundTriggerDetector: onGenericSoundTriggerDetected()GenericRecognitionEvent ::RecognitionEvent [status=0, soundModelHandle=18, captureAvailable=true, captureSession=2793, captureDelayMs=0, capturePreambleMs=0, triggerInData=false, sampleRate=16000, encoding=2, channelMask=16, data=0]
02-03 11:21:06.069 26956 26956 D ActivityThread: Loading provider com.whatsapp.provider.contact: com.whatsapp.contact.ContactProvider
02-03 11:21:06.104 26956 26995 E AndroidRuntime: FATAL EXCEPTION: WhatsApp Worker #1
02-03 11:21:06.104 26956 26995 E AndroidRuntime: Process: com.whatsapp, PID: 26956
02-03 11:21:06.104 26956 26995 E AndroidRuntime: java.lang.NullPointerException: Attempt to invoke virtual method 'int com.whatsapp.f.c.c()' on a null object reference
02-03 11:21:06.104 26956 26995 E AndroidRuntime: 	at com.whatsapp.gdrive.az.h(:208210)
02-03 11:21:06.104 26956 26995 E AndroidRuntime: 	at com.whatsapp.gdrive.bc.run(Unknown Source:4)
02-03 11:21:06.104 26956 26995 E AndroidRuntime: 	at java.util.concurrent.ThreadPoolExecutor.runWorker(ThreadPoolExecutor.java:1162)
02-03 11:21:06.104 26956 26995 E AndroidRuntime: 	at java.util.concurrent.ThreadPoolExecutor$Worker.run(ThreadPoolExecutor.java:636)
02-03 11:21:06.104 26956 26995 E AndroidRuntime: 	at com.whatsapp.util.dh.run(Unknown Source:7)
02-03 11:21:06.104 26956 26995 E AndroidRuntime: 	at java.lang.Thread.run(Thread.java:764)
02-03 11:21:25.396  2984  3028 D SoundTriggerDetector: onGenericSoundTriggerDetected()GenericRecognitionEvent ::RecognitionEvent [status=0, soundModelHandle=18, captureAvailable=true, captureSession=2793, captureDelayMs=0, capturePreambleMs=0, triggerInData=false, sampleRate=16000, encoding=2, channelMask=16, data=0]
02-03 11:21:27.884   940 23934 I chatty  : uid=1000(system) Binder:940_1D expire 3 lines
02-03 11:22:20.870   940  1839 I chatty  : uid=1000(system) NetworkPolicy expire 15 lines
02-03 11:23:49.869   940   940 I chatty  : uid=1000 system_server expire 12 lines
02-03 11:25:50.831   940  1130 I chatty  : uid=1000(system) ActivityManager expire 10 lines
02-03 11:26:00.423  2984  3028 D SoundTriggerDetector: onGenericSoundTriggerDetected()GenericRecognitionEvent ::RecognitionEvent [status=0, soundModelHandle=18, captureAvailable=true, captureSession=2793, captureDelayMs=0, capturePreambleMs=0, triggerInData=false, sampleRate=16000, encoding=2, channelMask=16, data=0]
02-03 11:26:01.791   940 23934 I chatty  : uid=1000(system) Binder:940_1D expire 10 lines
02-03 11:26:01.825   940  1159 I chatty  : uid=1000(system) PowerManagerSer expire 13 lines
02-03 11:26:01.832   940  1157 I chatty  : uid=1000(system) android.display expire 10 lines
02-03 11:26:02.048   940 15622 I chatty  : uid=1000(system) Binder:940_1A expire 11 lines
02-03 11:26:02.186   940  1155 I chatty  : uid=1000(system) android.fg expire 10 lines
02-03 11:26:02.650   940 15617 I chatty  : uid=1000(system) Binder:940_15 expire 6 lines
02-03 11:26:02.678   940  1951 I chatty  : uid=1000(system) Binder:940_4 expire 1 line
02-03 11:26:02.953  2889  5077 E ActivityThread: Failed to find provider info for com.google.android.gms.common.phenotype
02-03 11:26:32.631   940  2131 I chatty  : uid=1000(system) Binder:940_8 expire 4 lines
02-03 11:27:53.310  2984  3028 D SoundTriggerDetector: onGenericSoundTriggerDetected()GenericRecognitionEvent ::RecognitionEvent [status=0, soundModelHandle=18, captureAvailable=true, captureSession=2793, captureDelayMs=0, capturePreambleMs=0, triggerInData=false, sampleRate=16000, encoding=2, channelMask=16, data=0]
02-03 11:29:53.708   940  3080 I chatty  : uid=1000(system) Binder:940_E expire 8 lines
02-03 11:30:35.116  2984  3028 D SoundTriggerDetector: onGenericSoundTriggerDetected()GenericRecognitionEvent ::RecognitionEvent [status=0, soundModelHandle=18, captureAvailable=true, captureSession=2793, captureDelayMs=0, capturePreambleMs=0, triggerInData=false, sampleRate=16000, encoding=2, channelMask=16, data=0]
02-03 11:31:33.778   940  3075 I chatty  : uid=1000(system) Binder:940_C expire 7 lines
02-03 11:31:33.812   940 15624 I chatty  : uid=1000(system) Binder:940_1C expire 10 lines
02-03 11:31:33.921   940 15623 I chatty  : uid=1000(system) Binder:940_1B expire 10 lines
02-03 11:31:33.941 13819 27228 E ActivityThread: Failed to find provider info for com.facebook.mlite.sso.MessengerLoggedInUserProvider
02-03 11:31:43.194   989   989 W wificond: Failed to get NL80211_ATTR_STATUS_CODE
02-03 11:34:52.462  2984  3028 D SoundTriggerDetector: onGenericSoundTriggerDetected()GenericRecognitionEvent ::RecognitionEvent [status=0, soundModelHandle=18, captureAvailable=true, captureSession=2793, captureDelayMs=0, capturePreambleMs=0, triggerInData=false, sampleRate=16000, encoding=2, channelMask=16, data=0]
02-03 11:35:58.121  2984  3028 D SoundTriggerDetector: onGenericSoundTriggerDetected()GenericRecognitionEvent ::RecognitionEvent [status=0, soundModelHandle=18, captureAvailable=true, captureSession=2793, captureDelayMs=0, capturePreambleMs=0, triggerInData=false, sampleRate=16000, encoding=2, channelMask=16, data=0]
02-03 11:36:35.192   940  1129 I chatty  : uid=1000(system) android.bg expire 10 lines
02-03 11:37:00.515  2984  3028 D SoundTriggerDetector: onGenericSoundTriggerDetected()GenericRecognitionEvent ::RecognitionEvent [status=0, soundModelHandle=18, captureAvailable=true, captureSession=2793, captureDelayMs=0, capturePreambleMs=0, triggerInData=false, sampleRate=16000, encoding=2, channelMask=16, data=0]
02-03 11:38:57.480  2984  3028 D SoundTriggerDetector: onGenericSoundTriggerDetected()GenericRecognitionEvent ::RecognitionEvent [status=0, soundModelHandle=18, captureAvailable=true, captureSession=2793, captureDelayMs=0, capturePreambleMs=0, triggerInData=false, sampleRate=16000, encoding=2, channelMask=16, data=0]
02-03 11:39:08.049   940  1847 I chatty  : uid=1000(system) ConnectivitySer expire 5 lines
02-03 11:39:33.424   940  1132 I chatty  : uid=1000(system) android.ui expire 1 line
02-03 11:41:17.862  2984  3028 D SoundTriggerDetector: onGenericSoundTriggerDetected()GenericRecognitionEvent ::RecognitionEvent [status=0, soundModelHandle=18, captureAvailable=true, captureSession=2793, captureDelayMs=0, capturePreambleMs=0, triggerInData=false, sampleRate=16000, encoding=2, channelMask=16, data=0]
02-03 11:42:02.559   940  1159 I chatty  : uid=1000(system) PowerManagerSer expire 16 lines
02-03 11:42:02.751   940  3078 I chatty  : uid=1000(system) Binder:940_D expire 2 lines
02-03 11:42:03.845   940 23935 I chatty  : uid=1000(system) Binder:940_1E expire 10 lines
02-03 11:42:04.956   940 15618 I chatty  : uid=1000(system) Binder:940_16 expire 6 lines
02-03 11:42:06.142   940 15622 I chatty  : uid=1000(system) Binder:940_1A expire 1 line
02-03 11:42:09.574  2889  5077 E ActivityThread: Failed to find provider info for com.google.android.gms.common.phenotype
02-03 11:42:25.684  2984  3017 D SoundTriggerDetector: onGenericSoundTriggerDetected()GenericRecognitionEvent ::RecognitionEvent [status=0, soundModelHandle=18, captureAvailable=true, captureSession=2793, captureDelayMs=0, capturePreambleMs=0, triggerInData=false, sampleRate=16000, encoding=2, channelMask=16, data=0]
02-03 11:42:39.064   940  1916 I chatty  : uid=1000(system) Binder:940_3 expire 11 lines
02-03 11:42:39.110   940  1147 I chatty  : uid=1000(system) batterystats-wo expire 1 line
02-03 11:42:39.135   940  3020 I chatty  : uid=1000(system) Binder:940_9 expire 2 lines
02-03 11:43:03.856 27967 27967 D ActivityThread: Loading provider com.whatsapp.provider.contact: com.whatsapp.contact.ContactProvider
02-03 11:43:13.536   989   989 W wificond: Failed to get NL80211_ATTR_STATUS_CODE
02-03 11:48:06.726   940  1159 I chatty  : uid=1000(system) PowerManagerSer expire 8 lines
02-03 11:49:03.177   940   940 I chatty  : uid=1000 system_server expire 8 lines
02-03 11:49:03.178  2915  2929 I AlwaysOnHotwordDetector: onDetected
02-03 11:49:31.194   940 12940 I chatty  : uid=1000(system) HwBinder:940_5 expire 3 lines
02-03 11:49:31.273   940 23934 I chatty  : uid=1000(system) Binder:940_1D expire 2 lines
02-03 11:49:37.979   940 15624 I chatty  : uid=1000(system) Binder:940_1C expire 1 line
02-03 11:51:03.953   989   989 W wificond: Failed to get NL80211_ATTR_STATUS_CODE
02-03 11:52:00.098   940  1839 I chatty  : uid=1000(system) NetworkPolicy expire 3 lines
02-03 11:54:05.702  2984  2999 D SoundTriggerDetector: onGenericSoundTriggerDetected()GenericRecognitionEvent ::RecognitionEvent [status=0, soundModelHandle=18, captureAvailable=true, captureSession=2793, captureDelayMs=0, capturePreambleMs=0, triggerInData=false, sampleRate=16000, encoding=2, channelMask=16, data=0]
02-03 11:59:11.222   989   989 W wificond: Failed to get NL80211_ATTR_STATUS_CODE
02-03 11:59:42.043   940  1130 I chatty  : uid=1000(system) ActivityManager expire 2 lines
02-03 12:08:22.824   989   989 W wificond: Failed to get NL80211_ATTR_STATUS_CODE
02-03 12:08:39.031   940  1916 I chatty  : uid=1000(system) Binder:940_3 expire 1 line
02-03 12:08:59.806   989   989 W wificond: Failed to get NL80211_ATTR_STATUS_CODE
02-03 12:11:51.531   940  4059 I chatty  : uid=1000(system) Binder:940_F expire 1 line
02-03 12:11:51.533   940  1674 I chatty  : uid=1000(system) android.anim expire 1 line
02-03 12:11:51.634   940  1159 I chatty  : uid=1000(system) PowerManagerSer expire 23 lines
02-03 12:11:51.695   940 15617 I chatty  : uid=1000(system) Binder:940_15 expire 1 line
02-03 12:11:51.695   940  1916 I chatty  : uid=1000(system) Binder:940_3 expire 1 line
02-03 12:11:51.720   940  1699 I chatty  : uid=1000(system) InputReader expire 5 lines
02-03 12:11:51.855   940  1157 I chatty  : uid=1000(system) android.display expire 14 lines
02-03 12:11:51.874   940  8291 I chatty  : uid=1000(system) Binder:940_11 expire 7 lines
02-03 12:11:51.877   940  1132 I chatty  : uid=1000(system) android.ui expire 3 lines
02-03 12:11:52.033   940 15624 I chatty  : uid=1000(system) Binder:940_1C expire 1 line
02-03 12:11:52.063   940  1951 I chatty  : uid=1000(system) Binder:940_4 expire 7 lines
02-03 12:11:52.084   940   955 I chatty  : uid=1000(system) Binder:940_2 expire 3 lines
02-03 12:11:52.098   940 23935 I chatty  : uid=1000(system) Binder:940_1E expire 7 lines
02-03 12:11:52.111   940  3075 I chatty  : uid=1000(system) Binder:940_C expire 6 lines
02-03 12:11:52.132   940 15547 I chatty  : uid=1000(system) Binder:940_14 expire 5 lines
02-03 12:11:52.240   940  1155 I chatty  : uid=1000(system) android.fg expire 11 lines
02-03 12:11:53.354   940  1698 I chatty  : uid=1000(system) InputDispatcher expire 2 lines
02-03 12:11:53.380   940   940 I chatty  : uid=1000 system_server expire 14 lines
02-03 12:11:53.624   940  1952 I chatty  : uid=1000(system) Binder:940_5 expire 3 lines
02-03 12:11:56.405  2889  5077 E ActivityThread: Failed to find provider info for com.google.android.gms.common.phenotype
02-03 12:11:56.759   940 15620 I chatty  : uid=1000(system) Binder:940_18 expire 3 lines
02-03 12:12:34.514   940  1147 I chatty  : uid=1000(system) batterystats-wo expire 4 lines
02-03 12:12:34.701   940  1130 I chatty  : uid=1000(system) ActivityManager expire 11 lines
02-03 12:12:43.163   940  3073 I chatty  : uid=1000(system) Binder:940_A expire 6 lines
02-03 12:13:20.952   940  1695 I chatty  : uid=1000(system) HwBinder:940_2 expire 1 line
02-03 12:13:38.761  2889  5077 E ActivityThread: Failed to find provider info for com.google.android.gms.common.phenotype
02-03 12:13:52.092   940  1159 I chatty  : uid=1000(system) PowerManagerSer expire 10 lines
02-03 12:13:52.718   940  1155 I chatty  : uid=1000(system) android.fg expire 8 lines
02-03 12:13:52.889   940  4063 I chatty  : uid=1000(system) Binder:940_10 expire 2 lines
02-03 12:14:20.369   989   989 W wificond: Failed to get NL80211_ATTR_STATUS_CODE
02-03 12:14:38.916   989   989 W wificond: Failed to get NL80211_ATTR_STATUS_CODE
02-03 12:14:40.446   940  2131 I chatty  : uid=1000(system) Binder:940_8 expire 2 lines
02-03 12:15:20.100   940  1847 I chatty  : uid=1000(system) ConnectivitySer expire 8 lines
02-03 12:15:20.127   989   989 I wificond: Pno scan started
02-03 12:15:20.138   989   989 I wificond: Pno scan stopped
02-03 12:15:20.220   940  1839 I chatty  : uid=1000(system) NetworkPolicy expire 9 lines
02-03 12:15:20.899   940 15622 I chatty  : uid=1000(system) Binder:940_1A expire 1 line
02-03 12:15:22.261 30354 30354 E ActivityThread: Failed to find provider info for com.tencent.mm.coolassist.debugprovider
02-03 12:15:25.310   989   989 I wificond: Pno scan started
02-03 12:15:25.349   989   989 I wificond: Pno scan stopped
02-03 12:15:30.781   989   989 I wificond: Pno scan started
02-03 12:15:30.828   989   989 I wificond: Pno scan stopped
02-03 12:15:36.206   989   989 I wificond: Pno scan started
02-03 12:15:36.241   989   989 I wificond: Pno scan stopped
02-03 12:15:38.128  2984  2999 D SoundTriggerDetector: onGenericSoundTriggerDetected()GenericRecognitionEvent ::RecognitionEvent [status=0, soundModelHandle=18, captureAvailable=true, captureSession=2793, captureDelayMs=0, capturePreambleMs=0, triggerInData=false, sampleRate=16000, encoding=2, channelMask=16, data=0]
02-03 12:15:41.591   989   989 I wificond: Pno scan started
02-03 12:15:41.616   989   989 I wificond: Pno scan stopped
02-03 12:15:46.671   989   989 I wificond: Pno scan started
02-03 12:15:46.694   989   989 I wificond: Pno scan stopped
02-03 12:15:51.739   989   989 I wificond: Pno scan started
02-03 12:15:51.769   989   989 I wificond: Pno scan stopped
02-03 12:15:57.038   989   989 I wificond: Pno scan started
02-03 12:15:57.060   989   989 I wificond: Pno scan stopped
02-03 12:16:02.373   989   989 I wificond: Pno scan started
02-03 12:16:02.413   989   989 I wificond: Pno scan stopped
02-03 12:16:07.440   989   989 I wificond: Pno scan started
02-03 12:16:07.473   989   989 I wificond: Pno scan stopped
02-03 12:16:12.510   989   989 I wificond: Pno scan started
02-03 12:16:12.530   989   989 I wificond: Pno scan stopped
02-03 12:16:17.575   989   989 I wificond: Pno scan started
02-03 12:16:17.596   989   989 I wificond: Pno scan stopped
02-03 12:16:22.782   989   989 I wificond: Pno scan started
02-03 12:16:22.809   989   989 I wificond: Pno scan stopped
02-03 12:16:28.203   989   989 I wificond: Pno scan started
02-03 12:16:28.233   989   989 I wificond: Pno scan stopped
02-03 12:16:33.707   989   989 I wificond: Pno scan started
02-03 12:16:33.732   989   989 I wificond: Pno scan stopped
02-03 12:16:39.227   989   989 I wificond: Pno scan started
02-03 12:16:39.260   989   989 I wificond: Pno scan stopped
02-03 12:16:44.493   989   989 I wificond: Pno scan started
02-03 12:16:44.540   989   989 I wificond: Pno scan stopped
02-03 12:16:49.995   989   989 I wificond: Pno scan started
02-03 12:16:50.016   989   989 I wificond: Pno scan stopped
02-03 12:16:55.780   989   989 I wificond: Pno scan started
02-03 12:16:55.804   989   989 I wificond: Pno scan stopped
02-03 12:17:01.382   989   989 I wificond: Pno scan started
02-03 12:17:01.401   989   989 I wificond: Pno scan stopped
02-03 12:17:06.587   989   989 I wificond: Pno scan started
02-03 12:17:06.604   989   989 I wificond: Pno scan stopped
02-03 12:17:12.137   989   989 I wificond: Pno scan started
02-03 12:17:12.173   989   989 I wificond: Pno scan stopped
02-03 12:17:14.007   940  1159 I chatty  : uid=1000(system) PowerManagerSer expire 20 lines
02-03 12:17:17.499   940 23934 I chatty  : uid=1000(system) Binder:940_1D expire 4 lines
02-03 12:17:17.812   940 15546 I chatty  : uid=1000(system) Binder:940_13 expire 2 lines
02-03 12:17:17.821   940 15619 I chatty  : uid=1000(system) Binder:940_17 expire 2 lines
02-03 12:17:20.530   940   940 I chatty  : uid=1000 system_server expire 2 lines
02-03 12:17:21.751   940 15545 I chatty  : uid=1000(system) Binder:940_12 expire 2 lines
02-03 12:17:21.761   940 15623 I chatty  : uid=1000(system) Binder:940_1B expire 7 lines
02-03 12:17:21.805   940  1130 I chatty  : uid=1000(system) ActivityManager expire 1 line
02-03 12:17:26.971   940  4059 I chatty  : uid=1000(system) Binder:940_F expire 1 line
02-03 12:17:40.544   940  3078 I chatty  : uid=1000(system) Binder:940_D expire 10 lines
02-03 12:17:46.522   940  4059 I chatty  : uid=1000(system) Binder:940_F expire 10 lines
02-03 12:17:48.582   940 23934 I chatty  : uid=1000(system) Binder:940_1D expire 5 lines
02-03 12:17:52.992   940  3075 I chatty  : uid=1000(system) Binder:940_C expire 10 lines
02-03 12:17:58.751   940  1674 I chatty  : uid=1000(system) android.anim expire 3 lines
02-03 12:18:03.551   940 15546 I chatty  : uid=1000(system) Binder:940_13 expire 6 lines
02-03 12:18:04.077   940  1699 I chatty  : uid=1000(system) InputReader expire 2 lines
02-03 12:18:04.102   940   940 I chatty  : uid=1000 system_server expire 10 lines
02-03 12:18:04.371   940  1159 I chatty  : uid=1000(system) PowerManagerSer expire 10 lines
02-03 12:18:04.497   940  1157 I chatty  : uid=1000(system) android.display expire 7 lines
02-03 12:18:04.648   940  1155 I chatty  : uid=1000(system) android.fg expire 5 lines
02-03 12:18:04.783   989   989 I wificond: Pno scan started
02-03 12:18:31.712   940  1130 I chatty  : uid=1000(system) ActivityManager expire 10 lines
02-03 12:18:54.626   989   989 I wificond: Pno scan stopped
02-03 12:19:00.722   989   989 I wificond: Pno scan started
02-03 12:19:10.040  2984  2999 D SoundTriggerDetector: onGenericSoundTriggerDetected()GenericRecognitionEvent ::RecognitionEvent [status=0, soundModelHandle=18, captureAvailable=true, captureSession=2793, captureDelayMs=0, capturePreambleMs=0, triggerInData=false, sampleRate=16000, encoding=2, channelMask=16, data=0]
02-03 12:20:23.286   940  1129 I chatty  : uid=1000(system) android.bg expire 8 lines
02-03 12:20:23.464 30880 30897 D ActivityThread: Loading provider com.google.android.gmail.provider;com.android.mail.notifier;com.google.android.gm.email.provider;com.google.android.gm.tasks.provider;com.google.android.gm.email.notifier: com.android.email.provider.EmailProvider
02-03 12:20:23.561   940 15623 I chatty  : uid=1000(system) Binder:940_1B expire 7 lines
02-03 12:20:45.168   989   989 I wificond: Pno scan result ready event
02-03 12:20:45.176   989   989 I wificond: Pno scan stopped
02-03 12:20:45.197   989   989 W wificond: Scan is not started. Ignore abort request
02-03 12:20:45.297   940  1842 I chatty  : uid=1000(system) WifiStateMachin expire 2 lines
02-03 12:20:45.297   940  1847 I chatty  : uid=1000(system) ConnectivitySer expire 11 lines
02-03 12:21:01.503   989   989 W wificond: Failed to get NL80211_ATTR_STATUS_CODE
02-03 12:21:05.722   940  8291 I chatty  : uid=1000(system) Binder:940_11 expire 4 lines
02-03 12:21:05.960 31036 31036 D ActivityThread: Loading provider com.whatsapp.provider.contact: com.whatsapp.contact.ContactProvider
02-03 12:21:22.544   989   989 I wificond: Pno scan started
02-03 12:21:22.551   940  1839 I chatty  : uid=1000(system) NetworkPolicy expire 11 lines
02-03 12:21:38.594   989   989 I wificond: Pno scan stopped
02-03 12:21:38.595   940  1159 I chatty  : uid=1000(system) PowerManagerSer expire 13 lines
02-03 12:21:38.776   940  1147 I chatty  : uid=1000(system) batterystats-wo expire 2 lines
02-03 12:21:38.777   940  1952 I chatty  : uid=1000(system) Binder:940_5 expire 1 line
02-03 12:21:38.979   940 15621 I chatty  : uid=1000(system) Binder:940_19 expire 1 line
02-03 12:21:39.382   940 15545 I chatty  : uid=1000(system) Binder:940_12 expire 2 lines
02-03 12:21:39.400   940 15620 I chatty  : uid=1000(system) Binder:940_18 expire 2 lines
02-03 12:21:46.777  2098  2098 D MccTable: updateMccMncConfiguration mccmnc='' fromServiceState=true
02-03 12:21:46.777  2098  2098 D MccTable: WIFI_COUNTRY_CODE set to 
02-03 12:21:46.829  2098  2098 I Telephony: PstnIncomingCallNotifier: Unregistering: Handler (com.android.internal.telephony.GsmCdmaPhone) {6328513}
02-03 12:21:46.853   940  3080 I chatty  : uid=1000(system) Binder:940_E expire 1 line
02-03 12:21:46.856  2098  2098 I Telephony: AccountEntry: Registered phoneAccount: [[ ] PhoneAccount: ComponentInfo{com.android.phone/com.android.services.telephony.TelephonyConnectionService}, [****], UserHandle{0} Capabilities: CallProvider MultiUser PlaceEmerg SimSub  Audio Routes: BESW Schemes: tel voicemail  Extras: Bundle[{android.telecom.extra.SUPPORTS_VIDEO_CALLING_FALLBACK=true, android.telecom.extra.SUPPORTS_HANDOVER_FROM=true}] GroupId: [****]] with handle: ComponentInfo{com.android.phone/com.android.services.telephony.TelephonyConnectionService}, [****], UserHandle{0}
02-03 12:21:46.856  2098  2098 I Telephony: PstnIncomingCallNotifier: Registering: Handler (com.android.internal.telephony.GsmCdmaPhone) {6328513}
02-03 12:21:46.902  2098  2098 I Telephony: PstnPhoneCapabilitiesNotifier: handleVideoCapabilitesChanged. Video capability - false
02-03 12:21:46.909   940   955 I chatty  : uid=1000(system) Binder:940_2 expire 1 line
02-03 12:21:46.926  2098  2098 I Telephony: PstnIncomingCallNotifier: Unregistering: Handler (com.android.internal.telephony.GsmCdmaPhone) {6328513}
02-03 12:21:46.936  2098  2098 I Telephony: AccountEntry: Registered phoneAccount: [[ ] PhoneAccount: ComponentInfo{com.android.phone/com.android.services.telephony.TelephonyConnectionService}, [****], UserHandle{0} Capabilities: CallProvider MultiUser PlaceEmerg SimSub  Audio Routes: BESW Schemes: tel voicemail  Extras: Bundle[{android.telecom.extra.SUPPORTS_VIDEO_CALLING_FALLBACK=true, android.telecom.extra.SUPPORTS_HANDOVER_FROM=true}] GroupId: [****]] with handle: ComponentInfo{com.android.phone/com.android.services.telephony.TelephonyConnectionService}, [****], UserHandle{0}
02-03 12:21:46.936  2098  2098 I Telephony: PstnIncomingCallNotifier: Registering: Handler (com.android.internal.telephony.GsmCdmaPhone) {6328513}
02-03 12:21:46.937   940  1839 I chatty  : uid=1000(system) NetworkPolicy expire 13 lines
02-03 12:21:46.953  2098  2098 I Telephony: PstnPhoneCapabilitiesNotifier: handleVideoCapabilitesChanged. Video capability - false
02-03 12:21:47.232   940  1847 I chatty  : uid=1000(system) ConnectivitySer expire 9 lines
02-03 12:21:48.381  2098  2098 D MccTable: updateMccMncConfiguration mccmnc='310410' fromServiceState=true
02-03 12:21:48.381  2098  2098 D MccTable: updateMccMncConfiguration defaultMccMnc=310410
02-03 12:21:48.382  2098  2098 D MccTable: updateMccMncConfiguration: mcc=310, mnc=410
02-03 12:21:48.382  2098  2098 D MccTable: WIFI_COUNTRY_CODE set to us
02-03 12:21:48.400   940   940 I chatty  : uid=1000 system_server expire 11 lines
02-03 12:21:48.401  2098  2098 I Telephony: PstnIncomingCallNotifier: Unregistering: Handler (com.android.internal.telephony.GsmCdmaPhone) {6328513}
02-03 12:21:48.423  2098  2098 I Telephony: AccountEntry: Registered phoneAccount: [[ ] PhoneAccount: ComponentInfo{com.android.phone/com.android.services.telephony.TelephonyConnectionService}, [****], UserHandle{0} Capabilities: CallProvider MultiUser PlaceEmerg SimSub  Audio Routes: BESW Schemes: tel voicemail  Extras: Bundle[{android.telecom.extra.SUPPORTS_VIDEO_CALLING_FALLBACK=true, android.telecom.extra.SUPPORTS_HANDOVER_FROM=true}] GroupId: [****]] with handle: ComponentInfo{com.android.phone/com.android.services.telephony.TelephonyConnectionService}, [****], UserHandle{0}
02-03 12:21:48.423  2098  2098 I Telephony: PstnIncomingCallNotifier: Registering: Handler (com.android.internal.telephony.GsmCdmaPhone) {6328513}
02-03 12:22:01.021  2098  2098 I Telephony: PstnPhoneCapabilitiesNotifier: handleVideoCapabilitesChanged. Video capability - false
02-03 12:22:01.102   940  1853 I chatty  : uid=1000(system) onProviders.ECP expire 1 line
02-03 12:22:01.516   940  3075 I chatty  : uid=1000(system) Binder:940_C expire 5 lines
02-03 12:22:01.733 31554 31554 E ActivityThread: Failed to find provider info for com.tencent.mm.coolassist.debugprovider
02-03 12:22:01.919   940 15547 I chatty  : uid=1000(system) Binder:940_14 expire 2 lines
02-03 12:22:06.581   940  1130 I chatty  : uid=1000(system) ActivityManager expire 8 lines
02-03 12:22:06.685   940  1132 I chatty  : uid=1000(system) android.ui expire 6 lines
02-03 12:22:07.039   940  1839 I chatty  : uid=1000(system) NetworkPolicy expire 3 lines
02-03 12:22:08.838   940 15622 I chatty  : uid=1000(system) Binder:940_1A expire 4 lines
02-03 12:22:08.878   940 23936 I chatty  : uid=1000(system) Binder:940_1F expire 1 line
02-03 12:22:08.884   940 23935 I chatty  : uid=1000(system) Binder:940_1E expire 1 line
02-03 12:22:14.475   940  1698 I chatty  : uid=1000(system) InputDispatcher expire 1 line
02-03 12:22:17.110   989   989 I wificond: Pno scan started
02-03 12:22:17.367   940  1159 I chatty  : uid=1000(system) PowerManagerSer expire 1 line
02-03 12:22:18.541   940 23937 I chatty  : uid=1000(system) Binder:940_20 expire 17 lines
02-03 12:22:19.262   989   989 I wificond: Pno scan result ready event
02-03 12:22:19.277   989   989 I wificond: Pno scan stopped
02-03 12:22:19.295   989   989 W wificond: Scan is not started. Ignore abort request
02-03 12:22:19.422   940  1847 I chatty  : uid=1000(system) ConnectivitySer expire 11 lines
02-03 12:22:20.351   940 15623 I chatty  : uid=1000(system) Binder:940_1B expire 2 lines
02-03 12:22:20.802   940  1839 I chatty  : uid=1000(system) NetworkPolicy expire 18 lines
02-03 12:22:21.631   940  3078 I chatty  : uid=1000(system) Binder:940_D expire 2 lines
02-03 12:22:22.076   940  1130 I chatty  : uid=1000(system) ActivityManager expire 13 lines
02-03 12:22:25.055   989   989 W wificond: Failed to get NL80211_ATTR_STATUS_CODE
02-03 12:22:27.467   940  1159 I chatty  : uid=1000(system) PowerManagerSer expire 10 lines
02-03 12:22:27.470   940  1157 I chatty  : uid=1000(system) android.display expire 9 lines
02-03 12:22:39.287   989   989 W wificond: Failed to get NL80211_ATTR_STATUS_CODE
02-03 12:22:50.929   940  1847 I chatty  : uid=1000(system) ConnectivitySer expire 4 lines
02-03 12:23:20.091   940  1839 I chatty  : uid=1000(system) NetworkPolicy expire 6 lines
02-03 12:24:31.731   989   989 W wificond: Failed to get NL80211_ATTR_STATUS_CODE
02-03 12:24:39.040   989   989 I chatty  : uid=1010(wifi) /system/bin/wificond identical 1 line
02-03 12:25:21.105   989   989 W wificond: Failed to get NL80211_ATTR_STATUS_CODE
02-03 12:25:21.308   940 15620 I chatty  : uid=1000(system) Binder:940_18 expire 2 lines
02-03 12:25:21.361   940  1952 I chatty  : uid=1000(system) Binder:940_5 expire 5 lines
02-03 12:26:07.181   989   989 W wificond: Failed to get NL80211_ATTR_STATUS_CODE
02-03 12:26:39.287   940  1699 I chatty  : uid=1000(system) InputReader expire 5 lines
02-03 12:26:39.651   940  1155 I chatty  : uid=1000(system) android.fg expire 7 lines
02-03 12:26:39.660   940 15624 I chatty  : uid=1000(system) Binder:940_1C expire 4 lines
02-03 12:26:40.441  2889  5077 E ActivityThread: Failed to find provider info for com.google.android.gms.common.phenotype
02-03 12:26:48.342   940  1159 I chatty  : uid=1000(system) PowerManagerSer expire 18 lines
02-03 12:26:48.967   940 23935 I chatty  : uid=1000(system) Binder:940_1E expire 11 lines
02-03 12:26:49.393   940   940 I chatty  : uid=1000 system_server expire 12 lines
02-03 12:26:49.675   940 15622 I chatty  : uid=1000(system) Binder:940_1A expire 5 lines
02-03 12:26:49.748   940  4059 I chatty  : uid=1000(system) Binder:940_F expire 3 lines
02-03 12:26:49.755   940 23934 I chatty  : uid=1000(system) Binder:940_1D expire 6 lines
02-03 12:26:49.812   940  1147 I chatty  : uid=1000(system) batterystats-wo expire 4 lines
02-03 12:26:53.228   940  2116 I chatty  : uid=1000(system) Binder:940_6 expire 9 lines
02-03 12:26:59.485   989   989 W wificond: Failed to get NL80211_ATTR_STATUS_CODE
02-03 12:27:07.458   989   989 W wificond: Failed to get NL80211_ATTR_STATUS_CODE
02-03 12:27:22.818   940  1132 I chatty  : uid=1000(system) android.ui expire 5 lines
02-03 12:27:23.009   989   989 W wificond: Failed to get NL80211_ATTR_STATUS_CODE
02-03 12:27:23.467   940  1674 I chatty  : uid=1000(system) android.anim expire 3 lines
02-03 12:27:26.365   940  2178 I chatty  : uid=1000(system) BluetoothRouteM expire 3 lines
02-03 12:27:26.366   940  2181 I chatty  : uid=1000(system) uteStateMachine expire 5 lines
02-03 12:27:28.307   989   989 W wificond: Failed to get NL80211_ATTR_STATUS_CODE
02-03 12:27:31.637   940  1698 I chatty  : uid=1000(system) InputDispatcher expire 3 lines
02-03 12:27:47.491   940  1129 I chatty  : uid=1000(system) android.bg expire 4 lines
02-03 12:27:55.582   989   989 W wificond: Failed to get NL80211_ATTR_STATUS_CODE
02-03 12:28:05.007   940  1130 I chatty  : uid=1000(system) ActivityManager expire 4 lines
02-03 12:28:13.882   940  3075 I chatty  : uid=1000(system) Binder:940_C expire 2 lines
02-03 12:28:15.012   940 15618 I chatty  : uid=1000(system) Binder:940_16 expire 4 lines
02-03 12:28:15.096   940  3074 I chatty  : uid=1000(system) Binder:940_B expire 4 lines
