02-04 01:30:27.500   940   955 I chatty  : uid=1000(system) Binder:940_2 expire 5 lines
02-04 01:30:27.544   940 15546 I chatty  : uid=1000(system) Binder:940_13 expire 2 lines
02-04 01:30:27.557   940 23934 I chatty  : uid=1000(system) Binder:940_1D expire 3 lines
02-04 01:30:27.673   940  3075 I chatty  : uid=1000(system) Binder:940_C expire 2 lines
02-04 01:30:28.284   940 15619 I chatty  : uid=1000(system) Binder:940_17 expire 3 lines
02-04 01:32:38.527   940 23935 I chatty  : uid=1000(system) Binder:940_1E expire 1 line
02-04 01:32:38.551   940  1952 I chatty  : uid=1000(system) Binder:940_5 expire 4 lines
02-04 01:32:39.145   940  8291 I chatty  : uid=1000(system) Binder:940_11 expire 2 lines
02-04 01:33:10.300   940  1698 I chatty  : uid=1000(system) InputDispatcher expire 1 line
02-04 01:33:12.445   940 15546 I chatty  : uid=1000(system) Binder:940_13 expire 7 lines
02-04 01:33:15.620   940  1839 I chatty  : uid=1000(system) NetworkPolicy expire 12 lines
02-04 01:33:25.961   940  3075 I chatty  : uid=1000(system) Binder:940_C expire 7 lines
02-04 01:33:30.177   940   940 I chatty  : uid=1000 system_server expire 10 lines
02-04 01:33:39.379 27264 27264 W ViewRootImpl[MainActivity]: Dropping event due to root view being removed: MotionEvent { action=ACTION_UP, actionButton=0, id[0]=0, x[0]=-32.00347, y[0]=1930.1104, toolType[0]=TOOL_TYPE_FINGER, buttonState=0, metaState=0, flags=0x0, edgeFlags=0x0, pointerCount=1, historySize=0, eventTime=108306745, downTime=108306737, deviceId=5, source=0x1002 }
02-04 01:33:43.153   940  1839 I chatty  : uid=1000(system) NetworkPolicy expire 141 lines
02-04 01:33:48.726   940 23934 I chatty  : uid=1000(system) Binder:940_1D expire 3 lines
02-04 01:36:54.174   940 23935 I chatty  : uid=1000(system) Binder:940_1E expire 1 line
02-04 01:37:02.470   940  1130 I chatty  : uid=1000(system) ActivityManager expire 17 lines
02-04 01:37:02.613   940 15547 I chatty  : uid=1000(system) Binder:940_14 expire 4 lines
02-04 01:38:31.757 27264 27264 E AndroidRuntime: FATAL EXCEPTION: main
02-04 01:38:31.757 27264 27264 E AndroidRuntime: Process: com.agorareact, PID: 27264
02-04 01:38:31.757 27264 27264 E AndroidRuntime: android.view.WindowManager$BadTokenException: Unable to add window -- token android.os.BinderProxy@1ad9f5c is not valid; is your activity running?
02-04 01:38:31.757 27264 27264 E AndroidRuntime: 	at android.view.ViewRootImpl.setView(ViewRootImpl.java:765)
02-04 01:38:31.757 27264 27264 E AndroidRuntime: 	at android.view.WindowManagerGlobal.addView(WindowManagerGlobal.java:356)
02-04 01:38:31.757 27264 27264 E AndroidRuntime: 	at android.view.WindowManagerImpl.addView(WindowManagerImpl.java:93)
02-04 01:38:31.757 27264 27264 E AndroidRuntime: 	at android.app.Dialog.show(Dialog.java:330)
02-04 01:38:31.757 27264 27264 E AndroidRuntime: 	at com.facebook.react.devsupport.DevSupportManagerImpl$4.run(DevSupportManagerImpl.java:398)
02-04 01:38:31.757 27264 27264 E AndroidRuntime: 	at android.os.Handler.handleCallback(Handler.java:790)
02-04 01:38:31.757 27264 27264 E AndroidRuntime: 	at android.os.Handler.dispatchMessage(Handler.java:99)
02-04 01:38:31.757 27264 27264 E AndroidRuntime: 	at android.os.Looper.loop(Looper.java:164)
02-04 01:38:31.757 27264 27264 E AndroidRuntime: 	at android.app.ActivityThread.main(ActivityThread.java:6494)
02-04 01:38:31.757 27264 27264 E AndroidRuntime: 	at java.lang.reflect.Method.invoke(Native Method)
02-04 01:38:31.757 27264 27264 E AndroidRuntime: 	at com.android.internal.os.RuntimeInit$MethodAndArgsCaller.run(RuntimeInit.java:438)
02-04 01:38:31.757 27264 27264 E AndroidRuntime: 	at com.android.internal.os.ZygoteInit.main(ZygoteInit.java:807)
02-04 01:38:31.767   940  1132 I chatty  : uid=1000(system) android.ui expire 3 lines
02-04 01:38:32.614   940  8291 I chatty  : uid=1000(system) Binder:940_11 expire 2 lines
02-04 01:38:36.671   940  1157 I chatty  : uid=1000(system) android.display expire 2 lines
02-04 01:38:36.750   940  1674 I chatty  : uid=1000(system) android.anim expire 1 line
02-04 01:38:37.230   940 23936 I chatty  : uid=1000(system) Binder:940_1F expire 1 line
02-04 01:38:51.687   940  1169 I chatty  : uid=1000(system) PackageManager expire 8 lines
02-04 01:38:52.013   940   954 I chatty  : uid=1000(system) Binder:940_1 expire 2 lines
02-04 01:38:52.098   940  3020 I chatty  : uid=1000(system) Binder:940_9 expire 5 lines
02-04 01:38:52.197   940 15622 I chatty  : uid=1000(system) Binder:940_1A expire 4 lines
02-04 01:39:24.619   940  2130 I chatty  : uid=1000(system) Binder:940_7 expire 2 lines
02-04 01:42:11.017   940 15621 I chatty  : uid=1000(system) Binder:940_19 expire 1 line
02-04 01:43:23.497 28889 28889 W ViewRootImpl[MainActivity]: Dropping event due to root view being removed: MotionEvent { action=ACTION_UP, actionButton=0, id[0]=0, x[0]=-26.007633, y[0]=1657.2051, toolType[0]=TOOL_TYPE_FINGER, buttonState=0, metaState=0, flags=0x0, edgeFlags=0x0, pointerCount=1, historySize=0, eventTime=108890840, downTime=108890832, deviceId=5, source=0x1002 }
02-04 01:43:25.793   940  1839 I chatty  : uid=1000(system) NetworkPolicy expire 16 lines
02-04 01:43:51.499   940  1130 I chatty  : uid=1000(system) ActivityManager expire 3 lines
02-04 01:43:51.570   940  1147 I chatty  : uid=1000(system) batterystats-wo expire 3 lines
02-04 01:44:03.939   940  1839 I chatty  : uid=1000(system) NetworkPolicy expire 188 lines
02-04 01:44:04.687   940  2130 I chatty  : uid=1000(system) Binder:940_7 expire 1 line
02-04 01:44:05.551   940  1130 I chatty  : uid=1000(system) ActivityManager expire 16 lines
02-04 01:44:05.586   940 15622 I chatty  : uid=1000(system) Binder:940_1A expire 1 line
02-04 01:44:05.589   940  1952 I chatty  : uid=1000(system) Binder:940_5 expire 7 lines
02-04 01:44:05.630   940  1169 I chatty  : uid=1000(system) PackageManager expire 8 lines
02-04 01:44:05.652   940  1157 I chatty  : uid=1000(system) android.display expire 2 lines
02-04 01:44:05.655   940  1132 I chatty  : uid=1000(system) android.ui expire 1 line
02-04 01:44:06.058   940 23935 I chatty  : uid=1000(system) Binder:940_1E expire 6 lines
02-04 01:44:06.065   940 15619 I chatty  : uid=1000(system) Binder:940_17 expire 3 lines
02-04 01:44:06.114   940  3075 I chatty  : uid=1000(system) Binder:940_C expire 5 lines
02-04 01:44:06.404   940   940 I chatty  : uid=1000 system_server expire 4 lines
02-04 01:44:13.879   940  1916 I chatty  : uid=1000(system) Binder:940_3 expire 1 line
02-04 01:44:37.955   940  4059 I chatty  : uid=1000(system) Binder:940_F expire 2 lines
02-04 01:46:01.772   940  1129 I chatty  : uid=1000(system) android.bg expire 1 line
02-04 01:47:50.992   940  4063 I chatty  : uid=1000(system) Binder:940_10 expire 2 lines
02-04 01:47:50.994   940  1847 I chatty  : uid=1000(system) ConnectivitySer expire 1 line
02-04 01:49:40.205   940  3073 I chatty  : uid=1000(system) Binder:940_A expire 2 lines
02-04 01:49:40.221   940 15547 I chatty  : uid=1000(system) Binder:940_14 expire 2 lines
02-04 01:49:40.260   940 23937 I chatty  : uid=1000(system) Binder:940_20 expire 1 line
02-04 01:49:40.292   940  3080 I chatty  : uid=1000(system) Binder:940_E expire 1 line
02-04 01:52:19.669   940  1839 D NetworkStats: Resolving plan for NetworkTemplate: matchRule=MOBILE_ALL, subscriberId=310410..., matchSubscriberIds=[310410...]
02-04 01:52:19.670   940  1839 D NetworkStats: Found active matching subId 1
02-04 01:52:19.674   940  1839 D NetworkStats: Resolved to plan null
02-04 01:52:27.493   940  1839 D NetworkStats: Resolving plan for NetworkTemplate: matchRule=MOBILE_ALL, subscriberId=310410..., matchSubscriberIds=[310410...]
02-04 01:52:27.495   940  1839 D NetworkStats: Found active matching subId 1
02-04 01:52:27.499   940  1839 D NetworkStats: Resolved to plan null
02-04 01:52:35.212   940  1839 D NetworkStats: Resolving plan for NetworkTemplate: matchRule=MOBILE_ALL, subscriberId=310410..., matchSubscriberIds=[310410...]
02-04 01:52:35.213   940  1839 D NetworkStats: Found active matching subId 1
02-04 01:52:35.218   940  1839 D NetworkStats: Resolved to plan null
02-04 01:52:42.636   940  1839 D NetworkStats: Resolving plan for NetworkTemplate: matchRule=MOBILE_ALL, subscriberId=310410..., matchSubscriberIds=[310410...]
02-04 01:52:42.638   940  1839 D NetworkStats: Found active matching subId 1
02-04 01:52:42.641   940  1839 D NetworkStats: Resolved to plan null
02-04 01:52:50.246   940  1839 D NetworkStats: Resolving plan for NetworkTemplate: matchRule=MOBILE_ALL, subscriberId=310410..., matchSubscriberIds=[310410...]
02-04 01:52:50.248   940  1839 D NetworkStats: Found active matching subId 1
02-04 01:52:50.252   940  1839 D NetworkStats: Resolved to plan null
02-04 01:52:57.654   940  1839 D NetworkStats: Resolving plan for NetworkTemplate: matchRule=MOBILE_ALL, subscriberId=310410..., matchSubscriberIds=[310410...]
02-04 01:52:57.656   940  1839 D NetworkStats: Found active matching subId 1
02-04 01:52:57.659   940  1839 D NetworkStats: Resolved to plan null
02-04 01:53:05.243   940  1839 D NetworkStats: Resolving plan for NetworkTemplate: matchRule=MOBILE_ALL, subscriberId=310410..., matchSubscriberIds=[310410...]
02-04 01:53:05.244   940  1839 D NetworkStats: Found active matching subId 1
02-04 01:53:05.250   940  1839 D NetworkStats: Resolved to plan null
02-04 01:53:12.845   940  1839 D NetworkStats: Resolving plan for NetworkTemplate: matchRule=MOBILE_ALL, subscriberId=310410..., matchSubscriberIds=[310410...]
02-04 01:53:12.846   940  1839 D NetworkStats: Found active matching subId 1
02-04 01:53:12.850   940  1839 D NetworkStats: Resolved to plan null
02-04 01:53:20.477   940  1839 D NetworkStats: Resolving plan for NetworkTemplate: matchRule=MOBILE_ALL, subscriberId=310410..., matchSubscriberIds=[310410...]
02-04 01:53:20.479   940  1839 D NetworkStats: Found active matching subId 1
02-04 01:53:20.484   940  1839 D NetworkStats: Resolved to plan null
02-04 01:53:28.133   940  1839 D NetworkStats: Resolving plan for NetworkTemplate: matchRule=MOBILE_ALL, subscriberId=310410..., matchSubscriberIds=[310410...]
02-04 01:53:28.137   940  1839 D NetworkStats: Found active matching subId 1
02-04 01:53:28.148   940  1839 D NetworkStats: Resolved to plan null
02-04 01:53:35.817   940  1839 D NetworkStats: Resolving plan for NetworkTemplate: matchRule=MOBILE_ALL, subscriberId=310410..., matchSubscriberIds=[310410...]
02-04 01:53:35.818   940  1839 D NetworkStats: Found active matching subId 1
02-04 01:53:35.822   940  1839 D NetworkStats: Resolved to plan null
02-04 01:53:43.275   940  1839 D NetworkStats: Resolving plan for NetworkTemplate: matchRule=MOBILE_ALL, subscriberId=310410..., matchSubscriberIds=[310410...]
02-04 01:53:43.276   940  1839 D NetworkStats: Found active matching subId 1
02-04 01:53:43.280   940  1839 D NetworkStats: Resolved to plan null
02-04 01:53:50.209   940  3080 I ActivityManager: Killing 23958:com.infonow.bofa/u0a135 (adj 906): empty for 1806s
02-04 01:53:50.214   940  3080 I ActivityManager: Killing 23982:com.android.chrome:sandboxed_process0/u0a135i185 (adj 906): empty for 1806s
02-04 01:53:50.252   940 15620 D ConnectivityService: ConnectivityService NetworkRequestInfo binderDied(NetworkRequest [ LISTEN id=619, [ Capabilities: INTERNET&NOT_RESTRICTED&TRUSTED] ], android.os.BinderProxy@8da6cb6)
02-04 01:53:50.254   940 23937 W ActivityManager: Exception when unbinding service com.infonow.bofa/org.chromium.content.app.SandboxedProcessService0
02-04 01:53:50.254   940 23937 W ActivityManager: android.os.DeadObjectException
02-04 01:53:50.254   940 23937 W ActivityManager: 	at android.os.BinderProxy.transactNative(Native Method)
02-04 01:53:50.254   940 23937 W ActivityManager: 	at android.os.BinderProxy.transact(Binder.java:764)
02-04 01:53:50.254   940 23937 W ActivityManager: 	at android.app.IApplicationThread$Stub$Proxy.scheduleUnbindService(IApplicationThread.java:1508)
02-04 01:53:50.254   940 23937 W ActivityManager: 	at com.android.server.am.ActiveServices.removeConnectionLocked(ActiveServices.java:2652)
02-04 01:53:50.254   940 23937 W ActivityManager: 	at com.android.server.am.ActiveServices.killServicesLocked(ActiveServices.java:3051)
02-04 01:53:50.254   940 23937 W ActivityManager: 	at com.android.server.am.ActivityManagerService.cleanUpApplicationRecordLocked(ActivityManagerService.java:18048)
02-04 01:53:50.254   940 23937 W ActivityManager: 	at com.android.server.am.ActivityManagerService.handleAppDiedLocked(ActivityManagerService.java:5274)
02-04 01:53:50.254   940 23937 W ActivityManager: 	at com.android.server.am.ActivityManagerService.appDiedLocked(ActivityManagerService.java:5464)
02-04 01:53:50.254   940 23937 W ActivityManager: 	at com.android.server.am.ActivityManagerService$AppDeathRecipient.binderDied(ActivityManagerService.java:1626)
02-04 01:53:50.254   940 23937 W ActivityManager: 	at android.os.BinderProxy.sendDeathNotice(Binder.java:844)
02-04 01:53:50.308   940  1147 D KernelUidCpuTimeReader: Removing uids 99185-99185
02-04 01:53:51.114   940  1839 D NetworkStats: Resolving plan for NetworkTemplate: matchRule=MOBILE_ALL, subscriberId=310410..., matchSubscriberIds=[310410...]
02-04 01:53:51.115   940  1839 D NetworkStats: Found active matching subId 1
02-04 01:53:51.119   940  1839 D NetworkStats: Resolved to plan null
02-04 01:53:58.699   940  1839 D NetworkStats: Resolving plan for NetworkTemplate: matchRule=MOBILE_ALL, subscriberId=310410..., matchSubscriberIds=[310410...]
02-04 01:53:58.701   940  1839 D NetworkStats: Found active matching subId 1
02-04 01:53:58.705   940  1839 D NetworkStats: Resolved to plan null
02-04 01:54:06.311   940  1839 D NetworkStats: Resolving plan for NetworkTemplate: matchRule=MOBILE_ALL, subscriberId=310410..., matchSubscriberIds=[310410...]
02-04 01:54:06.313   940  1839 D NetworkStats: Found active matching subId 1
02-04 01:54:06.318   940  1839 D NetworkStats: Resolved to plan null
02-04 01:54:13.851   940  1839 D NetworkStats: Resolving plan for NetworkTemplate: matchRule=MOBILE_ALL, subscriberId=310410..., matchSubscriberIds=[310410...]
02-04 01:54:13.853   940  1839 D NetworkStats: Found active matching subId 1
02-04 01:54:13.856   940  1839 D NetworkStats: Resolved to plan null
02-04 01:54:21.611   940  1839 D NetworkStats: Resolving plan for NetworkTemplate: matchRule=MOBILE_ALL, subscriberId=310410..., matchSubscriberIds=[310410...]
02-04 01:54:21.613   940  1839 D NetworkStats: Found active matching subId 1
02-04 01:54:21.617   940  1839 D NetworkStats: Resolved to plan null
02-04 01:54:29.285   940  1839 D NetworkStats: Resolving plan for NetworkTemplate: matchRule=MOBILE_ALL, subscriberId=310410..., matchSubscriberIds=[310410...]
02-04 01:54:29.286   940  1839 D NetworkStats: Found active matching subId 1
02-04 01:54:29.293   940  1839 D NetworkStats: Resolved to plan null
02-04 01:54:36.972   940  1839 D NetworkStats: Resolving plan for NetworkTemplate: matchRule=MOBILE_ALL, subscriberId=310410..., matchSubscriberIds=[310410...]
02-04 01:54:36.974   940  1839 D NetworkStats: Found active matching subId 1
02-04 01:54:36.978   940  1839 D NetworkStats: Resolved to plan null
02-04 01:54:44.541   940  1839 D NetworkStats: Resolving plan for NetworkTemplate: matchRule=MOBILE_ALL, subscriberId=310410..., matchSubscriberIds=[310410...]
02-04 01:54:44.542   940  1839 D NetworkStats: Found active matching subId 1
02-04 01:54:44.546   940  1839 D NetworkStats: Resolved to plan null
02-04 01:54:45.729   940  1130 I ActivityManager: Force stopping com.agorareact appid=10195 user=-1: installPackageLI
02-04 01:54:45.729   940  1130 I ActivityManager: Killing 29535:com.agorareact/u0a195 (adj 700): stop com.agorareact
02-04 01:54:45.731   940  1130 I ActivityManager:   Force finishing activity ActivityRecord{3bf2c83 u0 com.agorareact/.MainActivity t370}
02-04 01:54:45.755   940  1157 W ActivityManager: setHasOverlayUi called on unknown pid: 29535
02-04 01:54:45.806   940  1169 I PackageManager: Package com.agorareact codePath changed from /data/app/com.agorareact-AB7paQr7bu9AHMl341bTgw== to /data/app/com.agorareact-xLehu2KH-HhDiMaLWp53vQ==; Retaining data and using new
02-04 01:54:45.807   940  1169 W PackageManager: Code path for com.agorareact changing from /data/app/com.agorareact-AB7paQr7bu9AHMl341bTgw== to /data/app/com.agorareact-xLehu2KH-HhDiMaLWp53vQ==
02-04 01:54:45.807   940  1169 W PackageManager: Resource path for com.agorareact changing from /data/app/com.agorareact-AB7paQr7bu9AHMl341bTgw== to /data/app/com.agorareact-xLehu2KH-HhDiMaLWp53vQ==
02-04 01:54:46.099   940  1169 I ActivityManager: Force stopping com.agorareact appid=10195 user=0: pkg removed
02-04 01:54:46.120   940  1130 W BroadcastQueue: Background execution not allowed: receiving Intent { act=android.intent.action.PACKAGE_REMOVED dat=package:com.agorareact flg=0x4000010 (has extras) } to com.android.musicfx/.Compatibility$Receiver
02-04 01:54:46.172   940   955 W BroadcastQueue: Background execution not allowed: receiving Intent { act=android.intent.action.PACKAGE_REMOVED dat=package:com.agorareact flg=0x4000010 (has extras) } to com.google.android.googlequicksearchbox/com.google.android.apps.gsa.googlequicksearchbox.GelStubAppWatcher
02-04 01:54:46.180   940   955 W BroadcastQueue: Background execution not allowed: receiving Intent { act=android.intent.action.PACKAGE_ADDED dat=package:com.agorareact flg=0x4000010 (has extras) } to com.android.musicfx/.Compatibility$Receiver
02-04 01:54:46.231   940   955 W BroadcastQueue: Background execution not allowed: receiving Intent { act=android.intent.action.PACKAGE_ADDED dat=package:com.agorareact flg=0x4000010 (has extras) } to com.google.android.googlequicksearchbox/com.google.android.apps.gsa.googlequicksearchbox.GelStubAppWatcher
02-04 01:54:46.249   940 23935 W BroadcastQueue: Background execution not allowed: receiving Intent { act=android.intent.action.PACKAGE_REPLACED dat=package:com.agorareact flg=0x4000010 (has extras) } to com.android.musicfx/.Compatibility$Receiver
02-04 01:54:46.249   940  1130 W BroadcastQueue: Background execution not allowed: receiving Intent { act=android.intent.action.PACKAGE_REPLACED dat=package:com.agorareact flg=0x4000010 (has extras) } to com.google.android.apps.photos/.account.full.FetchAccountPropertiesAppUpgradeBroadcastReceiver
02-04 01:54:46.250   940  1130 W BroadcastQueue: Background execution not allowed: receiving Intent { act=android.intent.action.PACKAGE_REPLACED dat=package:com.agorareact flg=0x4000010 (has extras) } to com.google.android.apps.photos/.backgroundsignin.BackgroundSignInBroadcastReceiver
02-04 01:54:46.250   940  1130 W BroadcastQueue: Background execution not allowed: receiving Intent { act=android.intent.action.PACKAGE_REPLACED dat=package:com.agorareact flg=0x4000010 (has extras) } to com.google.android.apps.photos/.experiments.phenotype.full.PhenotypeAppUpgradeBroadcastReceiver
02-04 01:54:46.250   940  1130 W BroadcastQueue: Background execution not allowed: receiving Intent { act=android.intent.action.PACKAGE_REPLACED dat=package:com.agorareact flg=0x4000010 (has extras) } to com.google.android.apps.photos/.notificationchannels.AppUpdateBroadcastReceiver
02-04 01:54:46.287   940  2131 W BroadcastQueue: Background execution not allowed: receiving Intent { act=android.intent.action.PACKAGE_REPLACED dat=package:com.agorareact flg=0x4000010 (has extras) } to com.google.android.googlequicksearchbox/com.google.android.apps.gsa.googlequicksearchbox.GelStubAppWatcher
02-04 01:54:46.306   940   940 I Telecom : DefaultDialerCache: Refreshing default dialer for user 0: now com.google.android.dialer: DDC.oR@IUg
02-04 01:54:46.766   940  3078 I ActivityManager: START u0 {flg=0x10000000 cmp=com.agorareact/.MainActivity} from uid 2000
02-04 01:54:46.806   940  3078 I ActivityManager: Start proc 31201:com.agorareact/u0a195 for activity com.agorareact/.MainActivity
02-04 01:54:49.201   940  3078 D BluetoothManagerService: Trying to bind to profile: 1, while Bluetooth was disabled
02-04 01:54:52.707   940 15623 V MediaRouterService: restoreBluetoothA2dp(false)
02-04 01:54:52.906   940 15623 V MediaRouterService: restoreBluetoothA2dp(false)
02-04 01:54:52.959   940 15620 V MediaRouterService: restoreBluetoothA2dp(false)
02-04 01:55:02.187   940  1839 D NetworkStats: Resolving plan for NetworkTemplate: matchRule=MOBILE_ALL, subscriberId=310410..., matchSubscriberIds=[310410...]
02-04 01:55:02.188   940  1839 D NetworkStats: Found active matching subId 1
02-04 01:55:02.195   940  1839 D NetworkStats: Resolved to plan null
02-04 01:55:09.697   940  1839 D NetworkStats: Resolving plan for NetworkTemplate: matchRule=MOBILE_ALL, subscriberId=310410..., matchSubscriberIds=[310410...]
02-04 01:55:09.698   940  1839 D NetworkStats: Found active matching subId 1
02-04 01:55:09.701   940  1839 D NetworkStats: Resolved to plan null
02-04 01:55:16.762   940  2131 V MediaRouterService: restoreBluetoothA2dp(false)
02-04 01:55:16.816   940   955 V MediaRouterService: restoreBluetoothA2dp(false)
02-04 01:55:17.094   940  1839 D NetworkStats: Resolving plan for NetworkTemplate: matchRule=MOBILE_ALL, subscriberId=310410..., matchSubscriberIds=[310410...]
02-04 01:55:17.094   940  1839 D NetworkStats: Found active matching subId 1
02-04 01:55:17.096   940  1839 D NetworkStats: Resolved to plan null
02-04 01:55:24.189   940  1839 D NetworkStats: Resolving plan for NetworkTemplate: matchRule=MOBILE_ALL, subscriberId=310410..., matchSubscriberIds=[310410...]
02-04 01:55:24.192   940  1839 D NetworkStats: Found active matching subId 1
02-04 01:55:24.196   940  1839 D NetworkStats: Resolved to plan null
02-04 01:55:31.842   940  1839 D NetworkStats: Resolving plan for NetworkTemplate: matchRule=MOBILE_ALL, subscriberId=310410..., matchSubscriberIds=[310410...]
02-04 01:55:31.844   940  1839 D NetworkStats: Found active matching subId 1
02-04 01:55:31.848   940  1839 D NetworkStats: Resolved to plan null
02-04 01:55:39.718   940  1839 D NetworkStats: Resolving plan for NetworkTemplate: matchRule=MOBILE_ALL, subscriberId=310410..., matchSubscriberIds=[310410...]
02-04 01:55:39.719   940  1839 D NetworkStats: Found active matching subId 1
02-04 01:55:39.723   940  1839 D NetworkStats: Resolved to plan null
02-04 01:55:47.289   940  1839 D NetworkStats: Resolving plan for NetworkTemplate: matchRule=MOBILE_ALL, subscriberId=310410..., matchSubscriberIds=[310410...]
02-04 01:55:47.291   940  1839 D NetworkStats: Found active matching subId 1
02-04 01:55:47.294   940  1839 D NetworkStats: Resolved to plan null
02-04 01:55:54.991   940  1839 D NetworkStats: Resolving plan for NetworkTemplate: matchRule=MOBILE_ALL, subscriberId=310410..., matchSubscriberIds=[310410...]
02-04 01:55:54.993   940  1839 D NetworkStats: Found active matching subId 1
02-04 01:55:54.997   940  1839 D NetworkStats: Resolved to plan null
02-04 01:56:02.609   940  1839 D NetworkStats: Resolving plan for NetworkTemplate: matchRule=MOBILE_ALL, subscriberId=310410..., matchSubscriberIds=[310410...]
02-04 01:56:02.610   940  1839 D NetworkStats: Found active matching subId 1
02-04 01:56:02.614   940  1839 D NetworkStats: Resolved to plan null
02-04 01:56:10.260   940  1839 D NetworkStats: Resolving plan for NetworkTemplate: matchRule=MOBILE_ALL, subscriberId=310410..., matchSubscriberIds=[310410...]
02-04 01:56:10.261   940  1839 D NetworkStats: Found active matching subId 1
02-04 01:56:10.265   940  1839 D NetworkStats: Resolved to plan null
02-04 01:56:17.987   940  1839 D NetworkStats: Resolving plan for NetworkTemplate: matchRule=MOBILE_ALL, subscriberId=310410..., matchSubscriberIds=[310410...]
02-04 01:56:17.988   940  1839 D NetworkStats: Found active matching subId 1
02-04 01:56:17.991   940  1839 D NetworkStats: Resolved to plan null
02-04 01:56:25.630   940  1839 D NetworkStats: Resolving plan for NetworkTemplate: matchRule=MOBILE_ALL, subscriberId=310410..., matchSubscriberIds=[310410...]
02-04 01:56:25.631   940  1839 D NetworkStats: Found active matching subId 1
02-04 01:56:25.634   940  1839 D NetworkStats: Resolved to plan null
02-04 01:56:33.305   940  1839 D NetworkStats: Resolving plan for NetworkTemplate: matchRule=MOBILE_ALL, subscriberId=310410..., matchSubscriberIds=[310410...]
02-04 01:56:33.306   940  1839 D NetworkStats: Found active matching subId 1
02-04 01:56:33.309   940  1839 D NetworkStats: Resolved to plan null
02-04 01:56:40.957   940  1839 D NetworkStats: Resolving plan for NetworkTemplate: matchRule=MOBILE_ALL, subscriberId=310410..., matchSubscriberIds=[310410...]
02-04 01:56:40.959   940  1839 D NetworkStats: Found active matching subId 1
02-04 01:56:40.963   940  1839 D NetworkStats: Resolved to plan null
02-04 01:56:48.631   940  1839 D NetworkStats: Resolving plan for NetworkTemplate: matchRule=MOBILE_ALL, subscriberId=310410..., matchSubscriberIds=[310410...]
02-04 01:56:48.633   940  1839 D NetworkStats: Found active matching subId 1
02-04 01:56:48.637   940  1839 D NetworkStats: Resolved to plan null
02-04 01:56:56.263   940  1839 D NetworkStats: Resolving plan for NetworkTemplate: matchRule=MOBILE_ALL, subscriberId=310410..., matchSubscriberIds=[310410...]
02-04 01:56:56.265   940  1839 D NetworkStats: Found active matching subId 1
02-04 01:56:56.273   940  1839 D NetworkStats: Resolved to plan null
02-04 01:57:03.929   940  1839 D NetworkStats: Resolving plan for NetworkTemplate: matchRule=MOBILE_ALL, subscriberId=310410..., matchSubscriberIds=[310410...]
02-04 01:57:03.932   940  1839 D NetworkStats: Found active matching subId 1
02-04 01:57:03.937   940  1839 D NetworkStats: Resolved to plan null
02-04 01:57:11.563   940  1839 D NetworkStats: Resolving plan for NetworkTemplate: matchRule=MOBILE_ALL, subscriberId=310410..., matchSubscriberIds=[310410...]
02-04 01:57:11.565   940  1839 D NetworkStats: Found active matching subId 1
02-04 01:57:11.568   940  1839 D NetworkStats: Resolved to plan null
02-04 01:57:19.243   940  1839 D NetworkStats: Resolving plan for NetworkTemplate: matchRule=MOBILE_ALL, subscriberId=310410..., matchSubscriberIds=[310410...]
02-04 01:57:19.245   940  1839 D NetworkStats: Found active matching subId 1
02-04 01:57:19.249   940  1839 D NetworkStats: Resolved to plan null
02-04 01:57:26.957   940  1839 D NetworkStats: Resolving plan for NetworkTemplate: matchRule=MOBILE_ALL, subscriberId=310410..., matchSubscriberIds=[310410...]
02-04 01:57:26.959   940  1839 D NetworkStats: Found active matching subId 1
02-04 01:57:26.962   940  1839 D NetworkStats: Resolved to plan null
02-04 01:57:34.345   940   940 D TwilightService: onLocationChanged: provider=fused accuracy=19.621 time=1517738254327
02-04 01:57:34.588   940  1839 D NetworkStats: Resolving plan for NetworkTemplate: matchRule=MOBILE_ALL, subscriberId=310410..., matchSubscriberIds=[310410...]
02-04 01:57:34.589   940  1839 D NetworkStats: Found active matching subId 1
02-04 01:57:34.593   940  1839 D NetworkStats: Resolved to plan null
02-04 01:57:42.306   940  1839 D NetworkStats: Resolving plan for NetworkTemplate: matchRule=MOBILE_ALL, subscriberId=310410..., matchSubscriberIds=[310410...]
02-04 01:57:42.307   940  1839 D NetworkStats: Found active matching subId 1
02-04 01:57:42.311   940  1839 D NetworkStats: Resolved to plan null
02-04 01:57:49.923   940  1839 D NetworkStats: Resolving plan for NetworkTemplate: matchRule=MOBILE_ALL, subscriberId=310410..., matchSubscriberIds=[310410...]
02-04 01:57:49.924   940  1839 D NetworkStats: Found active matching subId 1
02-04 01:57:49.928   940  1839 D NetworkStats: Resolved to plan null
02-04 01:57:57.634   940  1839 D NetworkStats: Resolving plan for NetworkTemplate: matchRule=MOBILE_ALL, subscriberId=310410..., matchSubscriberIds=[310410...]
02-04 01:57:57.635   940  1839 D NetworkStats: Found active matching subId 1
02-04 01:57:57.640   940  1839 D NetworkStats: Resolved to plan null
02-04 01:58:05.255   940  1839 D NetworkStats: Resolving plan for NetworkTemplate: matchRule=MOBILE_ALL, subscriberId=310410..., matchSubscriberIds=[310410...]
02-04 01:58:05.256   940  1839 D NetworkStats: Found active matching subId 1
02-04 01:58:05.261   940  1839 D NetworkStats: Resolved to plan null
02-04 01:58:12.948   940  1839 D NetworkStats: Resolving plan for NetworkTemplate: matchRule=MOBILE_ALL, subscriberId=310410..., matchSubscriberIds=[310410...]
02-04 01:58:12.949   940  1839 D NetworkStats: Found active matching subId 1
02-04 01:58:12.952   940  1839 D NetworkStats: Resolved to plan null
02-04 01:58:20.605   940  1839 D NetworkStats: Resolving plan for NetworkTemplate: matchRule=MOBILE_ALL, subscriberId=310410..., matchSubscriberIds=[310410...]
02-04 01:58:20.606   940  1839 D NetworkStats: Found active matching subId 1
02-04 01:58:20.611   940  1839 D NetworkStats: Resolved to plan null
02-04 01:58:28.192   940  1839 D NetworkStats: Resolving plan for NetworkTemplate: matchRule=MOBILE_ALL, subscriberId=310410..., matchSubscriberIds=[310410...]
02-04 01:58:28.194   940  1839 D NetworkStats: Found active matching subId 1
02-04 01:58:28.199   940  1839 D NetworkStats: Resolved to plan null
02-04 01:58:33.425   940  1147 E BatteryExternalStatsWorker: no controller energy info supplied for bluetooth
02-04 01:58:35.931   940  1839 D NetworkStats: Resolving plan for NetworkTemplate: matchRule=MOBILE_ALL, subscriberId=310410..., matchSubscriberIds=[310410...]
02-04 01:58:35.933   940  1839 D NetworkStats: Found active matching subId 1
02-04 01:58:35.938   940  1839 D NetworkStats: Resolved to plan null
02-04 01:58:43.578   940  1839 D NetworkStats: Resolving plan for NetworkTemplate: matchRule=MOBILE_ALL, subscriberId=310410..., matchSubscriberIds=[310410...]
02-04 01:58:43.579   940  1839 D NetworkStats: Found active matching subId 1
02-04 01:58:43.584   940  1839 D NetworkStats: Resolved to plan null
02-04 01:58:51.237   940  1839 D NetworkStats: Resolving plan for NetworkTemplate: matchRule=MOBILE_ALL, subscriberId=310410..., matchSubscriberIds=[310410...]
02-04 01:58:51.239   940  1839 D NetworkStats: Found active matching subId 1
02-04 01:58:51.245   940  1839 D NetworkStats: Resolved to plan null
02-04 01:58:58.872   940  1839 D NetworkStats: Resolving plan for NetworkTemplate: matchRule=MOBILE_ALL, subscriberId=310410..., matchSubscriberIds=[310410...]
02-04 01:58:58.874   940  1839 D NetworkStats: Found active matching subId 1
02-04 01:58:58.879   940  1839 D NetworkStats: Resolved to plan null
02-04 01:59:06.521   940  1839 D NetworkStats: Resolving plan for NetworkTemplate: matchRule=MOBILE_ALL, subscriberId=310410..., matchSubscriberIds=[310410...]
02-04 01:59:06.523   940  1839 D NetworkStats: Found active matching subId 1
02-04 01:59:06.526   940  1839 D NetworkStats: Resolved to plan null
02-04 01:59:14.322   940  1839 D NetworkStats: Resolving plan for NetworkTemplate: matchRule=MOBILE_ALL, subscriberId=310410..., matchSubscriberIds=[310410...]
02-04 01:59:14.324   940  1839 D NetworkStats: Found active matching subId 1
02-04 01:59:14.330   940  1839 D NetworkStats: Resolved to plan null
02-04 01:59:21.957   940  1839 D NetworkStats: Resolving plan for NetworkTemplate: matchRule=MOBILE_ALL, subscriberId=310410..., matchSubscriberIds=[310410...]
02-04 01:59:21.958   940  1839 D NetworkStats: Found active matching subId 1
02-04 01:59:21.962   940  1839 D NetworkStats: Resolved to plan null
02-04 01:59:29.658   940  1839 D NetworkStats: Resolving plan for NetworkTemplate: matchRule=MOBILE_ALL, subscriberId=310410..., matchSubscriberIds=[310410...]
02-04 01:59:29.659   940  1839 D NetworkStats: Found active matching subId 1
02-04 01:59:29.664   940  1839 D NetworkStats: Resolved to plan null
02-04 01:59:37.286   940  1839 D NetworkStats: Resolving plan for NetworkTemplate: matchRule=MOBILE_ALL, subscriberId=310410..., matchSubscriberIds=[310410...]
02-04 01:59:37.286   940  1839 D NetworkStats: Found active matching subId 1
02-04 01:59:37.289   940  1839 D NetworkStats: Resolved to plan null
02-04 01:59:44.966   940  1839 D NetworkStats: Resolving plan for NetworkTemplate: matchRule=MOBILE_ALL, subscriberId=310410..., matchSubscriberIds=[310410...]
02-04 01:59:44.968   940  1839 D NetworkStats: Found active matching subId 1
02-04 01:59:44.973   940  1839 D NetworkStats: Resolved to plan null
02-04 01:59:52.682   940  1839 D NetworkStats: Resolving plan for NetworkTemplate: matchRule=MOBILE_ALL, subscriberId=310410..., matchSubscriberIds=[310410...]
02-04 01:59:52.683   940  1839 D NetworkStats: Found active matching subId 1
02-04 01:59:52.686   940  1839 D NetworkStats: Resolved to plan null
02-04 02:00:00.326   940  1839 D NetworkStats: Resolving plan for NetworkTemplate: matchRule=MOBILE_ALL, subscriberId=310410..., matchSubscriberIds=[310410...]
02-04 02:00:00.327   940  1839 D NetworkStats: Found active matching subId 1
02-04 02:00:00.330   940  1839 D NetworkStats: Resolved to plan null
02-04 02:00:03.500   940   940 I ActivityManager: Start proc 32037:com.google.android.apps.nbu.files/u0a184 for service com.google.android.apps.nbu.files/.spamdetector.SpamService
02-04 02:00:07.913   940  1839 D NetworkStats: Resolving plan for NetworkTemplate: matchRule=MOBILE_ALL, subscriberId=310410..., matchSubscriberIds=[310410...]
02-04 02:00:07.915   940  1839 D NetworkStats: Found active matching subId 1
02-04 02:00:07.919   940  1839 D NetworkStats: Resolved to plan null
02-04 02:00:07.981   940  1129 D ConnectivityService: requestNetwork for uid/pid:1000/940 NetworkRequest [ REQUEST id=621, legacyType=3, [ Transports: CELLULAR Capabilities: SUPL&NOT_RESTRICTED&TRUSTED&NOT_VPN] ]
02-04 02:00:08.002   940  1847 D ConnectivityService: Sending CONNECTED broadcast for type 3 NetworkAgentInfo [MOBILE (LTE) - 104] isDefaultNetwork=false
02-04 02:00:08.032   940  1129 D ConnectivityService: Adding legacy route 0.0.0.0/32 -> 10.239.209.198 rmnet_data0 for UID/PID 1000/940
02-04 02:00:08.033   940  1129 D ConnectivityService: requestRouteToHostAddress ok=true
02-04 02:00:10.653   940  1847 D ConnectivityService: releasing NetworkRequest [ REQUEST id=621, legacyType=3, [ Transports: CELLULAR Capabilities: SUPL&NOT_RESTRICTED&TRUSTED&NOT_VPN] ] (release request)
02-04 02:00:10.668   940  1847 D ConnectivityService: Sending DISCONNECTED broadcast for type 3 NetworkAgentInfo [MOBILE (LTE) - 104] isDefaultNetwork=false
02-04 02:00:15.503   940  1839 D NetworkStats: Resolving plan for NetworkTemplate: matchRule=MOBILE_ALL, subscriberId=310410..., matchSubscriberIds=[310410...]
02-04 02:00:15.505   940  1839 D NetworkStats: Found active matching subId 1
02-04 02:00:15.510   940  1839 D NetworkStats: Resolved to plan null
02-04 02:00:23.225   940  1839 D NetworkStats: Resolving plan for NetworkTemplate: matchRule=MOBILE_ALL, subscriberId=310410..., matchSubscriberIds=[310410...]
02-04 02:00:23.227   940  1839 D NetworkStats: Found active matching subId 1
02-04 02:00:23.232   940  1839 D NetworkStats: Resolved to plan null
02-04 02:00:30.909   940  1839 D NetworkStats: Resolving plan for NetworkTemplate: matchRule=MOBILE_ALL, subscriberId=310410..., matchSubscriberIds=[310410...]
02-04 02:00:30.910   940  1839 D NetworkStats: Found active matching subId 1
02-04 02:00:30.914   940  1839 D NetworkStats: Resolved to plan null
02-04 02:00:38.612   940  1839 D NetworkStats: Resolving plan for NetworkTemplate: matchRule=MOBILE_ALL, subscriberId=310410..., matchSubscriberIds=[310410...]
02-04 02:00:38.614   940  1839 D NetworkStats: Found active matching subId 1
02-04 02:00:38.617   940  1839 D NetworkStats: Resolved to plan null
02-04 02:00:46.261   940  1839 D NetworkStats: Resolving plan for NetworkTemplate: matchRule=MOBILE_ALL, subscriberId=310410..., matchSubscriberIds=[310410...]
02-04 02:00:46.262   940  1839 D NetworkStats: Found active matching subId 1
02-04 02:00:46.265   940  1839 D NetworkStats: Resolved to plan null
02-04 02:00:53.919   940  1839 D NetworkStats: Resolving plan for NetworkTemplate: matchRule=MOBILE_ALL, subscriberId=310410..., matchSubscriberIds=[310410...]
02-04 02:00:53.920   940  1839 D NetworkStats: Found active matching subId 1
02-04 02:00:53.924   940  1839 D NetworkStats: Resolved to plan null
02-04 02:01:01.660   940  1839 D NetworkStats: Resolving plan for NetworkTemplate: matchRule=MOBILE_ALL, subscriberId=310410..., matchSubscriberIds=[310410...]
02-04 02:01:01.661   940  1839 D NetworkStats: Found active matching subId 1
02-04 02:01:01.665   940  1839 D NetworkStats: Resolved to plan null
02-04 02:01:09.352   940  1839 D NetworkStats: Resolving plan for NetworkTemplate: matchRule=MOBILE_ALL, subscriberId=310410..., matchSubscriberIds=[310410...]
02-04 02:01:09.353   940  1839 D NetworkStats: Found active matching subId 1
02-04 02:01:09.358   940  1839 D NetworkStats: Resolved to plan null
02-04 02:01:17.056   940  1839 D NetworkStats: Resolving plan for NetworkTemplate: matchRule=MOBILE_ALL, subscriberId=310410..., matchSubscriberIds=[310410...]
02-04 02:01:17.058   940  1839 D NetworkStats: Found active matching subId 1
02-04 02:01:17.062   940  1839 D NetworkStats: Resolved to plan null
02-04 02:01:24.695   940  1839 D NetworkStats: Resolving plan for NetworkTemplate: matchRule=MOBILE_ALL, subscriberId=310410..., matchSubscriberIds=[310410...]
02-04 02:01:24.697   940  1839 D NetworkStats: Found active matching subId 1
02-04 02:01:24.700   940  1839 D NetworkStats: Resolved to plan null
02-04 02:01:32.358   940  1839 D NetworkStats: Resolving plan for NetworkTemplate: matchRule=MOBILE_ALL, subscriberId=310410..., matchSubscriberIds=[310410...]
02-04 02:01:32.361   940  1839 D NetworkStats: Found active matching subId 1
02-04 02:01:32.365   940  1839 D NetworkStats: Resolved to plan null
02-04 02:01:40.084   940  1839 D NetworkStats: Resolving plan for NetworkTemplate: matchRule=MOBILE_ALL, subscriberId=310410..., matchSubscriberIds=[310410...]
02-04 02:01:40.086   940  1839 D NetworkStats: Found active matching subId 1
02-04 02:01:40.093   940  1839 D NetworkStats: Resolved to plan null
02-04 02:01:47.872   940  1839 D NetworkStats: Resolving plan for NetworkTemplate: matchRule=MOBILE_ALL, subscriberId=310410..., matchSubscriberIds=[310410...]
02-04 02:01:47.874   940  1839 D NetworkStats: Found active matching subId 1
02-04 02:01:47.878   940  1839 D NetworkStats: Resolved to plan null
02-04 02:01:55.313   940  1839 D NetworkStats: Resolving plan for NetworkTemplate: matchRule=MOBILE_ALL, subscriberId=310410..., matchSubscriberIds=[310410...]
02-04 02:01:55.315   940  1839 D NetworkStats: Found active matching subId 1
02-04 02:01:55.318   940  1839 D NetworkStats: Resolved to plan null
02-04 02:02:03.041   940  1839 D NetworkStats: Resolving plan for NetworkTemplate: matchRule=MOBILE_ALL, subscriberId=310410..., matchSubscriberIds=[310410...]
02-04 02:02:03.042   940  1839 D NetworkStats: Found active matching subId 1
02-04 02:02:03.047   940  1839 D NetworkStats: Resolved to plan null
02-04 02:02:08.743   940  1130 I ActivityManager: Force stopping com.ui appid=10194 user=-1: installPackageLI
02-04 02:02:08.744   940  1130 I ActivityManager: Killing 30472:com.ui/u0a194 (adj 700): stop com.ui
02-04 02:02:08.749   940  1130 I ActivityManager:   Force finishing activity ActivityRecord{dc04229 u0 com.ui/.MainActivity t371}
02-04 02:02:08.773   940  1157 W ActivityManager: setHasOverlayUi called on unknown pid: 30472
02-04 02:02:08.815   940  1169 I PackageManager: Package com.ui codePath changed from /data/app/com.ui-ojtZU7ZxuiA3BPUkcBpq0g== to /data/app/com.ui-fmRjAgexOTkAxmG3Oh71Zg==; Retaining data and using new
02-04 02:02:08.816   940  1169 W PackageManager: Code path for com.ui changing from /data/app/com.ui-ojtZU7ZxuiA3BPUkcBpq0g== to /data/app/com.ui-fmRjAgexOTkAxmG3Oh71Zg==
02-04 02:02:08.816   940  1169 W PackageManager: Resource path for com.ui changing from /data/app/com.ui-ojtZU7ZxuiA3BPUkcBpq0g== to /data/app/com.ui-fmRjAgexOTkAxmG3Oh71Zg==
02-04 02:02:09.085   940  1169 I ActivityManager: Force stopping com.ui appid=10194 user=0: pkg removed
02-04 02:02:09.100   940  1130 W BroadcastQueue: Background execution not allowed: receiving Intent { act=android.intent.action.PACKAGE_REMOVED dat=package:com.ui flg=0x4000010 (has extras) } to com.android.musicfx/.Compatibility$Receiver
02-04 02:02:09.174   940 23934 W BroadcastQueue: Background execution not allowed: receiving Intent { act=android.intent.action.PACKAGE_REMOVED dat=package:com.ui flg=0x4000010 (has extras) } to com.google.android.googlequicksearchbox/com.google.android.apps.gsa.googlequicksearchbox.GelStubAppWatcher
02-04 02:02:09.176   940  3078 W BroadcastQueue: Background execution not allowed: receiving Intent { act=android.intent.action.PACKAGE_ADDED dat=package:com.ui flg=0x4000010 (has extras) } to com.android.musicfx/.Compatibility$Receiver
02-04 02:02:09.208   940  3078 W BroadcastQueue: Background execution not allowed: receiving Intent { act=android.intent.action.PACKAGE_ADDED dat=package:com.ui flg=0x4000010 (has extras) } to com.google.android.googlequicksearchbox/com.google.android.apps.gsa.googlequicksearchbox.GelStubAppWatcher
02-04 02:02:09.214   940 23934 W BroadcastQueue: Background execution not allowed: receiving Intent { act=android.intent.action.PACKAGE_REPLACED dat=package:com.ui flg=0x4000010 (has extras) } to com.android.musicfx/.Compatibility$Receiver
02-04 02:02:09.215   940  1130 W BroadcastQueue: Background execution not allowed: receiving Intent { act=android.intent.action.PACKAGE_REPLACED dat=package:com.ui flg=0x4000010 (has extras) } to com.google.android.apps.photos/.account.full.FetchAccountPropertiesAppUpgradeBroadcastReceiver
02-04 02:02:09.215   940  1130 W BroadcastQueue: Background execution not allowed: receiving Intent { act=android.intent.action.PACKAGE_REPLACED dat=package:com.ui flg=0x4000010 (has extras) } to com.google.android.apps.photos/.backgroundsignin.BackgroundSignInBroadcastReceiver
02-04 02:02:09.215   940  1130 W BroadcastQueue: Background execution not allowed: receiving Intent { act=android.intent.action.PACKAGE_REPLACED dat=package:com.ui flg=0x4000010 (has extras) } to com.google.android.apps.photos/.experiments.phenotype.full.PhenotypeAppUpgradeBroadcastReceiver
02-04 02:02:09.215   940  1130 W BroadcastQueue: Background execution not allowed: receiving Intent { act=android.intent.action.PACKAGE_REPLACED dat=package:com.ui flg=0x4000010 (has extras) } to com.google.android.apps.photos/.notificationchannels.AppUpdateBroadcastReceiver
02-04 02:02:09.238   940 15619 W BroadcastQueue: Background execution not allowed: receiving Intent { act=android.intent.action.PACKAGE_REPLACED dat=package:com.ui flg=0x4000010 (has extras) } to com.google.android.googlequicksearchbox/com.google.android.apps.gsa.googlequicksearchbox.GelStubAppWatcher
02-04 02:02:09.265   940   940 I Telecom : DefaultDialerCache: Refreshing default dialer for user 0: now com.google.android.dialer: DDC.oR@IVE
02-04 02:02:09.770   940 23935 I ActivityManager: START u0 {flg=0x10000000 cmp=com.ui/.MainActivity} from uid 2000
02-04 02:02:09.813   940 23935 I ActivityManager: Start proc 32461:com.ui/u0a194 for activity com.ui/.MainActivity
02-04 02:02:10.391   940  1839 D NetworkStats: Resolving plan for NetworkTemplate: matchRule=MOBILE_ALL, subscriberId=310410..., matchSubscriberIds=[310410...]
02-04 02:02:10.394   940  1839 D NetworkStats: Found active matching subId 1
02-04 02:02:10.396   940  1839 D NetworkStats: Resolved to plan null
02-04 02:02:17.904   940  1839 D NetworkStats: Resolving plan for NetworkTemplate: matchRule=MOBILE_ALL, subscriberId=310410..., matchSubscriberIds=[310410...]
02-04 02:02:17.905   940  1839 D NetworkStats: Found active matching subId 1
02-04 02:02:17.909   940  1839 D NetworkStats: Resolved to plan null
02-04 02:02:24.399 32461 32461 W ViewRootImpl[MainActivity]: Dropping event due to root view being removed: MotionEvent { action=ACTION_UP, actionButton=0, id[0]=0, x[0]=-26.007633, y[0]=1578.2327, toolType[0]=TOOL_TYPE_FINGER, buttonState=0, metaState=0, flags=0x0, edgeFlags=0x0, pointerCount=1, historySize=0, eventTime=110031759, downTime=110031750, deviceId=5, source=0x1002 }
02-04 02:02:30.442   940  1839 D NetworkStats: Resolving plan for NetworkTemplate: matchRule=MOBILE_ALL, subscriberId=310410..., matchSubscriberIds=[310410...]
02-04 02:02:30.444   940  1839 D NetworkStats: Found active matching subId 1
02-04 02:02:30.448   940  1839 D NetworkStats: Resolved to plan null
02-04 02:02:35.911   940  1951 V MediaRouterService: restoreBluetoothA2dp(false)
02-04 02:02:37.472   940  1839 D NetworkStats: Resolving plan for NetworkTemplate: matchRule=MOBILE_ALL, subscriberId=310410..., matchSubscriberIds=[310410...]
02-04 02:02:37.473   940  1839 D NetworkStats: Found active matching subId 1
02-04 02:02:37.476   940  1839 D NetworkStats: Resolved to plan null
02-04 02:02:40.010   940 23937 W ActivityManager: Unable to start service Intent { cmp=com.bumble.app/com.badoo.mobile.k.b (has extras) } U=0: not found
02-04 02:02:40.032   940  1951 W ActivityManager: Unable to start service Intent { cmp=com.bumble.app/com.badoo.mobile.k.b (has extras) } U=0: not found
02-04 02:02:45.173   940  1839 D NetworkStats: Resolving plan for NetworkTemplate: matchRule=MOBILE_ALL, subscriberId=310410..., matchSubscriberIds=[310410...]
02-04 02:02:45.175   940  1839 D NetworkStats: Found active matching subId 1
02-04 02:02:45.179   940  1839 D NetworkStats: Resolved to plan null
02-04 02:02:52.798   940  1839 D NetworkStats: Resolving plan for NetworkTemplate: matchRule=MOBILE_ALL, subscriberId=310410..., matchSubscriberIds=[310410...]
02-04 02:02:52.799   940  1839 D NetworkStats: Found active matching subId 1
02-04 02:02:52.804   940  1839 D NetworkStats: Resolved to plan null
02-04 02:03:00.424   940  1839 D NetworkStats: Resolving plan for NetworkTemplate: matchRule=MOBILE_ALL, subscriberId=310410..., matchSubscriberIds=[310410...]
02-04 02:03:00.426   940  1839 D NetworkStats: Found active matching subId 1
02-04 02:03:00.432   940  1839 D NetworkStats: Resolved to plan null
02-04 02:03:08.088   940  1839 D NetworkStats: Resolving plan for NetworkTemplate: matchRule=MOBILE_ALL, subscriberId=310410..., matchSubscriberIds=[310410...]
02-04 02:03:08.090   940  1839 D NetworkStats: Found active matching subId 1
02-04 02:03:08.094   940  1839 D NetworkStats: Resolved to plan null
02-04 02:03:15.838   940  1839 D NetworkStats: Resolving plan for NetworkTemplate: matchRule=MOBILE_ALL, subscriberId=310410..., matchSubscriberIds=[310410...]
02-04 02:03:15.840   940  1839 D NetworkStats: Found active matching subId 1
02-04 02:03:15.844   940  1839 D NetworkStats: Resolved to plan null
02-04 02:03:23.419   940  1839 D NetworkStats: Resolving plan for NetworkTemplate: matchRule=MOBILE_ALL, subscriberId=310410..., matchSubscriberIds=[310410...]
02-04 02:03:23.420   940  1839 D NetworkStats: Found active matching subId 1
02-04 02:03:23.425   940  1839 D NetworkStats: Resolved to plan null
02-04 02:03:31.069   940  1839 D NetworkStats: Resolving plan for NetworkTemplate: matchRule=MOBILE_ALL, subscriberId=310410..., matchSubscriberIds=[310410...]
02-04 02:03:31.071   940  1839 D NetworkStats: Found active matching subId 1
02-04 02:03:31.077   940  1839 D NetworkStats: Resolved to plan null
02-04 02:03:38.814   940  1839 D NetworkStats: Resolving plan for NetworkTemplate: matchRule=MOBILE_ALL, subscriberId=310410..., matchSubscriberIds=[310410...]
02-04 02:03:38.816   940  1839 D NetworkStats: Found active matching subId 1
02-04 02:03:38.820   940  1839 D NetworkStats: Resolved to plan null
02-04 02:03:46.725   940  1839 D NetworkStats: Resolving plan for NetworkTemplate: matchRule=MOBILE_ALL, subscriberId=310410..., matchSubscriberIds=[310410...]
02-04 02:03:46.726   940  1839 D NetworkStats: Found active matching subId 1
02-04 02:03:46.728   940  1839 D NetworkStats: Resolved to plan null
02-04 02:03:54.353   940  1839 D NetworkStats: Resolving plan for NetworkTemplate: matchRule=MOBILE_ALL, subscriberId=310410..., matchSubscriberIds=[310410...]
02-04 02:03:54.354   940  1839 D NetworkStats: Found active matching subId 1
02-04 02:03:54.358   940  1839 D NetworkStats: Resolved to plan null
02-04 02:04:01.794   940  1839 D NetworkStats: Resolving plan for NetworkTemplate: matchRule=MOBILE_ALL, subscriberId=310410..., matchSubscriberIds=[310410...]
02-04 02:04:01.797   940  1839 D NetworkStats: Found active matching subId 1
02-04 02:04:01.801   940  1839 D NetworkStats: Resolved to plan null
02-04 02:04:09.251   940  1839 D NetworkStats: Resolving plan for NetworkTemplate: matchRule=MOBILE_ALL, subscriberId=310410..., matchSubscriberIds=[310410...]
02-04 02:04:09.260   940  1839 D NetworkStats: Found active matching subId 1
02-04 02:04:09.265   940  1839 D NetworkStats: Resolved to plan null
02-04 02:04:16.935   940  1839 D NetworkStats: Resolving plan for NetworkTemplate: matchRule=MOBILE_ALL, subscriberId=310410..., matchSubscriberIds=[310410...]
02-04 02:04:16.936   940  1839 D NetworkStats: Found active matching subId 1
02-04 02:04:16.942   940  1839 D NetworkStats: Resolved to plan null
02-04 02:04:24.593   940  1839 D NetworkStats: Resolving plan for NetworkTemplate: matchRule=MOBILE_ALL, subscriberId=310410..., matchSubscriberIds=[310410...]
02-04 02:04:24.595   940  1839 D NetworkStats: Found active matching subId 1
02-04 02:04:24.600   940  1839 D NetworkStats: Resolved to plan null
02-04 02:04:32.207   940  1839 D NetworkStats: Resolving plan for NetworkTemplate: matchRule=MOBILE_ALL, subscriberId=310410..., matchSubscriberIds=[310410...]
02-04 02:04:32.208   940  1839 D NetworkStats: Found active matching subId 1
02-04 02:04:32.213   940  1839 D NetworkStats: Resolved to plan null
02-04 02:04:39.841   940  1839 D NetworkStats: Resolving plan for NetworkTemplate: matchRule=MOBILE_ALL, subscriberId=310410..., matchSubscriberIds=[310410...]
02-04 02:04:39.843   940  1839 D NetworkStats: Found active matching subId 1
